Microchip MPLAB XC8 Compiler V1.38 ()

Linker command line:

-W6 --edf=C:\Program Files (x86)\Microchip\xc8\v1.38\dat\en_msgs.txt -cs \
  -h+dist/miwikit_pic18f46j50_24j40_SleepRFD/production\miwi_mesh.X.production.sym \
  --cmf=dist/miwikit_pic18f46j50_24j40_SleepRFD/production\miwi_mesh.X.production.cmf \
  -z -Q18F46J50 -oC:\Users\c17143\AppData\Local\Temp\sfng.2 \
  -Mdist/miwikit_pic18f46j50_24j40_SleepRFD/production/miwi_mesh.X.production.map \
  -E1 -ver=XC8 -ASTACK=0754h-07ffh -pstack=STACK -ACODE=00h-0FFF7h \
  -ACONST=00h-0FFF7h -ASMALLCONST=0F00h-0FFFhx240,0FF00h-0FFF7h \
  -AMEDIUMCONST=0F00h-0FFF7h -ACOMRAM=01h-05Fh -AABS1=00h-0EBFh \
  -ABIGRAM=01h-0EBFh -ARAM=060h-0FFh,0100h-01FFhx13,0E00h-0EBFh \
  -ABANK0=060h-0FFh -ABANK1=0100h-01FFh -ABANK2=0200h-02FFh \
  -ABANK3=0300h-03FFh -ABANK4=0400h-04FFh -ABANK5=0500h-05FFh \
  -ABANK6=0600h-06FFh -ABANK7=0700h-07FFh -ABANK8=0800h-08FFh \
  -ABANK9=0900h-09FFh -ABANK10=0A00h-0AFFh -ABANK11=0B00h-0BFFh \
  -ABANK12=0C00h-0CFFh -ABANK13=0D00h-0DFFh -ABANK14=0E00h-0EBFh \
  -ASFR=0EC0h-0EFFh,0F00h-0F5Fh,0F60h-0FFFh \
  -preset_vec=00h,intcode=08h,intcodelo,powerup,init,end_init \
  -pramtop=0F00h -psmallconst=SMALLCONST -pmediumconst=MEDIUMCONST \
  -pconst=CONST -AFARRAM=00h-00h -ACONFIG=0FFF8h-0FFFFh -pconfig=CONFIG \
  -pjflash_buffer=0F800h \
  -prdata=COMRAM,nvrram=COMRAM,nvbit=COMRAM,rbss=COMRAM,rbit=COMRAM \
  -pfarbss=FARRAM,fardata=FARRAM,nvFARRAM=FARRAM \
  -pintsave_regs=BIGRAM,bigbss=BIGRAM,bigdata=BIGRAM -pbss=RAM \
  -pidata=CODE,irdata=CODE,ibigdata=CODE,ifardata=CODE -prparam=COMRAM \
  C:\Users\c17143\AppData\Local\Temp\sfng.obj \
  dist/miwikit_pic18f46j50_24j40_SleepRFD/production\miwi_mesh.X.production.obj 

Object code version is 3.11

Machine type is 18F46J50

Call graph: (short form)




                Name                               Link     Load   Length Selector   Space Scale
C:\Users\c17143\AppData\Local\Temp\sfng.obj
                end_init                            47C      47C        4        4       0
                reset_vec                             0        0        4        0       0
                config                             FFF8     FFF8        8     FFF8       0
dist/miwikit_pic18f46j50_24j40_SleepRFD/production\miwi_mesh.X.production.obj
                intcode                               8        8      474        4       0
                temp                                 5E       5E        1        1       1
                mediumconst                        FB7E     FB7E      47A     7DBF       0
                text175                            7B76     7B76       16        4       0
                text174                            7C58     7C58        A        4       0
                text173                            7272     7272       50        4       0
                text172                            78EC     78EC       2A        4       0
                text171                            7222     7222       50        4       0
                text170                            7916     7916       28        4       0
                text169                            7CB4     7CB4        4     3E36       0
                text168                            7178     7178       56        4       0
                text167                            79AE     79AE       22        4       0
                text165                            746E     746E       44        4       0
                text164                            7716     7716       36        4       0
                text163                            6D8C     6D8C       62        4       0
                text162                            6436     6436       90        4       0
                text161                            7B60     7B60       16        4       0
                text160                            7896     7896       2C        4       0
                text159                            63A0     63A0       96        4       0
                text158                            7AC4     7AC4       18        4       0
                text157                            7B4A     7B4A       16        4       0
                text156                            5552     5552      124        4       0
                text155                            7B34     7B34       16        4       0
                text154                            5E7A     5E7A       B6        4       0
                text153                            1D24     1D24      34A        4       0
                text152                            7A7A     7A7A       1A        4       0
                text151                            7868     7868       2E        4       0
                text150                            75F4     75F4       3E        4       0
                text149                            7122     7122       56        4       0
                text148                            7CB0     7CB0        4     3E36       0
                text147                            7CAC     7CAC        4     3E36       0
                text146                            6FC4     6FC4       5C        4       0
                text145                            6BFA     6BFA       68        4       0
                text144                            70CC     70CC       56        4       0
                text143                            742A     742A       44        4       0
                text142                            7C06     7C06        C        4       0
                text141                            7CA8     7CA8        4     3E36       0
                text140                            7CA4     7CA4        4     3E36       0
                text139                            7CA0     7CA0        4     3E36       0
                text138                            7C9C     7C9C        4     3E36       0
                text137                            76E0     76E0       36        4       0
                text136                            6D2A     6D2A       62        4       0
                text135                            44EC     44EC      18C        4       0
                text134                            68DE     68DE       78        4       0
                text133                            7B1E     7B1E       16        4       0
                text132                            7A0C     7A0C       1E        4       0
                text131                            78C2     78C2       2A        4       0
                text130                            7AAC     7AAC       18        4       0
                text129                            7A94     7A94       18        4       0
                text128                            7A60     7A60       1A        4       0
                text127                            7BFA     7BFA        C        4       0
                text126                            783A     783A       2E        4       0
                text125                            7B08     7B08       16        4       0
                text124                            7AF2     7AF2       16        4       0
                text123                            577C     577C      106        4       0
                text122                            6084     6084       A4        4       0
                text121                            7BB4     7BB4       14        4       0
                text120                            7A2A     7A2A       1C        4       0
                text119                            7076     7076       56        4       0
                text118                            7536     7536       42        4       0
                text117                            7ADC     7ADC       16        4       0
                text116                            74F4     74F4       42        4       0
                text115                            7C98     7C98        4     3E36       0
                text114                            7C94     7C94        4     3E36       0
                text113                            7C4E     7C4E        A        4       0
                text112                            7020     7020       56        4       0
                text111                            77AE     77AE       30        4       0
                text110                            3FFE     3FFE      1A8        4       0
                text109                            766E     766E       3C        4       0
                text108                            5CFE     5CFE       C2        4       0
                text107                            66E6     66E6       84        4       0
                text106                            7C44     7C44        A        4       0
                text105                            6B92     6B92       68        4       0
                text104                            780C     780C       2E        4       0
                text103                            7C3A     7C3A        A        4       0
                text102                            7BEE     7BEE        C        4       0
                text101                            7C7A     7C7A        6     3E36       0
                text100                            5A62     5A62       E4        4       0
                text99                             7BE2     7BE2        C        4       0
                text98                             7C74     7C74        6     3E36       0
                text97                             71CE     71CE       54        4       0
                text96                             798A     798A       24        4       0
                text95                             67EA     67EA       7C        4       0
                text94                             5DC0     5DC0       BA        4       0
                text93                             7C90     7C90        4     3E36       0
                text92                             1182     1182      408        4       0
                text91                             6268     6268       9E        4       0
                text90                             6F68     6F68       5C        4       0
                text89                             6306     6306       9A        4       0
                text88                             7C8C     7C8C        4     3E36       0
                text87                             7C88     7C88        4     3E36       0
                text86                             7C6C     7C6C        8     3E36       0
                text85                             3C88     3C88      1C8        4       0
                text84                             7A46     7A46       1A        4       0
                text83                              C3C      C3C      546        4       0
                text82                             676A     676A       80        4       0
                text81                             76AA     76AA       36        4       0
                text80                             730E     730E       4A        4       0
                text79                             75B6     75B6       3E        4       0
                text78                             4802     4802      182        4       0
                text77                             6CC6     6CC6       64        4       0
                text76                             69CC     69CC       76        4       0
                text75                             6F0A     6F0A       5E        4       0
                text74                             3694     3694      23A        4       0
                text73                             5B46     5B46       E2        4       0
                text72                             38CE     38CE      1F0        4       0
                text71                             7CBE     7CBE        2     3E36       0
                text70                             7C30     7C30        A        4       0
                text69                             7C84     7C84        4     3E36       0
                text68                             6EAC     6EAC       5E        4       0
                text67                             73E4     73E4       46        4       0
                text66                             739E     739E       46        4       0
                text65                             7CBC     7CBC        2     3E36       0
                text64                             7CBA     7CBA        2     3E36       0
                text63                             7BC8     7BC8        E        4       0
                text62                             206E     206E      32A        4       0
                text61                             7358     7358       46        4       0
                text60                             158A     158A      3F6        4       0
                text59                             2398     2398      324        4       0
                text58                             774C     774C       32        4       0
                text57                             777E     777E       30        4       0
                text56                             7BD6     7BD6        C        4       0
                text55                             7C26     7C26        A        4       0
                text54                             6662     6662       84        4       0
                text53                             5972     5972       F0        4       0
                text52                             72C2     72C2       4C        4       0
                text51                             3ABE     3ABE      1CA        4       0
                text50                             51CA     51CA      13E        4       0
                text49                             65DE     65DE       84        4       0
                text48                             6956     6956       76        4       0
                text47                             6866     6866       78        4       0
                text46                             7578     7578       3E        4       0
                text45                             6DEE     6DEE       60        4       0
                text44                             29C8     29C8      2BC        4       0
                text43                             4DDA     4DDA      160        4       0
                text42                             4C6C     4C6C      16E        4       0
                text41                             434A     434A      1A2        4       0
                text40                             7C1C     7C1C        A        4       0
                text39                             41A6     41A6      1A4        4       0
                text38                             6E4E     6E4E       5E        4       0
                text37                             6554     6554       8A        4       0
                text36                             4678     4678      18A        4       0
                text35                             7BA0     7BA0       14        4       0
                text34                             7632     7632       3C        4       0
                text33                             5882     5882       F0        4       0
                text32                             64C6     64C6       8E        4       0
                text31                             6A42     6A42       74        4       0
                text30                             4F3A     4F3A      14A        4       0
                text29                             4AFC     4AFC      170        4       0
                text28                             61CA     61CA       9E        4       0
                text27                             26BC     26BC      30C        4       0
                text26                             6C62     6C62       64        4       0
                text25                             2F2A     2F2A      28E        4       0
                text24                             6AB6     6AB6       70        4       0
                text23                             5F30     5F30       AE        4       0
                text22                             7CB8     7CB8        2     3E36       0
                text21                             5084     5084      146        4       0
                text20                             4984     4984      178        4       0
                text19                             3426     3426      26E        4       0
                text18                             5FDE     5FDE       A6        4       0
                text17                             31B8     31B8      26E        4       0
                text16                             7C80     7C80        4     3E36       0
                text15                              480      480      7BC        4       0
                text14                             5676     5676      106        4       0
                text13                             6B26     6B26       6C        4       0
                text12                             542E     542E      124        4       0
                text11                             5308     5308      126        4       0
                text10                             7B8C     7B8C       14        4       0
                text9                              3E50     3E50      1AE        4       0
                text8                              74B2     74B2       42        4       0
                text7                              7C12     7C12        A        4       0
                text6                              77DE     77DE       2E        4       0
                text5                              6128     6128       A2        4       0
                text4                              7964     7964       26        4       0
                text3                              793E     793E       26        4       0
                text2                              79EE     79EE       1E        4       0
                text1                              2C84     2C84      2A6        4       0
                text0                              1980     1980      3A4        4       0
                cstackCOMRAM                          1        1       35        1       1
                cstackBANK0                          60       60       9E       60       1
                cstackBANK1                         100      100       D9      100       1
                cstackBANK3                         3DA      3DA       22      300       1
                bssBIGRAM                           8D2      8D2      5CC      8D2       1
                bssBANK8                            800      800       D2      800       1
                bssBANK7                            700      700       54      700       1
                bssBANK6                            600      600       F0      600       1
                bssBANK5                            500      500       D8      500       1
                bssBANK4                            400      400      100      400       1
                bssBANK3                            300      300       DA      300       1
                dataBANK2                           2DD      2DD       1E      200       1
                bssBANK2                            200      200       DD      200       1
                bssBANK1                            1D9      1D9        C      100       1
                dataCOMRAM                           55       55        9        1       1
                bssCOMRAM                            36       36       1F        1       1
                cinit                              5C28     5C28       D6        4       0
                nvBANK1                             1E5      1E5        1      100       1
                idataBANK2                         79D0     79D0       1E        4       0
                idataCOMRAM                        7C62     7C62        9        4       0

TOTAL           Name                               Link     Load   Length     Space
        CLASS   STACK          

        CLASS   CODE           
                end_init                            47C      47C        4         0
                intcode                               8        8      474         0
                reset_vec                             0        0        4         0
                text175                            7B76     7B76       16         0
                text174                            7C58     7C58        A         0
                text173                            7272     7272       50         0
                text172                            78EC     78EC       2A         0
                text171                            7222     7222       50         0
                text170                            7916     7916       28         0
                text169                            7CB4     7CB4        4         0
                text168                            7178     7178       56         0
                text167                            79AE     79AE       22         0
                text165                            746E     746E       44         0
                text164                            7716     7716       36         0
                text163                            6D8C     6D8C       62         0
                text162                            6436     6436       90         0
                text161                            7B60     7B60       16         0
                text160                            7896     7896       2C         0
                text159                            63A0     63A0       96         0
                text158                            7AC4     7AC4       18         0
                text157                            7B4A     7B4A       16         0
                text156                            5552     5552      124         0
                text155                            7B34     7B34       16         0
                text154                            5E7A     5E7A       B6         0
                text153                            1D24     1D24      34A         0
                text152                            7A7A     7A7A       1A         0
                text151                            7868     7868       2E         0
                text150                            75F4     75F4       3E         0
                text149                            7122     7122       56         0
                text148                            7CB0     7CB0        4         0
                text147                            7CAC     7CAC        4         0
                text146                            6FC4     6FC4       5C         0
                text145                            6BFA     6BFA       68         0
                text144                            70CC     70CC       56         0
                text143                            742A     742A       44         0
                text142                            7C06     7C06        C         0
                text141                            7CA8     7CA8        4         0
                text140                            7CA4     7CA4        4         0
                text139                            7CA0     7CA0        4         0
                text138                            7C9C     7C9C        4         0
                text137                            76E0     76E0       36         0
                text136                            6D2A     6D2A       62         0
                text135                            44EC     44EC      18C         0
                text134                            68DE     68DE       78         0
                text133                            7B1E     7B1E       16         0
                text132                            7A0C     7A0C       1E         0
                text131                            78C2     78C2       2A         0
                text130                            7AAC     7AAC       18         0
                text129                            7A94     7A94       18         0
                text128                            7A60     7A60       1A         0
                text127                            7BFA     7BFA        C         0
                text126                            783A     783A       2E         0
                text125                            7B08     7B08       16         0
                text124                            7AF2     7AF2       16         0
                text123                            577C     577C      106         0
                text122                            6084     6084       A4         0
                text121                            7BB4     7BB4       14         0
                text120                            7A2A     7A2A       1C         0
                text119                            7076     7076       56         0
                text118                            7536     7536       42         0
                text117                            7ADC     7ADC       16         0
                text116                            74F4     74F4       42         0
                text115                            7C98     7C98        4         0
                text114                            7C94     7C94        4         0
                text113                            7C4E     7C4E        A         0
                text112                            7020     7020       56         0
                text111                            77AE     77AE       30         0
                text110                            3FFE     3FFE      1A8         0
                text109                            766E     766E       3C         0
                text108                            5CFE     5CFE       C2         0
                text107                            66E6     66E6       84         0
                text106                            7C44     7C44        A         0
                text105                            6B92     6B92       68         0
                text104                            780C     780C       2E         0
                text103                            7C3A     7C3A        A         0
                text102                            7BEE     7BEE        C         0
                text101                            7C7A     7C7A        6         0
                text100                            5A62     5A62       E4         0
                text99                             7BE2     7BE2        C         0
                text98                             7C74     7C74        6         0
                text97                             71CE     71CE       54         0
                text96                             798A     798A       24         0
                text95                             67EA     67EA       7C         0
                text94                             5DC0     5DC0       BA         0
                text93                             7C90     7C90        4         0
                text92                             1182     1182      408         0
                text91                             6268     6268       9E         0
                text90                             6F68     6F68       5C         0
                text89                             6306     6306       9A         0
                text88                             7C8C     7C8C        4         0
                text87                             7C88     7C88        4         0
                text86                             7C6C     7C6C        8         0
                text85                             3C88     3C88      1C8         0
                text84                             7A46     7A46       1A         0
                text83                              C3C      C3C      546         0
                text82                             676A     676A       80         0
                text81                             76AA     76AA       36         0
                text80                             730E     730E       4A         0
                text79                             75B6     75B6       3E         0
                text78                             4802     4802      182         0
                text77                             6CC6     6CC6       64         0
                text76                             69CC     69CC       76         0
                text75                             6F0A     6F0A       5E         0
                text74                             3694     3694      23A         0
                text73                             5B46     5B46       E2         0
                text72                             38CE     38CE      1F0         0
                text71                             7CBE     7CBE        2         0
                text70                             7C30     7C30        A         0
                text69                             7C84     7C84        4         0
                text68                             6EAC     6EAC       5E         0
                text67                             73E4     73E4       46         0
                text66                             739E     739E       46         0
                text65                             7CBC     7CBC        2         0
                text64                             7CBA     7CBA        2         0
                text63                             7BC8     7BC8        E         0
                text62                             206E     206E      32A         0
                text61                             7358     7358       46         0
                text60                             158A     158A      3F6         0
                text59                             2398     2398      324         0
                text58                             774C     774C       32         0
                text57                             777E     777E       30         0
                text56                             7BD6     7BD6        C         0
                text55                             7C26     7C26        A         0
                text54                             6662     6662       84         0
                text53                             5972     5972       F0         0
                text52                             72C2     72C2       4C         0
                text51                             3ABE     3ABE      1CA         0
                text50                             51CA     51CA      13E         0
                text49                             65DE     65DE       84         0
                text48                             6956     6956       76         0
                text47                             6866     6866       78         0
                text46                             7578     7578       3E         0
                text45                             6DEE     6DEE       60         0
                text44                             29C8     29C8      2BC         0
                text43                             4DDA     4DDA      160         0
                text42                             4C6C     4C6C      16E         0
                text41                             434A     434A      1A2         0
                text40                             7C1C     7C1C        A         0
                text39                             41A6     41A6      1A4         0
                text38                             6E4E     6E4E       5E         0
                text37                             6554     6554       8A         0
                text36                             4678     4678      18A         0
                text35                             7BA0     7BA0       14         0
                text34                             7632     7632       3C         0
                text33                             5882     5882       F0         0
                text32                             64C6     64C6       8E         0
                text31                             6A42     6A42       74         0
                text30                             4F3A     4F3A      14A         0
                text29                             4AFC     4AFC      170         0
                text28                             61CA     61CA       9E         0
                text27                             26BC     26BC      30C         0
                text26                             6C62     6C62       64         0
                text25                             2F2A     2F2A      28E         0
                text24                             6AB6     6AB6       70         0
                text23                             5F30     5F30       AE         0
                text22                             7CB8     7CB8        2         0
                text21                             5084     5084      146         0
                text20                             4984     4984      178         0
                text19                             3426     3426      26E         0
                text18                             5FDE     5FDE       A6         0
                text17                             31B8     31B8      26E         0
                text16                             7C80     7C80        4         0
                text15                              480      480      7BC         0
                text14                             5676     5676      106         0
                text13                             6B26     6B26       6C         0
                text12                             542E     542E      124         0
                text11                             5308     5308      126         0
                text10                             7B8C     7B8C       14         0
                text9                              3E50     3E50      1AE         0
                text8                              74B2     74B2       42         0
                text7                              7C12     7C12        A         0
                text6                              77DE     77DE       2E         0
                text5                              6128     6128       A2         0
                text4                              7964     7964       26         0
                text3                              793E     793E       26         0
                text2                              79EE     79EE       1E         0
                text1                              2C84     2C84      2A6         0
                text0                              1980     1980      3A4         0
                cinit                              5C28     5C28       D6         0
                idataBANK2                         79D0     79D0       1E         0
                idataCOMRAM                        7C62     7C62        9         0

        CLASS   CONST          

        CLASS   SMALLCONST     

        CLASS   MEDIUMCONST    
                mediumconst                        FB7E     FB7E      47A         0

        CLASS   COMRAM         
                temp                                 5E       5E        1         1
                cstackCOMRAM                          1        1       35         1
                dataCOMRAM                           55       55        9         1
                bssCOMRAM                            36       36       1F         1

        CLASS   ABS1           

        CLASS   BIGRAM         
                bssBIGRAM                           8D2      8D2      5CC         1

        CLASS   RAM            

        CLASS   BANK0          
                cstackBANK0                          60       60       9E         1

        CLASS   BANK1          
                cstackBANK1                         100      100       D9         1
                bssBANK1                            1D9      1D9        C         1
                nvBANK1                             1E5      1E5        1         1

        CLASS   BANK2          
                dataBANK2                           2DD      2DD       1E         1
                bssBANK2                            200      200       DD         1

        CLASS   BANK3          
                cstackBANK3                         3DA      3DA       22         1
                bssBANK3                            300      300       DA         1

        CLASS   BANK4          
                bssBANK4                            400      400      100         1

        CLASS   BANK5          
                bssBANK5                            500      500       D8         1

        CLASS   BANK6          
                bssBANK6                            600      600       F0         1

        CLASS   BANK7          
                bssBANK7                            700      700       54         1

        CLASS   BANK8          
                bssBANK8                            800      800       D2         1

        CLASS   BANK9          

        CLASS   BANK10         

        CLASS   BANK11         

        CLASS   BANK12         

        CLASS   BANK13         

        CLASS   BANK14         

        CLASS   SFR            

        CLASS   FARRAM         

        CLASS   CONFIG         
                config                             FFF8     FFF8        8         0

        CLASS   IDLOC          



SEGMENTS        Name                           Load    Length   Top    Selector   Space  Class

                reset_vec                      000000  000004  000004         0       0  CODE    
                cstackCOMRAM                   000001  00005E  00005F         1       1  COMRAM  
                intcode                        000008  007C63  007C6B         4       0  CODE    
                cstackBANK0                    000060  00009E  0000FE        60       1  BANK0   
                cstackBANK1                    000100  0000E6  0001E6       100       1  BANK1   
                bssBANK2                       000200  0000FB  0002FB       200       1  BANK2   
                bssBANK3                       000300  0000FC  0003FC       300       1  BANK3   
                bssBANK4                       000400  000100  000500       400       1  BANK4   
                bssBANK5                       000500  0000D8  0005D8       500       1  BANK5   
                bssBANK6                       000600  0000F0  0006F0       600       1  BANK6   
                bssBANK7                       000700  000054  000754       700       1  BANK7   
                bssBANK8                       000800  0000D2  0008D2       800       1  BANK8   
                bssBIGRAM                      0008D2  0005CC  000E9E       8D2       1  BIGRAM  
                text86                         007C6C  000054  007CC0      3E36       0  CODE    
                mediumconst                    00FB7E  00047A  00FFF8      7DBF       0  MEDIUMCO
                config                         00FFF8  000008  010000      FFF8       0  CONFIG  


UNUSED ADDRESS RANGES

        Name                Unused          Largest block    Delta
        BANK0            000FE-000FF               2
        BANK1            001E6-001FF              1A
        BANK14           00E9E-00EBF              22
        BANK2            002FB-002FF               5
        BANK3            003FC-003FF               4
        BANK5            005D8-005FF              28
        BANK6            006F0-006FF              10
        BANK7            00754-007FF              AC
        BIGRAM           0005F-0005F               1
                         000FE-000FF               2
                         001E6-001FF              1A
                         002FB-002FF               5
                         003FC-003FF               4
                         005D8-005FF              28
                         006F0-006FF              10
                         00754-007FF              AC
                         00E9E-00EBF              22
        CODE             00004-00007               4
                         07C6B-07C6B               1
                         07CC0-0FB7D            7EBE
        COMRAM           0005F-0005F               1
        CONST            00004-00007               4
                         07C6B-07C6B               1
                         07CC0-0FB7D            7EBE
        MEDIUMCONST      07C6B-07C6B               1
                         07CC0-0FB7D            7EBE
        RAM              000FE-000FF               2
                         001E6-001FF              1A
                         002FB-002FF               5
                         003FC-003FF               4
                         005D8-005FF              28
                         006F0-006FF              10
                         00754-007FF              AC
                         00E9E-00EBF              22
        SFR              00EC0-00FFF              60
        SMALLCONST       07C6B-07C6B               1
                         07CC0-0FB7D             100
        STACK            00754-007FF              AC

                                  Symbol Table

?_AddMSToTick                                    cstackBANK0   0007C
?_CoordinatorAddress                             cstackBANK0   00060
?_CoordinatorGenericAddress                      cstackBANK0   00068
?_DeviceManagerGetDeviceData                     cstackBANK0   00080
?_GetRouteAddressOfChild                         cstackBANK0   00096
?_LEAppendNeighborInfo                           cstackBANK0   00071
?_LELinkQualityGet                               cstackBANK0   0008A
?_MSTickGet                                      cstackBANK0   0006C
?_MSTickGetDiffNow                               cstackBANK0   0007C
?_MiApp_GetParentAddress                         cstackBANK0   00068
?_MiWi_TickGet                                   cstackBANK0   00060
?_MiWi_TickGetMs                                 cstackBANK0   0006C
?_NetworkGetMyRouteInfo                          cstackBANK0   00060
?_NetworkGetPANID                                cstackBANK0   00060
?_NetworkGetParentAddress                        cstackBANK0   00060
?_NetworkManagerGetMyAddress                     cstackBANK0   00060
?_NetworkPrepareSendPacket                       cstackBANK0   00070
?_RMRoutingTableCount                            cstackBANK0   00060
?_Read_MAC_Address                               cstackBANK0   0006C
?_RoutingTableFindDeviceOrParent                 cstackBANK0   00080
?_TunnelManagerGetTunnel                         cstackBANK0   00098
?___awdiv                                        cstackBANK0   00060
?___lldiv                                        cstackBANK0   00060
?___llmod                                        cstackBANK0   0006C
?___lwdiv                                        cstackBANK0   00060
?___lwmod                                        cstackBANK0   0006C
?___wmul                                         cstackBANK0   00060
?_crc32                                          cstackBANK0   00060
?_krnd                                           cstackBANK0   00060
?_le_computeETX                                  cstackBANK0   00068
?_le_findEmptyNeighborIdx                        cstackBANK0   00060
?_le_findRandomNeighborIdx                       cstackBANK0   00080
?_le_findWorstNeighborIdx                        cstackBANK0   00080
?_memcmp                                         cstackBANK0   00060
?_sprintf                                        cstackBANK0   00067
?i2_memcmp                                       cstackCOMRAM  00001
AddMSToTick@ms                                   cstackBANK0   00084
AddMSToTick@tick                                 cstackBANK0   0007C
AddNodeToNetworkTable@PANID                      cstackBANK0   00088
AddNodeToNetworkTable@address                    cstackBANK0   00080
AddNodeToNetworkTable@i                          cstackBANK0   00090
AddNodeToNetworkTable@ind                        cstackBANK0   0008E
BroadcastManagerDelaySend@i                      cstackBANK0   00099
BroadcastManagerDelaySend@isInterPan             cstackBANK0   00091
BroadcastManagerDelaySend@isSecure               cstackBANK0   00090
BroadcastManagerDelaySend@pkt                    cstackBANK0   0008C
BroadcastManagerDelaySend@res                    cstackBANK0   00098
BroadcastManagerDelaySend@size                   cstackBANK0   0008E
BroadcastManagerTask@PANID                       cstackBANK0   000B0
BroadcastManagerTask@i                           cstackBANK0   000B2
ButtonTask@Sw                                    cstackBANK0   00074
ButtonTask@pS0                                   bssCOMRAM     0003B
ButtonTask@pS1                                   bssCOMRAM     0003C
ButtonTask@s0Count                               bssCOMRAM     0003D
ButtonTask@s1Count                               bssCOMRAM     0003E
CoordinatorGenericAddress@address                bssBANK2      0029D
DelayMs@ms                                       cstackBANK0   00068
DelayUS@delay                                    cstackBANK0   00060
DelayUS@i                                        cstackBANK0   00064
DeviceManagerBufferDeviceData@address            cstackBANK0   0006C
DeviceManagerBufferDeviceData@data               cstackBANK0   00074
DeviceManagerBufferDeviceData@empty              cstackBANK0   0007F
DeviceManagerBufferDeviceData@isFormed           cstackBANK0   00079
DeviceManagerBufferDeviceData@isSecure           cstackBANK0   00078
DeviceManagerBufferDeviceData@size               cstackBANK0   00076
DeviceManagerGetDeviceData@address               cstackBANK0   00080
DeviceManagerGetDeviceData@data                  cstackBANK0   00088
DeviceManagerGetDeviceData@isFormed              cstackBANK0   0008C
DeviceManagerGetDeviceData@isSecure              cstackBANK0   0008A
DeviceManagerGetDeviceType@address               cstackBANK0   00080
DeviceManagerGetDeviceType@dev                   cstackBANK0   0008A
DeviceManagerGetDeviceType@i                     cstackBANK0   0008B
EEPROMRead@addr                                  cstackBANK0   00063
EEPROMRead@count                                 cstackBANK0   00064
EEPROMRead@dest                                  cstackBANK0   00062
GetRouteAddressOfChild@child                     cstackBANK0   00096
GetRouteAddressOfChild@i                         cstackBANK0   000A6
GetRouteAddressOfChild@res                       cstackBANK0   0009E
HighISR@DecryptionStatus                         cstackCOMRAM  0002B
HighISR@FrameControl                             cstackCOMRAM  0002D
HighISR@FrameControl_2711                        cstackCOMRAM  0002E
HighISR@RxBank                                   cstackCOMRAM  00033
HighISR@flags                                    cstackCOMRAM  0002F
HighISR@i                                        cstackCOMRAM  00035
HighISR@j                                        cstackCOMRAM  00034
HighISR@results                                  cstackCOMRAM  0002A
HighISR@tmr                                      cstackCOMRAM  00031
HighISR@v                                        cstackCOMRAM  0002C
InitMRF24J40@i                                   cstackBANK0   0006B
InitMRF24J40@j                                   cstackBANK0   0006C
IsNetworkDevice@address                          cstackBANK0   00081
IsNetworkDevice@devType                          cstackBANK0   00089
IsNetworkDevice@empty                            cstackBANK0   00095
IsNetworkDevice@i                                cstackBANK0   00097
IsNetworkDevice@oldest                           cstackBANK0   0008C
IsNetworkDevice@res                              cstackBANK0   00094
LCDUpdate@i                                      cstackBANK0   00074
LCD_WriteCmd@data                                cstackBANK0   00062
LCD_WriteData@data                               cstackBANK0   00062
LEAppendNeighborInfo@cnt                         cstackBANK0   00077
LEAppendNeighborInfo@count                       cstackBANK0   0007B
LEAppendNeighborInfo@data                        cstackBANK0   00071
LEAppendNeighborInfo@i                           cstackBANK0   0007D
LEAppendNeighborInfo@j                           cstackBANK0   0007F
LEAppendNeighborInfo@k                           cstackBANK0   00081
LEAppendNeighborInfo@newPrevSentIdx              cstackBANK0   00079
LEAppendNeighborInfo@size                        cstackBANK0   00073
LEDCommand@cmd                                   cstackBANK0   00060
LEDCommand@led                                   cstackBANK0   00062
LEDManagerTask@i                                 cstackBANK0   0007E
LEDManagerTask@lNextState                        bssBANK2      00254
LEDManagerTask@tStart                            bssBANK2      00200
LELinkQualityGet@address                         cstackBANK0   0008A
LELinkQualityGet@idx                             cstackBANK0   00098
LELinkQualityGet@offset                          cstackBANK0   00092
LELinkQualityGet@res                             cstackBANK0   00096
LE_ClearDLQ@ne                                   cstackBANK0   00095
LE_ClearDLQ@neighbor                             cstackBANK0   0008A
LE_ClearDLQ@nidx                                 cstackBANK0   00097
LE_GetNeighborDeviceType@dev                     cstackBANK0   00065
LE_GetNeighborDeviceType@index                   cstackBANK0   00060
LE_InsertNeighbor@devType                        cstackBANK0   000A4
LE_InsertNeighbor@neighbor                       cstackBANK0   0009C
LE_InsertNeighbor@nidx                           cstackBANK0   000A7
LE_PinNeighbor@neighbor                          cstackBANK0   0008A
LE_PinNeighbor@nidx                              cstackBANK0   00095
LE_RemoveNeighborDevice@device                   cstackBANK0   0009C
LE_RemoveNeighborDevice@i                        cstackBANK0   000A6
LE_UnpinNeighbor@neighbor                        cstackBANK0   0008A
LE_UnpinNeighbor@nidx                            cstackBANK0   00095
LE_processReceivedMessage@bhdr                   cstackBANK0   000A7
LE_processReceivedMessage@data                   cstackBANK0   0009F
LE_processReceivedMessage@hdr                    cstackBANK0   000A5
LE_processReceivedMessage@len                    cstackBANK0   000A1
LE_processReceivedMessage@ll_addr                cstackBANK0   000A9
LE_processReceivedMessage@nidx                   cstackBANK0   000B1
LE_processReceivedMessage@rssi                   cstackBANK0   000A2
LE_processReceivedMessage@source                 cstackBANK0   0009D
MSTickGet@tNow                                   cstackBANK0   00074
MSTickGetDiffNow@diff                            cstackBANK0   00084
MSTickGetDiffNow@tNow                            cstackBANK0   00088
MSTickGetDiffNow@tdiff                           cstackBANK0   00090
MSTickGetDiffNow@tick                            cstackBANK0   0007C
MiApp_EstablishConnection@ActiveScanIndex        cstackBANK0   00097
MiApp_EstablishConnection@Mode                   cstackBANK0   0008D
MiApp_EstablishConnection@dev                    cstackBANK0   0008E
MiApp_EstablishConnection@src                    cstackBANK0   0008F
MiApp_MessageAvailable@src                       cstackBANK1   001B4
MiApp_MessageAvailable@tStart                    bssBANK2      00234
MiApp_ProtocolInit@initValue                     cstackBANK0   00083
MiApp_SearchConnection@ChannelMap                cstackBANK1   001BC
MiApp_SearchConnection@ScanDuartion              cstackBANK1   001CC
MiApp_SearchConnection@i                         cstackBANK1   001D4
MiApp_SearchConnection@mask                      cstackBANK1   001CF
MiApp_SearchConnection@msDuration                cstackBANK1   001CD
MiApp_SearchConnection@res                       cstackBANK1   001D3
MiApp_SearchConnection@tStart                    cstackBANK1   001C8
MiApp_SetAddressPan@addr                         cstackBANK0   0007A
MiApp_SetAddressPan@address                      cstackBANK0   00076
MiApp_SetAddressPan@panid                        cstackBANK0   00078
MiApp_SetChannel@Channel                         cstackBANK0   0006A
MiApp_TransceiverPowerState@Mode                 cstackBANK0   0007F
MiApp_UnicastAddress@DestinationAddress          cstackBANK0   000F9
MiApp_UnicastAddress@Origin                      cstackBANK0   000FB
MiApp_UnicastAddress@SecEn                       cstackBANK0   000FD
MiApp_UnicastAddress@src                         cstackBANK1   00140
MiMAC_ChannelAssessment@RSSIcheck                cstackBANK0   00068
MiMAC_Init@i                                     cstackBANK0   00079
MiMAC_Init@initValue                             cstackBANK0   00074
MiMAC_Init@seed                                  cstackBANK0   00077
MiMAC_PowerState@PowerState                      cstackBANK0   00074
MiMAC_PowerState@results                         cstackBANK0   00079
MiMAC_PowerState@t1                              cstackBANK0   00075
MiMAC_PowerState@t2                              cstackBANK0   0007A
MiMAC_ReceivedPacket@addrMode                    cstackBANK0   00071
MiMAC_ReceivedPacket@bIntraPAN                   cstackBANK0   00073
MiMAC_ReceivedPacket@i                           cstackBANK0   00072
MiMAC_SendPacket@IntraPAN                        cstackBANK0   0008B
MiMAC_SendPacket@MACPayload                      cstackBANK0   0007B
MiMAC_SendPacket@MACPayloadLen                   cstackBANK0   0007D
MiMAC_SendPacket@headerLength                    cstackBANK0   0008C
MiMAC_SendPacket@i                               cstackBANK0   0008D
MiMAC_SendPacket@loc                             cstackBANK0   0008E
MiMAC_SendPacket@t1                              cstackBANK0   00083
MiMAC_SendPacket@t2                              cstackBANK0   00087
MiMAC_SendPacket@transParam                      cstackBANK0   00074
MiMAC_SetAltAddress@Address                      cstackBANK0   0006C
MiMAC_SetAltAddress@PANID                        cstackBANK0   0006E
MiMAC_SetChannel@channel                         cstackBANK0   00069
MiMAC_SetChannel@offsetFreq                      cstackBANK0   00068
MiWi_TickGet@t1ext                               cstackBANK0   00064
MiWi_TickGet@tmrval                              cstackBANK0   00068
MiWi_TickGetMs@tnow                              cstackBANK0   00070
NetworkDataArrivedEvent@data                     cstackBANK0   00070
NetworkDataArrivedEvent@isBroadcast              cstackBANK0   00074
NetworkDataArrivedEvent@size                     cstackBANK0   00072
NetworkDataArrivedEvent@source                   cstackBANK0   00068
NetworkDiscoveredEvent@PANID                     cstackBANK0   00060
NetworkDiscoveredEvent@empty                     cstackBANK0   00068
NetworkDiscoveredEvent@i                         cstackBANK0   0006A
NetworkDiscoveredEvent@rssi                      cstackBANK0   00062
NetworkHasRoute@res                              cstackBANK0   00082
NetworkInit@PANID                                cstackBANK0   00088
NetworkInit@address                              cstackBANK0   00080
NetworkInit@dev                                  cstackBANK0   0008A
NetworkInit@devPanID                             cstackBANK0   0008B
NetworkIssueDataRequest@data                     cstackBANK0   000AE
NetworkIssueDataRequest@sz                       cstackBANK0   000CA
NetworkManagerProcessIncomingData@buffer         cstackBANK1   00140
NetworkManagerProcessIncomingData@dHdr           cstackBANK1   00184
NetworkManagerProcessIncomingData@data           cstackBANK0   000E9
NetworkManagerProcessIncomingData@isBroadcast    cstackBANK0   000ED
NetworkManagerProcessIncomingData@isFormed       cstackBANK1   00180
NetworkManagerProcessIncomingData@isSecure       cstackBANK0   000EE
NetworkManagerProcessIncomingData@isSecurePacket cstackBANK1   00183
NetworkManagerProcessIncomingData@packetsize     cstackBANK1   00181
NetworkManagerProcessIncomingData@size           cstackBANK0   000EB
NetworkManagerTask@data                          cstackBANK1   00100
NetworkManagerTask@delay                         bssBANK2      00238
NetworkManagerTask@sz                            cstackBANK1   00125
NetworkManagerTask@tStart                        bssBANK2      0020C
NetworkPrepareSendPacket@address                 cstackBANK0   00070
NetworkPrepareSendPacket@buffer                  cstackBANK0   00078
NetworkPrepareSendPacket@data                    cstackBANK0   0007B
NetworkPrepareSendPacket@nHdr                    cstackBANK0   0007F
NetworkPrepareSendPacket@pType                   cstackBANK0   0007A
NetworkPrepareSendPacket@size                    cstackBANK0   0007D
NetworkSendDiscoverRequest@address               cstackBANK0   000DE
NetworkSendDiscoverRequest@databuff              cstackBANK0   0009B
NetworkSendDiscoverRequest@dhdr                  cstackBANK0   000DD
NetworkSendDiscoverRequest@size                  cstackBANK0   000DB
NetworkSendDiscoverResponse@address              cstackBANK0   000DE
NetworkSendDiscoverResponse@databuff             cstackBANK0   0009B
NetworkSendDiscoverResponse@dhdr                 cstackBANK0   000DD
NetworkSendDiscoverResponse@size                 cstackBANK0   000DB
NetworkSetAddressPAN@PANID                       cstackBANK0   00074
NetworkSetAddressPAN@address                     cstackBANK0   0006C
NetworkSetDeviceType@dev                         cstackBANK0   00060
NetworkUnicastData@address                       cstackBANK0   000E9
NetworkUnicastData@data                          cstackBANK0   000F1
NetworkUnicastData@isSecure                      cstackBANK0   000F5
NetworkUnicastData@mAddress                      cstackBANK0   000F6
NetworkUnicastData@res                           cstackBANK0   000F8
NetworkUnicastData@size                          cstackBANK0   000F3
PHYGetLongRAMAddr@address                        cstackBANK0   00062
PHYGetLongRAMAddr@tmpRFIE                        cstackBANK0   00067
PHYGetLongRAMAddr@toReturn                       cstackBANK0   00066
PHYGetShortRAMAddr@address                       cstackBANK0   00062
PHYGetShortRAMAddr@tmpRFIE                       cstackBANK0   00064
PHYGetShortRAMAddr@toReturn                      cstackBANK0   00063
PHYSetLongRAMAddr@address                        cstackBANK0   00062
PHYSetLongRAMAddr@tmpRFIE                        cstackBANK0   00067
PHYSetLongRAMAddr@value                          cstackBANK0   00064
PHYSetShortRAMAddr@address                       cstackBANK0   00063
PHYSetShortRAMAddr@tmpRFIE                       cstackBANK0   00064
PHYSetShortRAMAddr@value                         cstackBANK0   00062
Read_MAC_Address@addr8                           cstackBANK0   00075
Read_MAC_Address@address                         cstackBANK0   0007B
Read_MAC_Address@i                               cstackBANK0   00085
Read_MAC_Address@j                               cstackBANK0   00084
Read_MAC_Address@pAddress                        cstackBANK0   00083
RouteManagerPerformUpdate@best                   cstackBANK0   000A3
RouteManagerPerformUpdate@currentEtx             cstackBANK0   000A1
RouteManagerPerformUpdate@entry                  cstackBANK0   000A7
RouteManagerPerformUpdate@i                      cstackBANK0   0009D
RouteManagerPerformUpdate@linkEtx                cstackBANK0   0009B
RouteManagerPerformUpdate@minEtx                 cstackBANK0   000A5
RouteManagerPerformUpdate@pathEtx                cstackBANK0   0009F
RouteManagerPerformUpdate@r                      cstackBANK0   000A9
RouteManagerProcessReceive@congested             cstackBANK0   000B6
RouteManagerProcessReceive@data                  cstackBANK0   000B0
RouteManagerProcessReceive@from                  cstackBANK0   000B7
RouteManagerProcessReceive@len                   cstackBANK0   000B2
RouteManagerProcessReceive@rcvBeacon             cstackBANK0   000BF
RouteManagerProcessReceive@source                cstackBANK0   000AE
RouteManagerSetNeighborCongested@congested       cstackBANK0   00068
RouteManagerSetNeighborCongested@n               cstackBANK0   00060
RouteManagerShouldInsert@entry                   cstackBANK0   00089
RouteManagerShouldInsert@found                   cstackBANK0   0008D
RouteManagerShouldInsert@hdr                     cstackBANK0   00081
RouteManagerShouldInsert@i                       cstackBANK0   0008B
RouteManagerShouldInsert@neighEtx                cstackBANK0   00087
RouteManagerShouldInsert@pathEtx                 cstackBANK0   00085
RouteManagerShouldInsert@rcvBeacon               cstackBANK0   0008E
RouterEvicted@address                            cstackBANK0   0008E
RouterEvicted@i                                  cstackBANK0   0009B
RouterEvicted@idx                                cstackBANK0   0009A
RouterEvicted@r                                  cstackBANK0   00098
RoutingTableFindDeviceOrParent@address           cstackBANK0   00080
RoutingTableFindDeviceOrParent@entry             cstackBANK0   00094
RoutingTableFindDeviceOrParent@i                 cstackBANK0   0008A
RoutingTableFindDeviceOrParent@res               cstackBANK0   0008C
SPIPut2@i                                        cstackBANK0   00061
SPIPut2@v                                        cstackBANK0   00060
SPIPut@i                                         cstackBANK0   00061
SPIPut@v                                         cstackBANK0   00060
SendPacket@Broadcast                             cstackBANK0   00097
SendPacket@DestinationAddress                    cstackBANK0   0008F
SendPacket@SecurityEnabled                       cstackBANK0   00094
SendPacket@destinationPANID                      cstackBANK0   00091
SendPacket@isCommand                             cstackBANK0   00093
SendPacket@status                                cstackBANK0   00096
SendPacket@tParam                                cstackBANK0   00098
TMSendDataToRFD@data                             cstackBANK0   000E4
TMSendDataToRFD@databuff                         cstackBANK1   00100
TMSendDataToRFD@device                           cstackBANK0   000DB
TMSendDataToRFD@isSecure                         cstackBANK0   000E8
TMSendDataToRFD@pType                            cstackBANK0   000E3
TMSendDataToRFD@size                             cstackBANK0   000E6
TMSendFormedPacketToRFD@data                     cstackBANK0   000C8
TMSendFormedPacketToRFD@device                   cstackBANK0   000C0
TMSendFormedPacketToRFD@dhdr                     cstackBANK0   000D1
TMSendFormedPacketToRFD@isSecure                 cstackBANK0   000CC
TMSendFormedPacketToRFD@myaddr                   cstackBANK0   000CE
TMSendFormedPacketToRFD@parent                   cstackBANK0   000D3
TMSendFormedPacketToRFD@res                      cstackBANK0   000D0
TMSendFormedPacketToRFD@size                     cstackBANK0   000CA
TMSendFormedPacketTowardsCoordinator@data        cstackBANK0   00083
TMSendFormedPacketTowardsCoordinator@i           cstackBANK0   0008C
TMSendFormedPacketTowardsCoordinator@isFormed    cstackBANK0   00087
TMSendFormedPacketTowardsCoordinator@isSecure    cstackBANK0   00088
TMSendFormedPacketTowardsCoordinator@res         cstackBANK0   0008B
TMSendFormedPacketTowardsCoordinator@size        cstackBANK0   00085
TransportManagerTask@databuff                    cstackBANK0   000B2
TransportManagerTask@i                           cstackBANK0   000F4
TransportManagerTask@sz                          cstackBANK0   000F2
TunnelManagerGetTunnel@addr                      cstackBANK0   000AE
TunnelManagerGetTunnel@device                    cstackBANK0   00098
TunnelManagerGetTunnel@i                         cstackBANK0   000BE
TunnelManagerGetTunnel@retAddr                   cstackBANK0   000B6
TunnelManagerGetTunnel@trec                      cstackBANK0   000A6
TunnelManagerInvalidateTunnel@addr               cstackBANK0   0008A
TunnelManagerInvalidateTunnel@device             cstackBANK0   00080
TunnelManagerInvalidateTunnel@i                  cstackBANK0   00092
TunnelManagerSetTunnel@OldestTick                cstackBANK0   00090
TunnelManagerSetTunnel@device                    cstackBANK0   00080
TunnelManagerSetTunnel@emptyindex                cstackBANK0   0008C
TunnelManagerSetTunnel@i                         cstackBANK0   00098
TunnelManagerSetTunnel@index                     cstackBANK0   0008E
TunnelManagerSetTunnel@oldestindex               cstackBANK0   0008A
TunnelManagerSetTunnel@parent                    cstackBANK0   00082
_ANCON0                                          (abs)         00F48
_ANCON1                                          (abs)         00F49
_ActiveScanChannel                               bssBANK1      001DE
_ActiveScanResults                               bssBANK2      00260
_AddMSToTick                                     text37        06554
_AddNodeToNetworkTable                           text85        03C88
_BMState                                         bssCOMRAM     0003F
_BankIndex                                       dataCOMRAM    00059
_BeaconManagerInit                               text132       07A0C
_BeaconManagerTask                               text73        05B46
_BeaconManagerTrigger                            text69        07C84
_BlinkRedLED                                     text56        07BD6
_BroadcastManagerDelaySend                       text36        04678
_BroadcastManagerInit                            text130       07AAC
_BroadcastManagerTask                            text72        038CE
_ButtonTask                                      text163       06D8C
_CacheInit                                       text129       07A94
_ConnectionTable                                 bssBANK3      00300
_CoordinatorAddr                                 bssBANK2      002A5
_CoordinatorAddress                              text35        07BA0
_CoordinatorGenericAddress                       text104       0780C
_DEVPanID                                        dataBANK2     002E9
_DelayMs                                         text159       063A0
_DelayUS                                         text160       07896
_DeviceManagerBufferDeviceData                   text55        07C26
_DeviceManagerGetDeviceData                      text40        07C1C
_DeviceManagerGetDeviceType                      text54        06662
_DeviceManagerInit                               text128       07A60
_DeviceType                                      dataCOMRAM    0005A
_EECON2                                          (abs)         00FA7
_EEPROMRead                                      text6         077DE
_GIE                                             (abs)         07F97
_GetRouteAddressOfChild                          text32        064C6
_HardwareInit                                    text162       06436
_HighISR                                         intcode       00008
_IEEESeqNum                                      bssCOMRAM     00040
_INTCON2bits                                     (abs)         00FF1
_INTCONbits                                      (abs)         00FF2
_InitMRF24J40                                    text110       03FFE
_InitSymbolTimer                                 text161       07B60
_IsMemberOfNetwork                               text115       07C98
_IsNetworkDevice                                 text39        041A6
_LATAbits                                        (abs)         00F89
_LATCbits                                        (abs)         00F8B
_LATDbits                                        (abs)         00F8C
_LATEbits                                        (abs)         00F8D
_LCDInit                                         text156       05552
_LCDText                                         bssBANK3      003B9
_LCDUpdate                                       text154       05E7A
_LCD_WriteCmd                                    text157       07B4A
_LCD_WriteData                                   text155       07B34
_LEAppendNeighborInfo                            text78        04802
_LEDCmd                                          bssCOMRAM     00036
_LEDCommand                                      text57        0777E
_LEDManagerTask                                  text153       01D24
_LEDState                                        bssBANK1      001D9
_LELinkQualityGet                                text76        069CC
_LE_ClearDLQ                                     text68        06EAC
_LE_GetNeighborDeviceType                        text34        07632
_LE_InsertNeighbor                               text23        05F30
_LE_PinNeighbor                                  text67        073E4
_LE_RemoveNeighborDevice                         text31        06A42
_LE_UnpinNeighbor                                text66        0739E
_LE_processReceivedMessage                       text42        04C6C
_LinkEstimatorInit                               text127       07BFA
_MACCurrentChannel                               bssCOMRAM     00041
_MACInitParams                                   bssBANK2      00257
_MACRxPacket                                     bssBANK2      00279
_MAC_PANID                                       bssCOMRAM     00051
_MRF24J40Status                                  bssCOMRAM     00042
_MSTickGet                                       text137       076E0
_MSTickGetDiffNow                                text82        0676A
_MiApp_DiscardMessage                            text86        07C6C
_MiApp_EstablishConnection                       text122       06084
_MiApp_GetParentAddress                          text120       07A2A
_MiApp_IsMemberOfNetwork                         text114       07C94
_MiApp_IsNetworkBusy                             text71        07CBE
_MiApp_MessageAvailable                          text14        05676
_MiApp_ProtocolInit                              text105       06B92
_MiApp_RequestData                               text88        07C8C
_MiApp_SearchConnection                          text12        0542E
_MiApp_SetAddressPan                             text145       06BFA
_MiApp_SetChannel                                text142       07C06
_MiApp_TransceiverPowerState                     text10        07B8C
_MiApp_UnicastAddress                            text8         074B2
_MiMAC_ChannelAssessment                         text109       0766E
_MiMAC_DiscardPacket                             text84        07A46
_MiMAC_Init                                      text107       066E6
_MiMAC_PowerState                                text11        05308
_MiMAC_ReceivedPacket                            text83        00C3C
_MiMAC_SendPacket                                text92        01182
_MiMAC_SetAltAddress                             text149       07122
_MiMAC_SetChannel                                text143       0742A
_MiWi_TickGet                                    text165       0746E
_MiWi_TickGetMs                                  text164       07716
_MyAddress                                       dataBANK2     002EB
_NetSeq                                          bssCOMRAM     00043
_NetworkAddressSizeGet                           text148       07CB0
_NetworkDataArrivedEvent                         text38        06E4E
_NetworkDiscoveredEvent                          text41        0434A
_NetworkGetDeviceType                            text147       07CAC
_NetworkGetMyRouteInfo                           text99        07BE2
_NetworkGetPANID                                 text103       07C3A
_NetworkGetParentAddress                         text121       07BB4
_NetworkHasRoute                                 text116       074F4
_NetworkHasRoute$4257                            cstackBANK0   00081
_NetworkInit                                     text123       0577C
_NetworkIssueDataRequest                         text89        06306
_NetworkManagerGetMyAddress                      text102       07BEE
_NetworkManagerProcessIncomingData               text25        02F2A
_NetworkManagerTask                              text59        02398
_NetworkPrepareSendPacket                        text100       05A62
_NetworkReleaseUserData                          text87        07C88
_NetworkSendDiscoverRequest                      text13        06B26
_NetworkSendDiscoverResponse                     text24        06AB6
_NetworkSequence                                 text101       07C7A
_NetworkSetAddressPAN                            text146       06FC4
_NetworkSetDeviceType                            text106       07C44
_NetworkUnicastData                              text9         03E50
_NewBestParent                                   bssBANK2      002AD
_OSCCON                                          (abs)         00FD3
_OSCTUNEbits                                     (abs)         00F9B
_OutgoingFrameCounter                            bssBANK2      0023C
_PHYGetLongRAMAddr                               text112       07020
_PHYGetShortRAMAddr                              text111       077AE
_PHYSetLongRAMAddr                               text144       070CC
_PHYSetShortRAMAddr                              text151       07868
_PIR1bits                                        (abs)         00F9E
_PIR3bits                                        (abs)         00FA4
_PORTBbits                                       (abs)         00F81
_PPSCONbits                                      (abs)         00EFF
_RMRoutingTableCount                             text70        07C30
_RPINR1                                          (abs)         00EE7
_RPINR21                                         (abs)         00EFB
_RPOR19                                          (abs)         00ED9
_RPOR21                                          (abs)         00EDB
_RbcQ                                            bssBIGRAM     008D2
_Read_MAC_Address                                text5         06128
_RouteManagerInit                                text126       0783A
_RouteManagerPerformUpdate                       text62        0206E
_RouteManagerProcessReceive                      text20        04984
_RouteManagerRequestUpdate                       text98        07C74
_RouteManagerSetNeighborCongested                text22        07CB8
_RouteManagerShouldInsert                        text53        05972
_RouteManagerTask                                text61        07358
_RouteMgrUpdateRequired                          bssCOMRAM     00044
_RouterEvicted                                   text94        05DC0
_RoutingTableFindDeviceOrParent                  text33        05882
_RxBuffer                                        bssBANK4      00400
_SPIGet                                          text113       07C4E
_SPIGet2                                         text7         07C12
_SPIPut                                          text152       07A7A
_SPIPut2                                         text158       07AC4
_SSP1CON1                                        (abs)         00FC6
_SSP1STAT                                        (abs)         00FC7
_SSP2BUF                                         (abs)         00F75
_SSP2CON1                                        (abs)         00F72
_SSP2CON1bits                                    (abs)         00F72
_SSP2STAT                                        (abs)         00F73
_SSPBUF                                          (abs)         00FC9
_SSPCON1bits                                     (abs)         00FC6
_SendPacket                                      text91        06268
_T0CON                                           (abs)         00FD5
_T0CONbits                                       (abs)         00FD5
_TMQ                                             bssBANK5      00500
_TMR0                                            (abs)         00FD6
_TMR0H                                           (abs)         00FD7
_TMR0L                                           (abs)         00FD6
_TMR1                                            (abs)         00FCE
_TMSendDataToRFD                                 text26        06C62
_TMSendFormedPacketToRFD                         text27        026BC
_TMSendFormedPacketTowardsCoordinator            text30        04F3A
_TMState                                         bssCOMRAM     00045
_TRISAbits                                       (abs)         00F92
_TRISBbits                                       (abs)         00F93
_TRISCbits                                       (abs)         00F94
_TRISDbits                                       (abs)         00F95
_TRISEbits                                       (abs)         00F96
_Tick_MS                                         bssBANK2      002B5
_TimeTickISR                                     text58        0774C
_TimerDisable                                    text141       07CA8
_TimerEnable                                     text139       07CA0
_TimerEnterCritical                              text140       07CA4
_TimerExitCritical                               text138       07C9C
_TransportManagerInit                            text125       07B08
_TransportManagerNoRoute                         text65        07CBC
_TransportManagerRouteFound                      text64        07CBA
_TransportManagerTask                            text60        0158A
_TunnelManagerGetTunnel                          text29        04AFC
_TunnelManagerInit                               text124       07AF2
_TunnelManagerInvalidateTunnel                   text28        061CA
_TunnelManagerSetTunnel                          text19        03426
_TxBuff                                          bssBANK5      00598
_TxBuffer                                        bssBANK3      00355
_TxData                                          bssBANK1      001DF
_TxIndex                                         bssCOMRAM     00046
_UserMessageAvailable                            bssBANK1      001E0
_WDTCONbits                                      (abs)         00FC0
__CFG_CP0$OFF                                    (abs)         00000
__CFG_CPUDIV$OSC1                                (abs)         00000
__CFG_DSBOREN$ON                                 (abs)         00000
__CFG_DSWDTEN$ON                                 (abs)         00000
__CFG_DSWDTOSC$INTOSCREF                         (abs)         00000
__CFG_DSWDTPS$G2                                 (abs)         00000
__CFG_FCMEN$ON                                   (abs)         00000
__CFG_IESO$ON                                    (abs)         00000
__CFG_IOL1WAY$OFF                                (abs)         00000
__CFG_LPT1OSC$OFF                                (abs)         00000
__CFG_MSSP7B_EN$MSK7                             (abs)         00000
[...]
      Locals:         1       0       0       0       0       0       0       0       0       0       0       0       0       0       0       0
      Temps:          2       0       0       0       0       0       0       0       0       0       0       0       0       0       0       0
      Totals:         6       0       0       0       0       0       0       0       0       0       0       0       0       0       0       0
Total ram usage:        6 bytes
 Hardware stack levels used:    1
 Hardware stack levels required when called:    1
 This function calls:
		i2_SPIPut
 This function is called by:
		_HighISR
 This function uses a non-reentrant model


 *************** function i2_PHYGetShortRAMAddr *****************
 Defined at:
		line 220 in file "../../../../../../framework/driver/mrf_miwi/src/drv_mrf_miwi_mesh_24j40.c"
 Parameters:    Size  Location     Type
  address         1    wreg     unsigned char 
 Auto vars:     Size  Location     Type
  address         1    2[COMRAM] unsigned char 
  PHYGetShortR    1    4[COMRAM] volatile unsigned char 
  PHYGetShortR    1    3[COMRAM] unsigned char 
 Return value:  Size  Location     Type
                  1    wreg      unsigned char 
 Registers used:
		wreg, status,2, cstack
 Tracked objects:
		On entry : 
		On exit  : 
		Unchanged: 
 Data sizes:     COMRAM   BANK0   BANK1   BANK2   BANK3   BANK4   BANK5   BANK6   BANK7   BANK8   BANK9  BANK10  BANK11  BANK12  BANK13  BANK14
      Params:         0       0       0       0       0       0       0       0       0       0       0       0       0       0       0       0
      Locals:         3       0       0       0       0       0       0       0       0       0       0       0       0       0       0       0
      Temps:          0       0       0       0       0       0       0       0       0       0       0       0       0       0       0       0
      Totals:         3       0       0       0       0       0       0       0       0       0       0       0       0       0       0       0
Total ram usage:        3 bytes
 Hardware stack levels used:    1
 Hardware stack levels required when called:    2
 This function calls:
		i2_SPIGet
		i2_SPIPut
 This function is called by:
		_HighISR
 This function uses a non-reentrant model


 *************** function i2_PHYGetLongRAMAddr *****************
 Defined at:
		line 251 in file "../../../../../../framework/driver/mrf_miwi/src/drv_mrf_miwi_mesh_24j40.c"
 Parameters:    Size  Location     Type
  address         2    2[COMRAM] unsigned int 
 Auto vars:     Size  Location     Type
  PHYGetLongRA    1    7[COMRAM] volatile unsigned char 
  PHYGetLongRA    1    6[COMRAM] unsigned char 
 Return value:  Size  Location     Type
                  1    wreg      unsigned char 
 Registers used:
		wreg, status,2, status,0, cstack
 Tracked objects:
		On entry : 
		On exit  : 
		Unchanged: 
 Data sizes:     COMRAM   BANK0   BANK1   BANK2   BANK3   BANK4   BANK5   BANK6   BANK7   BANK8   BANK9  BANK10  BANK11  BANK12  BANK13  BANK14
      Params:         2       0       0       0       0       0       0       0       0       0       0       0       0       0       0       0
      Locals:         2       0       0       0       0       0       0       0       0       0       0       0       0       0       0       0
      Temps:          2       0       0       0       0       0       0       0       0       0       0       0       0       0       0       0
      Totals:         6       0       0       0       0       0       0       0       0       0       0       0       0       0       0       0
Total ram usage:        6 bytes
 Hardware stack levels used:    1
 Hardware stack levels required when called:    2
 This function calls:
		i2_SPIGet
		i2_SPIPut
 This function is called by:
		_HighISR
 This function uses a non-reentrant model


 *************** function i2_SPIGet *****************
 Defined at:
		line 282 in file "../src/system_config/miwikit_pic18f46j50_24j40/spi.c"
 Parameters:    Size  Location     Type
		None
 Auto vars:     Size  Location     Type
		None
 Return value:  Size  Location     Type
                  1    wreg      unsigned char 
 Registers used:
		wreg, status,2, cstack
 Tracked objects:
		On entry : 
		On exit  : 
		Unchanged: 
 Data sizes:     COMRAM   BANK0   BANK1   BANK2   BANK3   BANK4   BANK5   BANK6   BANK7   BANK8   BANK9  BANK10  BANK11  BANK12  BANK13  BANK14
      Params:         0       0       0       0       0       0       0       0       0       0       0       0       0       0       0       0
      Locals:         0       0       0       0       0       0       0       0       0       0       0       0       0       0       0       0
      Temps:          0       0       0       0       0       0       0       0       0       0       0       0       0       0       0       0
      Totals:         0       0       0       0       0       0       0       0       0       0       0       0       0       0       0       0
Total ram usage:        0 bytes
 Hardware stack levels used:    1
 Hardware stack levels required when called:    1
 This function calls:
		i2_SPIPut
 This function is called by:
		i2_PHYGetShortRAMAddr
		i2_PHYGetLongRAMAddr
 This function uses a non-reentrant model


 *************** function i2_SPIPut *****************
 Defined at:
		line 226 in file "../src/system_config/miwikit_pic18f46j50_24j40/spi.c"
 Parameters:    Size  Location     Type
  v               1    wreg     unsigned char 
 Auto vars:     Size  Location     Type
  v               1    1[COMRAM] unsigned char 
  SPIPut          1    0        volatile unsigned char 
 Return value:  Size  Location     Type
                  1    wreg      void 
 Registers used:
		wreg
 Tracked objects:
		On entry : 
		On exit  : 
		Unchanged: 
 Data sizes:     COMRAM   BANK0   BANK1   BANK2   BANK3   BANK4   BANK5   BANK6   BANK7   BANK8   BANK9  BANK10  BANK11  BANK12  BANK13  BANK14
      Params:         0       0       0       0       0       0       0       0       0       0       0       0       0       0       0       0
      Locals:         2       0       0       0       0       0       0       0       0       0       0       0       0       0       0       0
      Temps:          0       0       0       0       0       0       0       0       0       0       0       0       0       0       0       0
      Totals:         2       0       0       0       0       0       0       0       0       0       0       0       0       0       0       0
Total ram usage:        2 bytes
 Hardware stack levels used:    1
 This function calls:
		Nothing
 This function is called by:
		i2_SPIGet
		i2_PHYSetLongRAMAddr
		i2_PHYSetShortRAMAddr
		i2_PHYGetShortRAMAddr
		i2_PHYGetLongRAMAddr
 This function uses a non-reentrant model



MODULE INFORMATION

Module		Function		Class		Link	Load	Size
../src/system_config/miwikit_pic18f46j50_24j40/lcd.c
		_LCDInit       		CODE           	5552	0000	293
		_LCD_WriteCmd  		CODE           	7B4A	0000	23
		_LCDUpdate     		CODE           	5E7A	0000	183
		_LCD_WriteData 		CODE           	7B34	0000	23

../src/system_config/miwikit_pic18f46j50_24j40/lcd.c estimated size: 522

../src/mainRFD-Sleeping.c
		_EEPROMRead    		CODE           	77DE	0000	47
		_main          		CODE           	1980	0000	933
		_Read_MAC_Address		CODE           	6128	0000	163

../src/mainRFD-Sleeping.c estimated size: 1143

C:\Program Files (x86)\Microchip\xc8\v1.38\sources\common\lwmod.c
		___lwmod       		CODE           	75B6	0000	63

C:\Program Files (x86)\Microchip\xc8\v1.38\sources\common\lwmod.c estimated size: 63

C:\Program Files (x86)\Microchip\xc8\v1.38\sources\common\memcmp.c
		_memcmp        		CODE           	7076	0000	87

C:\Program Files (x86)\Microchip\xc8\v1.38\sources\common\memcmp.c estimated size: 87

../src/system_config/miwikit_pic18f46j50_24j40/system.c
		_BlinkRedLED   		CODE           	7BD6	0000	13
		_isButtonPressed		CODE           	7964	0000	39
		_LEDManagerTask		CODE           	1D24	0000	843
		_LEDCommand    		CODE           	777E	0000	49
		_HardwareInit  		CODE           	6436	0000	145
		_ButtonTask    		CODE           	6D8C	0000	99

../src/system_config/miwikit_pic18f46j50_24j40/system.c estimated size: 1188

../../../../../../framework/driver/mrf_miwi/src/drv_mrf_miwi_mesh_24j40.c
		_PHYGetLongRAMAddr		CODE           	7020	0000	87
		_PHYSetLongRAMAddr		CODE           	70CC	0000	87
		_PHYGetShortRAMAddr		CODE           	77AE	0000	49
		_PHYSetShortRAMAddr		CODE           	7868	0000	47
		_InitMRF24J40  		CODE           	3FFE	0000	425
		_MiMAC_ReceivedPacket		CODE           	0C3C	0000	1351
		_MiMAC_DiscardPacket		CODE           	7A46	0000	27
		_MiMAC_ChannelAssessment		CODE           	766E	0000	61
		_MiMAC_PowerState		CODE           	5308	0000	295
		_MiMAC_SetChannel		CODE           	742A	0000	69
		_MiMAC_Init    		CODE           	66E6	0000	133
		_MiMAC_SendPacket		CODE           	1182	0000	1033
		_MiMAC_SetAltAddress		CODE           	7122	0000	87
		_HighISR       		CODE           	0008	0000	1141

../../../../../../framework/driver/mrf_miwi/src/drv_mrf_miwi_mesh_24j40.c estimated size: 4892

C:\Program Files (x86)\Microchip\xc8\v1.38\sources\common\memcpy.c
		_memcpy        		CODE           	75F4	0000	63

C:\Program Files (x86)\Microchip\xc8\v1.38\sources\common\memcpy.c estimated size: 63

C:\Program Files (x86)\Microchip\xc8\v1.38\sources\common\llmod.c
		___llmod       		CODE           	6D2A	0000	99

C:\Program Files (x86)\Microchip\xc8\v1.38\sources\common\llmod.c estimated size: 99

C:\Program Files (x86)\Microchip\xc8\v1.38\sources\common\Umul16.c
		___wmul        		CODE           	793E	0000	39

C:\Program Files (x86)\Microchip\xc8\v1.38\sources\common\Umul16.c estimated size: 39

../TransportManager.c
		_TransportManagerTask		CODE           	158A	0000	1015
		_TMSendFormedPacketToRFD		CODE           	26BC	0000	781
		_TMSendDataToRFD		CODE           	6C62	0000	101
		_TransportManagerInit		CODE           	7B08	0000	23
		_TransportManagerNoRoute		CODE           	7CBC	0000	3
		_TMSendFormedPacketTowardsCoordinator		CODE           	4F3A	0000	331
		_TransportManagerRouteFound		CODE           	7CBA	0000	3

../TransportManager.c estimated size: 2257

../NetworkManager.c
		_NetworkIssueDataRequest		CODE           	6306	0000	155
		_NetworkInit   		CODE           	577C	0000	263
		_NetworkGetDeviceType		CODE           	7CAC	0000	5
		_NetworkSetDeviceType		CODE           	7C44	0000	11
		_isBroadcastAddress		CODE           	7536	0000	67
		_NetworkGetParentAddress		CODE           	7BB4	0000	21
		_isInvalidAddress		CODE           	7ADC	0000	23
		_NetworkReleaseUserData		CODE           	7C88	0000	5
		_CoordinatorGenericAddress		CODE           	780C	0000	47
		_NetworkAddressSizeGet		CODE           	7CB0	0000	5
		_NetworkSendDiscoverRequest		CODE           	6B26	0000	109
		_isNetworkSecurityEnabled		CODE           	7C90	0000	5
		_CoordinatorAddress		CODE           	7BA0	0000	21
		_NetworkGetPANID		CODE           	7C3A	0000	11
		_NetworkManagerProcessIncomingData		CODE           	2F2A	0000	655
		_IsMemberOfNetwork		CODE           	7C98	0000	5
		_NetworkGetMyRouteInfo		CODE           	7BE2	0000	13
		_NetworkPrepareSendPacket		CODE           	5A62	0000	229
		_NetworkSequence		CODE           	7C7A	0000	7
		_NetworkSendDiscoverResponse		CODE           	6AB6	0000	113
		_NetworkManagerTask		CODE           	2398	0000	805
		_NetworkHasRoute		CODE           	74F4	0000	67
		_NetworkSetAddressPAN		CODE           	6FC4	0000	93
		_isSameAddress 		CODE           	798A	0000	37
		_NetworkManagerGetMyAddress		CODE           	7BEE	0000	13

../NetworkManager.c estimated size: 2785

../TimeTick.c
		_MSTickGet     		CODE           	76E0	0000	55
		_MSTickGetDiffNow		CODE           	676A	0000	129
		_TimeTickISR   		CODE           	774C	0000	51
		_AddMSToTick   		CODE           	6554	0000	139

../TimeTick.c estimated size: 374

../CRC32.c
		_crc32         		CODE           	5FDE	0000	167

../CRC32.c estimated size: 167

../src/Bridge.c
		_MiApp_EstablishConnection		CODE           	6084	0000	165
		_radioDiscardPacket		CODE           	7C80	0000	5
		_MiApp_RequestData		CODE           	7C8C	0000	5
		_MiApp_TransceiverPowerState		CODE           	7B8C	0000	21
		_radioBroadcast		CODE           	6F0A	0000	95
		_MiApp_ProtocolInit		CODE           	6B92	0000	105
		_MiApp_UnicastAddress		CODE           	74B2	0000	67
		_MiApp_GetParentAddress		CODE           	7A2A	0000	29
		_NetworkDiscoveredEvent		CODE           	434A	0000	419
		_MiApp_SetAddressPan		CODE           	6BFA	0000	105
		_SendPacket    		CODE           	6268	0000	159
		_MiApp_SetChannel		CODE           	7C06	0000	13
		_NetworkDataArrivedEvent		CODE           	6E4E	0000	95
		_radioUnicast  		CODE           	6F68	0000	93
		_MiApp_DiscardMessage		CODE           	7C6C	0000	9
		_MiApp_MessageAvailable		CODE           	5676	0000	263
		_MiApp_SearchConnection		CODE           	542E	0000	293
		_AddNodeToNetworkTable		CODE           	3C88	0000	457
		_MiApp_IsMemberOfNetwork		CODE           	7C94	0000	5

../src/Bridge.c estimated size: 2403

../Cache.c
		_isKnownPacket 		CODE           	31B8	0000	623
		_CacheInit     		CODE           	7A94	0000	25

../Cache.c estimated size: 648

../DeviceManager.c
		_IsNetworkDevice		CODE           	41A6	0000	421
		_DeviceManagerInit		CODE           	7A60	0000	27
		_DeviceManagerBufferDeviceData		CODE           	7C26	0000	11
		_DeviceManagerGetDeviceData		CODE           	7C1C	0000	11
		_DeviceManagerGetDeviceType		CODE           	6662	0000	133

../DeviceManager.c estimated size: 603

C:\Program Files (x86)\Microchip\xc8\v1.38\sources\common\lwdiv.c
		___lwdiv       		CODE           	730E	0000	75

C:\Program Files (x86)\Microchip\xc8\v1.38\sources\common\lwdiv.c estimated size: 75

../TunnelManager.c
		_TunnelManagerInvalidateTunnel		CODE           	61CA	0000	159
		_TunnelManagerGetTunnel		CODE           	4AFC	0000	369
		_TunnelManagerSetTunnel		CODE           	3426	0000	623
		_TunnelManagerInit		CODE           	7AF2	0000	23

../TunnelManager.c estimated size: 1174

C:\Program Files (x86)\Microchip\xc8\v1.38\sources\common\awdiv.c
		___awdiv       		CODE           	6866	0000	121

C:\Program Files (x86)\Microchip\xc8\v1.38\sources\common\awdiv.c estimated size: 121

../src/system_config/miwikit_pic18f46j50_24j40/delay.c
		_DelayUS       		CODE           	7896	0000	45
		_DelayMs       		CODE           	63A0	0000	151

../src/system_config/miwikit_pic18f46j50_24j40/delay.c estimated size: 196

../LinkEstimator.c
		_LE_InsertNeighbor		CODE           	5F30	0000	175
		_LE_GetNeighborDeviceType		CODE           	7632	0000	61
		_LE_PinNeighbor		CODE           	73E4	0000	71
		_LELinkQualityGet		CODE           	69CC	0000	119
		_LE_ClearDLQ   		CODE           	6EAC	0000	95
		_le_findWorstNeighborIdx		CODE           	51CA	0000	319
		_le_findEmptyNeighborIdx		CODE           	72C2	0000	77
		_LE_processReceivedMessage		CODE           	4C6C	0000	367
		_le_updateNeighborTableEst		CODE           	29C8	0000	701
		_LE_UnpinNeighbor		CODE           	739E	0000	71
		_LE_RemoveNeighborDevice		CODE           	6A42	0000	117
		_le_findRandomNeighborIdx		CODE           	3ABE	0000	459
		_LinkEstimatorInit		CODE           	7BFA	0000	13
		_LEAppendNeighborInfo		CODE           	4802	0000	387
		_le_computeETX 		CODE           	7578	0000	63
		_le_updateNeighborEntryIdx		CODE           	4DDA	0000	353
		_le_findIdx    		CODE           	6CC6	0000	101
		_le_initNeighborIdx		CODE           	65DE	0000	133
		_le_updateETX  		CODE           	6DEE	0000	97

../LinkEstimator.c estimated size: 3779

C:\Program Files (x86)\Microchip\xc8\v1.38\sources\common\lldiv.c
		___lldiv       		CODE           	6956	0000	119

C:\Program Files (x86)\Microchip\xc8\v1.38\sources\common\lldiv.c estimated size: 119

../krnd.c
		_krndInit      		CODE           	5CFE	0000	195
		_krnd          		CODE           	44EC	0000	397

../krnd.c estimated size: 592

shared
		i2_NetworkAddressSizeGet		CODE           	7CB4	0000	5
		i2_isSameAddress		CODE           	79AE	0000	35
		_crc32_table   		MEDIUMCONST    	FB7F	0000	1025
		i2_PHYGetShortRAMAddr		CODE           	78EC	0000	43
		_mySecurityLevel		MEDIUMCONST    	FF9F	0000	2
		i2_PHYGetLongRAMAddr		CODE           	7272	0000	81
		isBroadcastAddress@F537		MEDIUMCONST    	FF97	0000	9
		i2_PHYSetShortRAMAddr		CODE           	7916	0000	41
		__initialization		CODE           	5C28	0000	201
		i2_PHYSetLongRAMAddr		CODE           	7222	0000	81
		i2_SPIGet      		CODE           	7C58	0000	11
		_hexpowers     		MEDIUMCONST    	FF8F	0000	9
		i2_SPIPut      		CODE           	7B76	0000	23
		i2_memcmp      		CODE           	7178	0000	87
		_mySecurityKey 		MEDIUMCONST    	FF7F	0000	17

shared estimated size: 1670

../src/system_config/miwikit_pic18f46j50_24j40/symbol.c
		_TimerEnterCritical		CODE           	7CA4	0000	5
		_InitSymbolTimer		CODE           	7B60	0000	23
		_MiWi_TickGet  		CODE           	746E	0000	69
		_TimerEnable   		CODE           	7CA0	0000	5
		_MiWi_TickGetMs		CODE           	7716	0000	55
		_TimerExitCritical		CODE           	7C9C	0000	5
		_TimerDisable  		CODE           	7CA8	0000	5

../src/system_config/miwikit_pic18f46j50_24j40/symbol.c estimated size: 167

../BroadcastManager.c
		_BroadcastManagerInit		CODE           	7AAC	0000	25
		_BroadcastManagerDelaySend		CODE           	4678	0000	395
		_BroadcastManagerTask		CODE           	38CE	0000	497

../BroadcastManager.c estimated size: 917

C:\Program Files (x86)\Microchip\xc8\v1.38\sources\common\memset.c
		_memset        		CODE           	78C2	0000	43

C:\Program Files (x86)\Microchip\xc8\v1.38\sources\common\memset.c estimated size: 43

C:\Program Files (x86)\Microchip\xc8\v1.38\sources\common\isdigit.c
		_isdigit       		CODE           	79EE	0000	31

C:\Program Files (x86)\Microchip\xc8\v1.38\sources\common\isdigit.c estimated size: 31

../RouteManager.c
		_RouteManagerTask		CODE           	7358	0000	71
		_RouteManagerPerformUpdate		CODE           	206E	0000	811
		_RouteManagerInit		CODE           	783A	0000	47
		_RouteManagerSetNeighborCongested		CODE           	7CB8	0000	3
		_GetRouteAddressOfChild		CODE           	64C6	0000	143
		_RouteManagerRequestUpdate		CODE           	7C74	0000	7
		_RouteManagerProcessReceive		CODE           	4984	0000	377
		_routingTableFind		CODE           	67EA	0000	125
		_RouterEvicted 		CODE           	5DC0	0000	187
		_RMRoutingTableCount		CODE           	7C30	0000	11
		_RoutingTableFindDeviceOrParent		CODE           	5882	0000	241
		_routingTableUpdateEntry		CODE           	5084	0000	327
		_passLinkEtxThreshold		CODE           	7BC8	0000	15
		_routeInfoInit 		CODE           	71CE	0000	85
		_RouteManagerShouldInsert		CODE           	5972	0000	241

../RouteManager.c estimated size: 2691

../src/system_config/miwikit_pic18f46j50_24j40/spi.c
		_SPIPut2       		CODE           	7AC4	0000	25
		_SPIGet        		CODE           	7C4E	0000	11
		_SPIGet2       		CODE           	7C12	0000	11
		_SPIPut        		CODE           	7A7A	0000	27

../src/system_config/miwikit_pic18f46j50_24j40/spi.c estimated size: 74

C:\Program Files (x86)\Microchip\xc8\v1.38\sources\common\doprnt.c
		_sprintf       		CODE           	2C84	0000	679

C:\Program Files (x86)\Microchip\xc8\v1.38\sources\common\doprnt.c estimated size: 679

../BeaconManager.c
		_netResetInterval		CODE           	7B1E	0000	23
		_BeaconManagerTrigger		CODE           	7C84	0000	5
		_netChooseAdvertiseTime		CODE           	68DE	0000	121
		_netDecayInterval		CODE           	76AA	0000	55
		_MiApp_IsNetworkBusy		CODE           	7CBE	0000	3
		_BeaconManagerTask		CODE           	5B46	0000	227
		_networkSendBeacon		CODE           	3694	0000	571
		_BeaconManagerInit		CODE           	7A0C	0000	31

../BeaconManager.c estimated size: 1036

../NetworkBridge.c
		_NetworkUnicastData		CODE           	3E50	0000	431
		_radioReceivedPacket		CODE           	0480	0000	1981

../NetworkBridge.c estimated size: 2412

