Microchip Technology Inc, v1.26 (A)

Tool Name:
  c:\program files (x86)\microchip\xc16\v1.26\bin\bin\..\bin/elf-ld.exe

Command:
  -p24FJ128GA010 \
  -o \
  dist/exp16_pic24fj128ga010_24j40_SleepRFD/production/miwi_mesh.X.production.elf \
  -Lc:/program files (x86)/microchip/xc16/v1.26/bin/bin/.. \
  -Lc:/program files (x86)/microchip/xc16/v1.26/bin/bin/../../lib \
  -Lc:/program files (x86)/microchip/xc16/v1.26/bin/bin/../../support/PIC24E/gld \
  -Lc:/program files (x86)/microchip/xc16/v1.26/bin/bin/../../support/PIC24F/gld \
  -Lc:/program files (x86)/microchip/xc16/v1.26/bin/bin/../../support/PIC24H/gld \
  -Lc:/program files (x86)/microchip/xc16/v1.26/bin/bin/../../support/dsPIC30F/gld \
  -Lc:/program files (x86)/microchip/xc16/v1.26/bin/bin/../../support/dsPIC33E/gld \
  -Lc:/program files (x86)/microchip/xc16/v1.26/bin/bin/../../support/dsPIC33F/gld \
  build/exp16_pic24fj128ga010_24j40_SleepRFD/production/_ext/1308774647/drv_mrf_miwi_mesh_24j40.o \
  build/exp16_pic24fj128ga010_24j40_SleepRFD/production/_ext/360740241/delay.o \
  build/exp16_pic24fj128ga010_24j40_SleepRFD/production/_ext/360740241/lcd.o \
  build/exp16_pic24fj128ga010_24j40_SleepRFD/production/_ext/360740241/spi.o \
  build/exp16_pic24fj128ga010_24j40_SleepRFD/production/_ext/360740241/symbol.o \
  build/exp16_pic24fj128ga010_24j40_SleepRFD/production/_ext/360740241/system.o \
  build/exp16_pic24fj128ga010_24j40_SleepRFD/production/_ext/1360937237/Bridge.o \
  build/exp16_pic24fj128ga010_24j40_SleepRFD/production/_ext/1360937237/mainRFD-Sleeping.o \
  ..\MiWi_Mesh_Library\Libraries\dist\PIC24_ADDR_8\production\16Bit_MiWiMesh24GhzLib.a \
  ..\MiWi_Mesh_Library\Libraries\dist\PIC24_ADDR_2\production\16Bit_MiWiMeshSubGhz.a \
  --defsym=__MPLAB_BUILD=1 \
  -Tp24FJ128GA010.gld.00 \
  --stack=16 \
  --check-sections \
  --data-init \
  --pack-data \
  --handles \
  --isr \
  --no-gc-sections \
  --fill-upper=0 \
  --stackguard=16 \
  --no-force-link \
  --smart-io \
  -Map=dist/exp16_pic24fj128ga010_24j40_SleepRFD/production/miwi_mesh.X.production.map \
  --report-mem \
  --memorysummary \
  dist/exp16_pic24fj128ga010_24j40_SleepRFD/production/memoryfile.xml \
  -start-group \
  --library=lega-pic30-elf \
  --library=m-elf \
  --library=lega-c-elf \
  -end-group \

Archive member included because of file (symbol)

..\MiWi_Mesh_Library\Libraries\dist\PIC24_ADDR_8\production\16Bit_MiWiMesh24GhzLib.a(NetworkBridge.o)
                              build/exp16_pic24fj128ga010_24j40_SleepRFD/production/_ext/1360937237/Bridge.o (_radioReceivedPacket)
..\MiWi_Mesh_Library\Libraries\dist\PIC24_ADDR_8\production\16Bit_MiWiMesh24GhzLib.a(RouteManager.o)
                              ..\MiWi_Mesh_Library\Libraries\dist\PIC24_ADDR_8\production\16Bit_MiWiMesh24GhzLib.a(NetworkBridge.o) (_RouteManagerProcessReceive)
..\MiWi_Mesh_Library\Libraries\dist\PIC24_ADDR_8\production\16Bit_MiWiMesh24GhzLib.a(BeaconManager.o)
                              ..\MiWi_Mesh_Library\Libraries\dist\PIC24_ADDR_8\production\16Bit_MiWiMesh24GhzLib.a(RouteManager.o) (_BeaconManagerTrigger)
..\MiWi_Mesh_Library\Libraries\dist\PIC24_ADDR_8\production\16Bit_MiWiMesh24GhzLib.a(LinkEstimator.o)
                              ..\MiWi_Mesh_Library\Libraries\dist\PIC24_ADDR_8\production\16Bit_MiWiMesh24GhzLib.a(RouteManager.o) (_le_findIdx)
..\MiWi_Mesh_Library\Libraries\dist\PIC24_ADDR_8\production\16Bit_MiWiMesh24GhzLib.a(BroadcastManager.o)
                              ..\MiWi_Mesh_Library\Libraries\dist\PIC24_ADDR_8\production\16Bit_MiWiMesh24GhzLib.a(NetworkBridge.o) (_BroadcastManagerDelaySend)
..\MiWi_Mesh_Library\Libraries\dist\PIC24_ADDR_8\production\16Bit_MiWiMesh24GhzLib.a(TunnelManager.o)
                              ..\MiWi_Mesh_Library\Libraries\dist\PIC24_ADDR_8\production\16Bit_MiWiMesh24GhzLib.a(NetworkBridge.o) (_TunnelManagerSetTunnel)
..\MiWi_Mesh_Library\Libraries\dist\PIC24_ADDR_8\production\16Bit_MiWiMesh24GhzLib.a(Cache.o)
                              ..\MiWi_Mesh_Library\Libraries\dist\PIC24_ADDR_8\production\16Bit_MiWiMesh24GhzLib.a(NetworkBridge.o) (_isKnownPacket)
..\MiWi_Mesh_Library\Libraries\dist\PIC24_ADDR_8\production\16Bit_MiWiMesh24GhzLib.a(TransportManager.o)
                              ..\MiWi_Mesh_Library\Libraries\dist\PIC24_ADDR_8\production\16Bit_MiWiMesh24GhzLib.a(NetworkBridge.o) (_TMSendFormedPacketTowardsCoordinator)
..\MiWi_Mesh_Library\Libraries\dist\PIC24_ADDR_8\production\16Bit_MiWiMesh24GhzLib.a(NetworkManager.o)
                              build/exp16_pic24fj128ga010_24j40_SleepRFD/production/_ext/1360937237/Bridge.o (_NetworkManagerTask)
..\MiWi_Mesh_Library\Libraries\dist\PIC24_ADDR_8\production\16Bit_MiWiMesh24GhzLib.a(DeviceManager.o)
                              ..\MiWi_Mesh_Library\Libraries\dist\PIC24_ADDR_8\production\16Bit_MiWiMesh24GhzLib.a(NetworkBridge.o) (_IsNetworkDevice)
..\MiWi_Mesh_Library\Libraries\dist\PIC24_ADDR_8\production\16Bit_MiWiMesh24GhzLib.a(krnd.o)
[...]
Memory Configuration

Name             Origin             Length             Attributes
data             0x000800           0x002000           a !xr
reset            0x000000           0x000004  
ivt              0x000004           0x0000fc  
_reserved        0x000100           0x000004  
aivt             0x000104           0x0000fc  
program          0x000200           0x0155fc           xr
CONFIG2          0x0157fc           0x000002  
CONFIG1          0x0157fe           0x000002  
*default*        0x000000           0xffffffff  

Linker script and memory map

LOAD build/exp16_pic24fj128ga010_24j40_SleepRFD/production/_ext/1308774647/drv_mrf_miwi_mesh_24j40.o
LOAD build/exp16_pic24fj128ga010_24j40_SleepRFD/production/_ext/360740241/delay.o
LOAD build/exp16_pic24fj128ga010_24j40_SleepRFD/production/_ext/360740241/lcd.o
LOAD build/exp16_pic24fj128ga010_24j40_SleepRFD/production/_ext/360740241/spi.o
LOAD build/exp16_pic24fj128ga010_24j40_SleepRFD/production/_ext/360740241/symbol.o
LOAD build/exp16_pic24fj128ga010_24j40_SleepRFD/production/_ext/360740241/system.o
LOAD build/exp16_pic24fj128ga010_24j40_SleepRFD/production/_ext/1360937237/Bridge.o
LOAD build/exp16_pic24fj128ga010_24j40_SleepRFD/production/_ext/1360937237/mainRFD-Sleeping.o
LOAD ..\MiWi_Mesh_Library\Libraries\dist\PIC24_ADDR_8\production\16Bit_MiWiMesh24GhzLib.a
LOAD ..\MiWi_Mesh_Library\Libraries\dist\PIC24_ADDR_2\production\16Bit_MiWiMeshSubGhz.a
                    0x0001                  __MPLAB_BUILD = 0x1
LOAD pPIC24Fxxx
LOAD c:/program files (x86)/microchip/xc16/v1.26/bin/bin/../../lib\libfx-elf.a
                    0x157fc                  __CONFIG2 = 0x157fc
                    0x157fe                  __CONFIG1 = 0x157fe
                    0x0200                  __CODE_BASE = 0x200
                    0x155fc                  __CODE_LENGTH = 0x155fc
                    0x0004                  __IVT_BASE = 0x4
                    0x0104                  __AIVT_BASE = 0x104
                    0x0800                  __DATA_BASE = 0x800
                    0x2000                  __DATA_LENGTH = 0x2000

.reset            0x000000          0x4
                  0x000000          0x2 SHORT 0x200 ABSOLUTE (__reset)
                  0x000001          0x2 SHORT 0x4
                  0x000002          0x2 SHORT 0x0 ((ABSOLUTE (__reset) >> 0x10) & 0x7f)
                  0x000003          0x2 SHORT 0x0

.text             0x000200        0xbbe
 *(.init)
 .init            0x000200         0x3c c:/program files (x86)/microchip/xc16/v1.26/bin/bin/../../lib\liblega-pic30-elf.a(crt0_standard.o)
                  0x000200                  __resetPRI
                  0x000200                  __reset
                  0x00022c                  __psv_init
 .init            0x00023c         0x6c c:/program files (x86)/microchip/xc16/v1.26/bin/bin/../../lib\liblega-pic30-elf.a(data_init_standard.o)
                  0x00023c                  __data_init_standard
                  0x00023c                  __data_init
 *(.user_init)
 *(.handle)
 .handle          0x0002a8          0x4 jump_table
 *(.isr*)
 .isr             0x0002ac          0x4 default_isr
                  0x0002ac                  __DefaultInterrupt
 *(.libc)
 *(.libm)
 *(.libdsp)
 *(.lib*)
 .libm.udivsi3    0x0002b0         0x20 c:/program files (x86)/microchip/xc16/v1.26/bin/bin/../../lib\libm-elf.a(udivsi3.eo)
                  0x0002b0                  ___udivsi3
 .libm.__PplusBdi
                  0x0002d0         0x26 c:/program files (x86)/microchip/xc16/v1.26/bin/bin/../../lib\libm-elf.a(divmoddi3.eo)
 .libm.__PminusBdi
                  0x0002f6         0x26 c:/program files (x86)/microchip/xc16/v1.26/bin/bin/../../lib\libm-elf.a(divmoddi3.eo)
 .libm.__udivmoddi3
                  0x00031c         0xe6 c:/program files (x86)/microchip/xc16/v1.26/bin/bin/../../lib\libm-elf.a(divmoddi3.eo)
                  0x00031c                  ___udivmoddi3
 .libm.__udivdi3
                  0x000402          0xe c:/program files (x86)/microchip/xc16/v1.26/bin/bin/../../lib\libm-elf.a(divmoddi3.eo)
                  0x000402                  ___udivdi3
 .libm.__umoddi3
                  0x000410          0x8 c:/program files (x86)/microchip/xc16/v1.26/bin/bin/../../lib\libm-elf.a(divmoddi3.eo)
                  0x000410                  ___umoddi3
 .libm.__divdi3
                  0x000418         0x60 c:/program files (x86)/microchip/xc16/v1.26/bin/bin/../../lib\libm-elf.a(divmoddi3.eo)
                  0x000418                  ___divdi3
 .libm.__moddi3
                  0x000478         0x5c c:/program files (x86)/microchip/xc16/v1.26/bin/bin/../../lib\libm-elf.a(divmoddi3.eo)
                  0x000478                  ___moddi3
 .libm.__muldi3
                  0x0004d4         0x52 c:/program files (x86)/microchip/xc16/v1.26/bin/bin/../../lib\libm-elf.a(muldi3.eo)
                  0x0004d4                  ___muldi3
 .libm.umuldi3    0x000526         0x44 c:/program files (x86)/microchip/xc16/v1.26/bin/bin/../../lib\libm-elf.a(umuldi3.eo)
                  0x000526                  ___umuldi3
 .libc.memcmp     0x00056a         0x1c c:/program files (x86)/microchip/xc16/v1.26/bin/bin/../../lib\liblega-c-elf.a(memcmp.XXeo)
                  0x00056a                  _memcmp
 .libc.memcpy     0x000586          0xe c:/program files (x86)/microchip/xc16/v1.26/bin/bin/../../lib\liblega-c-elf.a(memcpy.XXeo)
                  0x000586                  _memcpy
 .libc.memset     0x000594          0xe c:/program files (x86)/microchip/xc16/v1.26/bin/bin/../../lib\liblega-c-elf.a(memset.XXeo)
                  0x000594                  _memset
 .libc.prout      0x0005a2          0xe c:/program files (x86)/microchip/xc16/v1.26/bin/bin/../../lib\liblega-c-elf.a(sprintf_cdnopsuxX.XXeo)
                  0x0005a2                  sprintf_cdnopsuxX.XXeo:_prout
 .libc._sprintf_cdnopsuxX
                  0x0005b0         0x1e c:/program files (x86)/microchip/xc16/v1.26/bin/bin/../../lib\liblega-c-elf.a(sprintf_cdnopsuxX.XXeo)
                  0x0005b0                  __sprintf_cdnopsuxX
 .libc.__Printf_cdnopsuxX
                  0x0005ce        0x164 c:/program files (x86)/microchip/xc16/v1.26/bin/bin/../../lib\liblega-c-elf.a(xprintf_cdnopsuxX.XXeo)
                  0x0005ce                  ___Printf_cdnopsuxX
 .libc.__Putfld_cdnopsuxX
                  0x000732        0x256 c:/program files (x86)/microchip/xc16/v1.26/bin/bin/../../lib\liblega-c-elf.a(xputfld_cdnopsuxX.XXeo)
                  0x000732                  ___Putfld_cdnopsuxX
 .libc.memchr     0x000988         0x14 c:/program files (x86)/microchip/xc16/v1.26/bin/bin/../../lib\liblega-c-elf.a(memchr.XXeo)
                  0x000988                  _memchr
 .libc.strchr     0x00099c         0x18 c:/program files (x86)/microchip/xc16/v1.26/bin/bin/../../lib\liblega-c-elf.a(strchr.XXeo)
                  0x00099c                  _strchr
 .libc.strlen     0x0009b4          0xc c:/program files (x86)/microchip/xc16/v1.26/bin/bin/../../lib\liblega-c-elf.a(strlen.XXeo)
                  0x0009b4                  _strlen
 .libc._Litob     0x0009c0        0x25e c:/program files (x86)/microchip/xc16/v1.26/bin/bin/../../lib\liblega-c-elf.a(xlitob.XXeo)
                  0x0009c0                  __Litob
 .libc._Puttxt    0x000c1e        0x178 c:/program files (x86)/microchip/xc16/v1.26/bin/bin/../../lib\liblega-c-elf.a(xputtxt.XXeo)
                  0x000c1e                  __Puttxt
 .libc._Vacopy    0x000d96          0x4 c:/program files (x86)/microchip/xc16/v1.26/bin/bin/../../lib\liblega-c-elf.a(xvacopy.XXeo)
                  0x000d96                  __Vacopy
 .libm.divsi3     0x000d9a         0x1e c:/program files (x86)/microchip/xc16/v1.26/bin/bin/../../lib\libm-elf.a(divsi3.eo)
                  0x000d9a                  ___divsi3
 .libm.umodsi3    0x000db8          0x6 c:/program files (x86)/microchip/xc16/v1.26/bin/bin/../../lib\libm-elf.a(umodsi3.eo)
                  0x000db8                  ___umodsi3

usercode
 *(usercode)

__CONFIG2
 *(__CONFIG2.sec*)

__CONFIG1
 *(__CONFIG1.sec*)

.comment
 *(.comment)

.debug_info       0x000000       0xd050
 *(.debug_info)
 .debug_info      0x000000       0x1b48 build/exp16_pic24fj128ga010_24j40_SleepRFD/production/_ext/1308774647/drv_mrf_miwi_mesh_24j40.o
 .debug_info      0x001b48        0x1ce build/exp16_pic24fj128ga010_24j40_SleepRFD/production/_ext/360740241/delay.o
 .debug_info      0x001d16        0xb51 build/exp16_pic24fj128ga010_24j40_SleepRFD/production/_ext/360740241/lcd.o
 .debug_info      0x002867        0x474 build/exp16_pic24fj128ga010_24j40_SleepRFD/production/_ext/360740241/spi.o
 .debug_info      0x002cdb        0x633 build/exp16_pic24fj128ga010_24j40_SleepRFD/production/_ext/360740241/symbol.o
 .debug_info      0x00330e       0x1c59 build/exp16_pic24fj128ga010_24j40_SleepRFD/production/_ext/360740241/system.o
 .debug_info      0x004f67       0x1597 build/exp16_pic24fj128ga010_24j40_SleepRFD/production/_ext/1360937237/Bridge.o
 .debug_info      0x0064fe        0xc88 build/exp16_pic24fj128ga010_24j40_SleepRFD/production/_ext/1360937237/mainRFD-Sleeping.o
 .debug_info      0x007186        0x96b ..\MiWi_Mesh_Library\Libraries\dist\PIC24_ADDR_8\production\16Bit_MiWiMesh24GhzLib.a(NetworkBridge.o)
 .debug_info      0x007af1        0xd2e ..\MiWi_Mesh_Library\Libraries\dist\PIC24_ADDR_8\production\16Bit_MiWiMesh24GhzLib.a(RouteManager.o)
 .debug_info      0x00881f        0x8e1 ..\MiWi_Mesh_Library\Libraries\dist\PIC24_ADDR_8\production\16Bit_MiWiMesh24GhzLib.a(BeaconManager.o)
 .debug_info      0x009100        0xec7 ..\MiWi_Mesh_Library\Libraries\dist\PIC24_ADDR_8\production\16Bit_MiWiMesh24GhzLib.a(LinkEstimator.o)
 .debug_info      0x009fc7        0x34d ..\MiWi_Mesh_Library\Libraries\dist\PIC24_ADDR_8\production\16Bit_MiWiMesh24GhzLib.a(BroadcastManager.o)
 .debug_info      0x00a314        0x51b ..\MiWi_Mesh_Library\Libraries\dist\PIC24_ADDR_8\production\16Bit_MiWiMesh24GhzLib.a(TunnelManager.o)
 .debug_info      0x00a82f        0x313 ..\MiWi_Mesh_Library\Libraries\dist\PIC24_ADDR_8\production\16Bit_MiWiMesh24GhzLib.a(Cache.o)
 .debug_info      0x00ab42        0x8bf ..\MiWi_Mesh_Library\Libraries\dist\PIC24_ADDR_8\production\16Bit_MiWiMesh24GhzLib.a(TransportManager.o)
 .debug_info      0x00b401        0xe7e ..\MiWi_Mesh_Library\Libraries\dist\PIC24_ADDR_8\production\16Bit_MiWiMesh24GhzLib.a(NetworkManager.o)
 .debug_info      0x00c27f        0x6f9 ..\MiWi_Mesh_Library\Libraries\dist\PIC24_ADDR_8\production\16Bit_MiWiMesh24GhzLib.a(DeviceManager.o)
 .debug_info      0x00c978        0x227 ..\MiWi_Mesh_Library\Libraries\dist\PIC24_ADDR_8\production\16Bit_MiWiMesh24GhzLib.a(krnd.o)
 .debug_info      0x00cb9f        0x296 ..\MiWi_Mesh_Library\Libraries\dist\PIC24_ADDR_8\production\16Bit_MiWiMesh24GhzLib.a(TimeTick.o)
 .debug_info      0x00ce35        0x21b ..\MiWi_Mesh_Library\Libraries\dist\PIC24_ADDR_8\production\16Bit_MiWiMesh24GhzLib.a(CRC32.o)
 *(.gnu.linkonce.wi.*)

.debug_abbrev     0x000000       0x1e1e
 *(.debug_abbrev)
 .debug_abbrev    0x000000        0x288 build/exp16_pic24fj128ga010_24j40_SleepRFD/production/_ext/1308774647/drv_mrf_miwi_mesh_24j40.o
 .debug_abbrev    0x000288         0x76 build/exp16_pic24fj128ga010_24j40_SleepRFD/production/_ext/360740241/delay.o
 .debug_abbrev    0x0002fe        0x10b build/exp16_pic24fj128ga010_24j40_SleepRFD/production/_ext/360740241/lcd.o
 .debug_abbrev    0x000409        0x13c build/exp16_pic24fj128ga010_24j40_SleepRFD/production/_ext/360740241/spi.o
 .debug_abbrev    0x000545        0x15e build/exp16_pic24fj128ga010_24j40_SleepRFD/production/_ext/360740241/symbol.o
 .debug_abbrev    0x0006a3        0x1b3 build/exp16_pic24fj128ga010_24j40_SleepRFD/production/_ext/360740241/system.o
 .debug_abbrev    0x000856        0x2fb build/exp16_pic24fj128ga010_24j40_SleepRFD/production/_ext/1360937237/Bridge.o
 .debug_abbrev    0x000b51        0x1f8 build/exp16_pic24fj128ga010_24j40_SleepRFD/production/_ext/1360937237/mainRFD-Sleeping.o
 .debug_abbrev    0x000d49        0x1e4 ..\MiWi_Mesh_Library\Libraries\dist\PIC24_ADDR_8\production\16Bit_MiWiMesh24GhzLib.a(NetworkBridge.o)
 .debug_abbrev    0x000f2d        0x1fd ..\MiWi_Mesh_Library\Libraries\dist\PIC24_ADDR_8\production\16Bit_MiWiMesh24GhzLib.a(RouteManager.o)
 .debug_abbrev    0x00112a        0x198 ..\MiWi_Mesh_Library\Libraries\dist\PIC24_ADDR_8\production\16Bit_MiWiMesh24GhzLib.a(BeaconManager.o)
 .debug_abbrev    0x0012c2        0x1f0 ..\MiWi_Mesh_Library\Libraries\dist\PIC24_ADDR_8\production\16Bit_MiWiMesh24GhzLib.a(LinkEstimator.o)
 .debug_abbrev    0x0014b2         0xea ..\MiWi_Mesh_Library\Libraries\dist\PIC24_ADDR_8\production\16Bit_MiWiMesh24GhzLib.a(BroadcastManager.o)
 .debug_abbrev    0x00159c        0x14e ..\MiWi_Mesh_Library\Libraries\dist\PIC24_ADDR_8\production\16Bit_MiWiMesh24GhzLib.a(TunnelManager.o)
 .debug_abbrev    0x0016ea         0xca ..\MiWi_Mesh_Library\Libraries\dist\PIC24_ADDR_8\production\16Bit_MiWiMesh24GhzLib.a(Cache.o)
 .debug_abbrev    0x0017b4        0x18f ..\MiWi_Mesh_Library\Libraries\dist\PIC24_ADDR_8\production\16Bit_MiWiMesh24GhzLib.a(TransportManager.o)
 .debug_abbrev    0x001943        0x1f7 ..\MiWi_Mesh_Library\Libraries\dist\PIC24_ADDR_8\production\16Bit_MiWiMesh24GhzLib.a(NetworkManager.o)
 .debug_abbrev    0x001b3a        0x112 ..\MiWi_Mesh_Library\Libraries\dist\PIC24_ADDR_8\production\16Bit_MiWiMesh24GhzLib.a(DeviceManager.o)
 .debug_abbrev    0x001c4c         0x7a ..\MiWi_Mesh_Library\Libraries\dist\PIC24_ADDR_8\production\16Bit_MiWiMesh24GhzLib.a(krnd.o)
 .debug_abbrev    0x001cc6         0xb1 ..\MiWi_Mesh_Library\Libraries\dist\PIC24_ADDR_8\production\16Bit_MiWiMesh24GhzLib.a(TimeTick.o)
 .debug_abbrev    0x001d77         0xa7 ..\MiWi_Mesh_Library\Libraries\dist\PIC24_ADDR_8\production\16Bit_MiWiMesh24GhzLib.a(CRC32.o)

.debug_line       0x000000       0x4490
 *(.debug_line)
 .debug_line      0x000000        0x4b4 build/exp16_pic24fj128ga010_24j40_SleepRFD/production/_ext/1308774647/drv_mrf_miwi_mesh_24j40.o
 .debug_line      0x0004b4         0xc2 build/exp16_pic24fj128ga010_24j40_SleepRFD/production/_ext/360740241/delay.o
 .debug_line      0x000576        0x1a6 build/exp16_pic24fj128ga010_24j40_SleepRFD/production/_ext/360740241/lcd.o
 .debug_line      0x00071c        0x13b build/exp16_pic24fj128ga010_24j40_SleepRFD/production/_ext/360740241/spi.o
 .debug_line      0x000857        0x14f build/exp16_pic24fj128ga010_24j40_SleepRFD/production/_ext/360740241/symbol.o
 .debug_line      0x0009a6        0x1cd build/exp16_pic24fj128ga010_24j40_SleepRFD/production/_ext/360740241/system.o
 .debug_line      0x000b73        0x258 build/exp16_pic24fj128ga010_24j40_SleepRFD/production/_ext/1360937237/Bridge.o
 .debug_line      0x000dcb        0x239 build/exp16_pic24fj128ga010_24j40_SleepRFD/production/_ext/1360937237/mainRFD-Sleeping.o
 .debug_line      0x001004        0x50f ..\MiWi_Mesh_Library\Libraries\dist\PIC24_ADDR_8\production\16Bit_MiWiMesh24GhzLib.a(NetworkBridge.o)
 .debug_line      0x001513        0x6f6 ..\MiWi_Mesh_Library\Libraries\dist\PIC24_ADDR_8\production\16Bit_MiWiMesh24GhzLib.a(RouteManager.o)
 .debug_line      0x001c09        0x37f ..\MiWi_Mesh_Library\Libraries\dist\PIC24_ADDR_8\production\16Bit_MiWiMesh24GhzLib.a(BeaconManager.o)
 .debug_line      0x001f88        0x95b ..\MiWi_Mesh_Library\Libraries\dist\PIC24_ADDR_8\production\16Bit_MiWiMesh24GhzLib.a(LinkEstimator.o)
 .debug_line      0x0028e3        0x1bc ..\MiWi_Mesh_Library\Libraries\dist\PIC24_ADDR_8\production\16Bit_MiWiMesh24GhzLib.a(BroadcastManager.o)
 .debug_line      0x002a9f        0x2c1 ..\MiWi_Mesh_Library\Libraries\dist\PIC24_ADDR_8\production\16Bit_MiWiMesh24GhzLib.a(TunnelManager.o)
 .debug_line      0x002d60        0x1c5 ..\MiWi_Mesh_Library\Libraries\dist\PIC24_ADDR_8\production\16Bit_MiWiMesh24GhzLib.a(Cache.o)
 .debug_line      0x002f25        0x4f6 ..\MiWi_Mesh_Library\Libraries\dist\PIC24_ADDR_8\production\16Bit_MiWiMesh24GhzLib.a(TransportManager.o)
 .debug_line      0x00341b        0x967 ..\MiWi_Mesh_Library\Libraries\dist\PIC24_ADDR_8\production\16Bit_MiWiMesh24GhzLib.a(NetworkManager.o)
 .debug_line      0x003d82        0x3d3 ..\MiWi_Mesh_Library\Libraries\dist\PIC24_ADDR_8\production\16Bit_MiWiMesh24GhzLib.a(DeviceManager.o)
 .debug_line      0x004155        0x10c ..\MiWi_Mesh_Library\Libraries\dist\PIC24_ADDR_8\production\16Bit_MiWiMesh24GhzLib.a(krnd.o)
 .debug_line      0x004261        0x154 ..\MiWi_Mesh_Library\Libraries\dist\PIC24_ADDR_8\production\16Bit_MiWiMesh24GhzLib.a(TimeTick.o)
 .debug_line      0x0043b5         0xdb ..\MiWi_Mesh_Library\Libraries\dist\PIC24_ADDR_8\production\16Bit_MiWiMesh24GhzLib.a(CRC32.o)

.debug_frame      0x000000       0x109a
 *(.debug_frame)
 .debug_frame     0x000000        0x1d8 build/exp16_pic24fj128ga010_24j40_SleepRFD/production/_ext/1308774647/drv_mrf_miwi_mesh_24j40.o
 .debug_frame     0x0001d8         0x4c build/exp16_pic24fj128ga010_24j40_SleepRFD/production/_ext/360740241/delay.o
 .debug_frame     0x000224         0x84 build/exp16_pic24fj128ga010_24j40_SleepRFD/production/_ext/360740241/lcd.o
 .debug_frame     0x0002a8         0x84 build/exp16_pic24fj128ga010_24j40_SleepRFD/production/_ext/360740241/spi.o
 .debug_frame     0x00032c         0xde build/exp16_pic24fj128ga010_24j40_SleepRFD/production/_ext/360740241/symbol.o
 .debug_frame     0x00040a         0xfa build/exp16_pic24fj128ga010_24j40_SleepRFD/production/_ext/360740241/system.o
 .debug_frame     0x000504        0x2ac build/exp16_pic24fj128ga010_24j40_SleepRFD/production/_ext/1360937237/Bridge.o
 .debug_frame     0x0007b0         0xba build/exp16_pic24fj128ga010_24j40_SleepRFD/production/_ext/1360937237/mainRFD-Sleeping.o
 .debug_frame     0x00086a         0xb4 ..\MiWi_Mesh_Library\Libraries\dist\PIC24_ADDR_8\production\16Bit_MiWiMesh24GhzLib.a(NetworkBridge.o)
 .debug_frame     0x00091e        0x130 ..\MiWi_Mesh_Library\Libraries\dist\PIC24_ADDR_8\production\16Bit_MiWiMesh24GhzLib.a(RouteManager.o)
 .debug_frame     0x000a4e         0x94 ..\MiWi_Mesh_Library\Libraries\dist\PIC24_ADDR_8\production\16Bit_MiWiMesh24GhzLib.a(BeaconManager.o)
 .debug_frame     0x000ae2        0x144 ..\MiWi_Mesh_Library\Libraries\dist\PIC24_ADDR_8\production\16Bit_MiWiMesh24GhzLib.a(LinkEstimator.o)
 .debug_frame     0x000c26         0x44 ..\MiWi_Mesh_Library\Libraries\dist\PIC24_ADDR_8\production\16Bit_MiWiMesh24GhzLib.a(BroadcastManager.o)
 .debug_frame     0x000c6a         0x74 ..\MiWi_Mesh_Library\Libraries\dist\PIC24_ADDR_8\production\16Bit_MiWiMesh24GhzLib.a(TunnelManager.o)
 .debug_frame     0x000cde         0x34 ..\MiWi_Mesh_Library\Libraries\dist\PIC24_ADDR_8\production\16Bit_MiWiMesh24GhzLib.a(Cache.o)
 .debug_frame     0x000d12         0x94 ..\MiWi_Mesh_Library\Libraries\dist\PIC24_ADDR_8\production\16Bit_MiWiMesh24GhzLib.a(TransportManager.o)
 .debug_frame     0x000da6        0x1c4 ..\MiWi_Mesh_Library\Libraries\dist\PIC24_ADDR_8\production\16Bit_MiWiMesh24GhzLib.a(NetworkManager.o)
 .debug_frame     0x000f6a         0x74 ..\MiWi_Mesh_Library\Libraries\dist\PIC24_ADDR_8\production\16Bit_MiWiMesh24GhzLib.a(DeviceManager.o)
 .debug_frame     0x000fde         0x34 ..\MiWi_Mesh_Library\Libraries\dist\PIC24_ADDR_8\production\16Bit_MiWiMesh24GhzLib.a(krnd.o)
 .debug_frame     0x001012         0x64 ..\MiWi_Mesh_Library\Libraries\dist\PIC24_ADDR_8\production\16Bit_MiWiMesh24GhzLib.a(TimeTick.o)
 .debug_frame     0x001076         0x24 ..\MiWi_Mesh_Library\Libraries\dist\PIC24_ADDR_8\production\16Bit_MiWiMesh24GhzLib.a(CRC32.o)

.debug_str        0x000000        0x707
 *(.debug_str)
 .debug_str       0x000000        0x1a1 build/exp16_pic24fj128ga010_24j40_SleepRFD/production/_ext/1308774647/drv_mrf_miwi_mesh_24j40.o
 .debug_str       0x0001a1         0x39 build/exp16_pic24fj128ga010_24j40_SleepRFD/production/_ext/360740241/lcd.o
 .debug_str       0x0001da         0x12 build/exp16_pic24fj128ga010_24j40_SleepRFD/production/_ext/360740241/spi.o
 .debug_str       0x0001ec         0x35 build/exp16_pic24fj128ga010_24j40_SleepRFD/production/_ext/360740241/symbol.o
 .debug_str       0x000221         0xdd build/exp16_pic24fj128ga010_24j40_SleepRFD/production/_ext/360740241/system.o
 .debug_str       0x0002fe        0x150 build/exp16_pic24fj128ga010_24j40_SleepRFD/production/_ext/1360937237/Bridge.o
 .debug_str       0x00044e         0x4a build/exp16_pic24fj128ga010_24j40_SleepRFD/production/_ext/1360937237/mainRFD-Sleeping.o
 .debug_str       0x000498         0x4a ..\MiWi_Mesh_Library\Libraries\dist\PIC24_ADDR_8\production\16Bit_MiWiMesh24GhzLib.a(NetworkBridge.o)
 .debug_str       0x0004e2         0x9d ..\MiWi_Mesh_Library\Libraries\dist\PIC24_ADDR_8\production\16Bit_MiWiMesh24GhzLib.a(RouteManager.o)
 .debug_str       0x00057f         0x62 ..\MiWi_Mesh_Library\Libraries\dist\PIC24_ADDR_8\production\16Bit_MiWiMesh24GhzLib.a(BeaconManager.o)
 .debug_str       0x0005e1         0x48 ..\MiWi_Mesh_Library\Libraries\dist\PIC24_ADDR_8\production\16Bit_MiWiMesh24GhzLib.a(LinkEstimator.o)
 .debug_str       0x000629         0x11 ..\MiWi_Mesh_Library\Libraries\dist\PIC24_ADDR_8\production\16Bit_MiWiMesh24GhzLib.a(TunnelManager.o)
 .debug_str       0x00063a          0x9 ..\MiWi_Mesh_Library\Libraries\dist\PIC24_ADDR_8\production\16Bit_MiWiMesh24GhzLib.a(Cache.o)
 .debug_str       0x000643         0x12 ..\MiWi_Mesh_Library\Libraries\dist\PIC24_ADDR_8\production\16Bit_MiWiMesh24GhzLib.a(TransportManager.o)
 .debug_str       0x000655         0x78 ..\MiWi_Mesh_Library\Libraries\dist\PIC24_ADDR_8\production\16Bit_MiWiMesh24GhzLib.a(NetworkManager.o)
 .debug_str       0x0006cd         0x2e ..\MiWi_Mesh_Library\Libraries\dist\PIC24_ADDR_8\production\16Bit_MiWiMesh24GhzLib.a(DeviceManager.o)
 .debug_str       0x0006fb          0xc ..\MiWi_Mesh_Library\Libraries\dist\PIC24_ADDR_8\production\16Bit_MiWiMesh24GhzLib.a(CRC32.o)

.debug_loc
 *(.debug_loc)

.debug_macinfo
 *(.debug_macinfo)

.debug_pubnames
                  0x000000       0x169b
 *(.debug_pubnames)
 .debug_pubnames
                  0x000000        0x275 build/exp16_pic24fj128ga010_24j40_SleepRFD/production/_ext/1308774647/drv_mrf_miwi_mesh_24j40.o
 .debug_pubnames
                  0x000275         0x2a build/exp16_pic24fj128ga010_24j40_SleepRFD/production/_ext/360740241/delay.o
 .debug_pubnames
                  0x00029f         0x49 build/exp16_pic24fj128ga010_24j40_SleepRFD/production/_ext/360740241/lcd.o
 .debug_pubnames
                  0x0002e8         0x40 build/exp16_pic24fj128ga010_24j40_SleepRFD/production/_ext/360740241/spi.o
 .debug_pubnames
                  0x000328         0xb1 build/exp16_pic24fj128ga010_24j40_SleepRFD/production/_ext/360740241/symbol.o
 .debug_pubnames
                  0x0003d9         0xd8 build/exp16_pic24fj128ga010_24j40_SleepRFD/production/_ext/360740241/system.o
 .debug_pubnames
                  0x0004b1        0x355 build/exp16_pic24fj128ga010_24j40_SleepRFD/production/_ext/1360937237/Bridge.o
 .debug_pubnames
                  0x000806         0x8a build/exp16_pic24fj128ga010_24j40_SleepRFD/production/_ext/1360937237/mainRFD-Sleeping.o
 .debug_pubnames
                  0x000890         0xee ..\MiWi_Mesh_Library\Libraries\dist\PIC24_ADDR_8\production\16Bit_MiWiMesh24GhzLib.a(NetworkBridge.o)
 .debug_pubnames
                  0x00097e        0x250 ..\MiWi_Mesh_Library\Libraries\dist\PIC24_ADDR_8\production\16Bit_MiWiMesh24GhzLib.a(RouteManager.o)
 .debug_pubnames
                  0x000bce        0x138 ..\MiWi_Mesh_Library\Libraries\dist\PIC24_ADDR_8\production\16Bit_MiWiMesh24GhzLib.a(BeaconManager.o)
 .debug_pubnames
                  0x000d06        0x21c ..\MiWi_Mesh_Library\Libraries\dist\PIC24_ADDR_8\production\16Bit_MiWiMesh24GhzLib.a(LinkEstimator.o)
 .debug_pubnames
                  0x000f22         0x6b ..\MiWi_Mesh_Library\Libraries\dist\PIC24_ADDR_8\production\16Bit_MiWiMesh24GhzLib.a(BroadcastManager.o)
 .debug_pubnames
                  0x000f8d         0xdc ..\MiWi_Mesh_Library\Libraries\dist\PIC24_ADDR_8\production\16Bit_MiWiMesh24GhzLib.a(TunnelManager.o)
 .debug_pubnames
                  0x001069         0x3f ..\MiWi_Mesh_Library\Libraries\dist\PIC24_ADDR_8\production\16Bit_MiWiMesh24GhzLib.a(Cache.o)
 .debug_pubnames
                  0x0010a8         0xfd ..\MiWi_Mesh_Library\Libraries\dist\PIC24_ADDR_8\production\16Bit_MiWiMesh24GhzLib.a(TransportManager.o)
 .debug_pubnames
                  0x0011a5        0x35f ..\MiWi_Mesh_Library\Libraries\dist\PIC24_ADDR_8\production\16Bit_MiWiMesh24GhzLib.a(NetworkManager.o)
 .debug_pubnames
                  0x001504         0xba ..\MiWi_Mesh_Library\Libraries\dist\PIC24_ADDR_8\production\16Bit_MiWiMesh24GhzLib.a(DeviceManager.o)
 .debug_pubnames
                  0x0015be         0x28 ..\MiWi_Mesh_Library\Libraries\dist\PIC24_ADDR_8\production\16Bit_MiWiMesh24GhzLib.a(krnd.o)
 .debug_pubnames
                  0x0015e6         0x89 ..\MiWi_Mesh_Library\Libraries\dist\PIC24_ADDR_8\production\16Bit_MiWiMesh24GhzLib.a(TimeTick.o)
 .debug_pubnames
                  0x00166f         0x2c ..\MiWi_Mesh_Library\Libraries\dist\PIC24_ADDR_8\production\16Bit_MiWiMesh24GhzLib.a(CRC32.o)

.debug_ranges
 *(.debug_ranges)

.debug_aranges    0x000000        0x1f8
 *(.debug_aranges)
 .debug_aranges
                  0x000000         0x18 build/exp16_pic24fj128ga010_24j40_SleepRFD/production/_ext/1308774647/drv_mrf_miwi_mesh_24j40.o
 .debug_aranges
                  0x000018         0x18 build/exp16_pic24fj128ga010_24j40_SleepRFD/production/_ext/360740241/delay.o
 .debug_aranges
                  0x000030         0x18 build/exp16_pic24fj128ga010_24j40_SleepRFD/production/_ext/360740241/lcd.o
 .debug_aranges
                  0x000048         0x18 build/exp16_pic24fj128ga010_24j40_SleepRFD/production/_ext/360740241/spi.o
 .debug_aranges
                  0x000060         0x18 build/exp16_pic24fj128ga010_24j40_SleepRFD/production/_ext/360740241/symbol.o
 .debug_aranges
                  0x000078         0x18 build/exp16_pic24fj128ga010_24j40_SleepRFD/production/_ext/360740241/system.o
 .debug_aranges
                  0x000090         0x18 build/exp16_pic24fj128ga010_24j40_SleepRFD/production/_ext/1360937237/Bridge.o
 .debug_aranges
                  0x0000a8         0x18 build/exp16_pic24fj128ga010_24j40_SleepRFD/production/_ext/1360937237/mainRFD-Sleeping.o
 .debug_aranges
                  0x0000c0         0x18 ..\MiWi_Mesh_Library\Libraries\dist\PIC24_ADDR_8\production\16Bit_MiWiMesh24GhzLib.a(NetworkBridge.o)
 .debug_aranges
                  0x0000d8         0x18 ..\MiWi_Mesh_Library\Libraries\dist\PIC24_ADDR_8\production\16Bit_MiWiMesh24GhzLib.a(RouteManager.o)
 .debug_aranges
                  0x0000f0         0x18 ..\MiWi_Mesh_Library\Libraries\dist\PIC24_ADDR_8\production\16Bit_MiWiMesh24GhzLib.a(BeaconManager.o)
 .debug_aranges
                  0x000108         0x18 ..\MiWi_Mesh_Library\Libraries\dist\PIC24_ADDR_8\production\16Bit_MiWiMesh24GhzLib.a(LinkEstimator.o)
 .debug_aranges
                  0x000120         0x18 ..\MiWi_Mesh_Library\Libraries\dist\PIC24_ADDR_8\production\16Bit_MiWiMesh24GhzLib.a(BroadcastManager.o)
 .debug_aranges
                  0x000138         0x18 ..\MiWi_Mesh_Library\Libraries\dist\PIC24_ADDR_8\production\16Bit_MiWiMesh24GhzLib.a(TunnelManager.o)
 .debug_aranges
                  0x000150         0x18 ..\MiWi_Mesh_Library\Libraries\dist\PIC24_ADDR_8\production\16Bit_MiWiMesh24GhzLib.a(Cache.o)
 .debug_aranges
                  0x000168         0x18 ..\MiWi_Mesh_Library\Libraries\dist\PIC24_ADDR_8\production\16Bit_MiWiMesh24GhzLib.a(TransportManager.o)
 .debug_aranges
                  0x000180         0x18 ..\MiWi_Mesh_Library\Libraries\dist\PIC24_ADDR_8\production\16Bit_MiWiMesh24GhzLib.a(NetworkManager.o)
 .debug_aranges
                  0x000198         0x18 ..\MiWi_Mesh_Library\Libraries\dist\PIC24_ADDR_8\production\16Bit_MiWiMesh24GhzLib.a(DeviceManager.o)
 .debug_aranges
                  0x0001b0         0x18 ..\MiWi_Mesh_Library\Libraries\dist\PIC24_ADDR_8\production\16Bit_MiWiMesh24GhzLib.a(krnd.o)
 .debug_aranges
                  0x0001c8         0x18 ..\MiWi_Mesh_Library\Libraries\dist\PIC24_ADDR_8\production\16Bit_MiWiMesh24GhzLib.a(TimeTick.o)
 .debug_aranges
                  0x0001e0         0x18 ..\MiWi_Mesh_Library\Libraries\dist\PIC24_ADDR_8\production\16Bit_MiWiMesh24GhzLib.a(CRC32.o)
                    0x0000                  WREG0 = 0x0
                    0x0000                  _WREG0 = 0x0
                    0x0002                  WREG1 = 0x2
                    0x0002                  _WREG1 = 0x2
                    0x0004                  WREG2 = 0x4
                    0x0004                  _WREG2 = 0x4
                    0x0006                  WREG3 = 0x6
                    0x0006                  _WREG3 = 0x6
                    0x0008                  WREG4 = 0x8
                    0x0008                  _WREG4 = 0x8
                    0x000a                  WREG5 = 0xa
                    0x000a                  _WREG5 = 0xa
                    0x000c                  WREG6 = 0xc
                    0x000c                  _WREG6 = 0xc
                    0x000e                  WREG7 = 0xe
                    0x000e                  _WREG7 = 0xe
                    0x0010                  WREG8 = 0x10
                    0x0010                  _WREG8 = 0x10
                    0x0012                  WREG9 = 0x12
                    0x0012                  _WREG9 = 0x12
                    0x0014                  WREG10 = 0x14
                    0x0014                  _WREG10 = 0x14
                    0x0016                  WREG11 = 0x16
                    0x0016                  _WREG11 = 0x16
                    0x0018                  WREG12 = 0x18
                    0x0018                  _WREG12 = 0x18
                    0x001a                  WREG13 = 0x1a
                    0x001a                  _WREG13 = 0x1a
                    0x001c                  WREG14 = 0x1c
                    0x001c                  _WREG14 = 0x1c
                    0x001e                  WREG15 = 0x1e
                    0x001e                  _WREG15 = 0x1e
                    0x0020                  SPLIM = 0x20
                    0x0020                  _SPLIM = 0x20
                    0x002e                  PCL = 0x2e
                    0x002e                  _PCL = 0x2e
                    0x0030                  PCH = 0x30
                    0x0030                  _PCH = 0x30
                    0x0032                  TBLPAG = 0x32
                    0x0032                  _TBLPAG = 0x32
                    0x0034                  PSVPAG = 0x34
                    0x0034                  _PSVPAG = 0x34
                    0x0036                  RCOUNT = 0x36
                    0x0036                  _RCOUNT = 0x36
                    0x0042                  SR = 0x42
                    0x0042                  _SR = 0x42
                    0x0042                  _SRbits = 0x42
                    0x0044                  CORCON = 0x44
                    0x0044                  _CORCON = 0x44
                    0x0044                  _CORCONbits = 0x44
                    0x0052                  DISICNT = 0x52
                    0x0052                  _DISICNT = 0x52
                    0x0060                  CNEN1 = 0x60
                    0x0060                  _CNEN1 = 0x60
                    0x0060                  _CNEN1bits = 0x60
                    0x0062                  CNEN2 = 0x62
                    0x0062                  _CNEN2 = 0x62
                    0x0062                  _CNEN2bits = 0x62
                    0x0068                  CNPU1 = 0x68
                    0x0068                  _CNPU1 = 0x68
                    0x0068                  _CNPU1bits = 0x68
                    0x006a                  CNPU2 = 0x6a
                    0x006a                  _CNPU2 = 0x6a
                    0x006a                  _CNPU2bits = 0x6a
                    0x0080                  INTCON1 = 0x80
                    0x0080                  _INTCON1 = 0x80
                    0x0080                  _INTCON1bits = 0x80
                    0x0082                  INTCON2 = 0x82
                    0x0082                  _INTCON2 = 0x82
                    0x0082                  _INTCON2bits = 0x82
                    0x0084                  IFS0 = 0x84
                    0x0084                  _IFS0 = 0x84
                    0x0084                  _IFS0bits = 0x84
                    0x0086                  IFS1 = 0x86
                    0x0086                  _IFS1 = 0x86
                    0x0086                  _IFS1bits = 0x86
                    0x0088                  IFS2 = 0x88
                    0x0088                  _IFS2 = 0x88
                    0x0088                  _IFS2bits = 0x88
                    0x008a                  IFS3 = 0x8a
                    0x008a                  _IFS3 = 0x8a
                    0x008a                  _IFS3bits = 0x8a
                    0x008c                  IFS4 = 0x8c
                    0x008c                  _IFS4 = 0x8c
                    0x008c                  _IFS4bits = 0x8c
                    0x0094                  IEC0 = 0x94
                    0x0094                  _IEC0 = 0x94
                    0x0094                  _IEC0bits = 0x94
                    0x0096                  IEC1 = 0x96
                    0x0096                  _IEC1 = 0x96
                    0x0096                  _IEC1bits = 0x96
                    0x0098                  IEC2 = 0x98
                    0x0098                  _IEC2 = 0x98
                    0x0098                  _IEC2bits = 0x98
                    0x009a                  IEC3 = 0x9a
                    0x009a                  _IEC3 = 0x9a
                    0x009a                  _IEC3bits = 0x9a
                    0x009c                  IEC4 = 0x9c
                    0x009c                  _IEC4 = 0x9c
                    0x009c                  _IEC4bits = 0x9c
                    0x00a4                  IPC0 = 0xa4
                    0x00a4                  _IPC0 = 0xa4
                    0x00a4                  _IPC0bits = 0xa4
                    0x00a6                  IPC1 = 0xa6
                    0x00a6                  _IPC1 = 0xa6
                    0x00a6                  _IPC1bits = 0xa6
                    0x00a8                  IPC2 = 0xa8
                    0x00a8                  _IPC2 = 0xa8
                    0x00a8                  _IPC2bits = 0xa8
                    0x00aa                  IPC3 = 0xaa
                    0x00aa                  _IPC3 = 0xaa
                    0x00aa                  _IPC3bits = 0xaa
                    0x00ac                  IPC4 = 0xac
                    0x00ac                  _IPC4 = 0xac
                    0x00ac                  _IPC4bits = 0xac
                    0x00ae                  IPC5 = 0xae
                    0x00ae                  _IPC5 = 0xae
                    0x00ae                  _IPC5bits = 0xae
                    0x00b0                  IPC6 = 0xb0
                    0x00b0                  _IPC6 = 0xb0
                    0x00b0                  _IPC6bits = 0xb0
                    0x00b2                  IPC7 = 0xb2
                    0x00b2                  _IPC7 = 0xb2
                    0x00b2                  _IPC7bits = 0xb2
                    0x00b4                  IPC8 = 0xb4
                    0x00b4                  _IPC8 = 0xb4
                    0x00b4                  _IPC8bits = 0xb4
                    0x00b6                  IPC9 = 0xb6
                    0x00b6                  _IPC9 = 0xb6
                    0x00b6                  _IPC9bits = 0xb6
                    0x00b8                  IPC10 = 0xb8
                    0x00b8                  _IPC10 = 0xb8
                    0x00b8                  _IPC10bits = 0xb8
                    0x00ba                  IPC11 = 0xba
                    0x00ba                  _IPC11 = 0xba
                    0x00ba                  _IPC11bits = 0xba
                    0x00bc                  IPC12 = 0xbc
                    0x00bc                  _IPC12 = 0xbc
                    0x00bc                  _IPC12bits = 0xbc
                    0x00be                  IPC13 = 0xbe
                    0x00be                  _IPC13 = 0xbe
                    0x00be                  _IPC13bits = 0xbe
                    0x00c2                  IPC15 = 0xc2
                    0x00c2                  _IPC15 = 0xc2
                    0x00c2                  _IPC15bits = 0xc2
                    0x00c4                  IPC16 = 0xc4
                    0x00c4                  _IPC16 = 0xc4
                    0x00c4                  _IPC16bits = 0xc4
                    0x00e0                  INTTREG = 0xe0
                    0x00e0                  _INTTREG = 0xe0
                    0x00e0                  _INTTREGbits = 0xe0
                    0x0100                  TMR1 = 0x100
                    0x0100                  _TMR1 = 0x100
                    0x0102                  PR1 = 0x102
                    0x0102                  _PR1 = 0x102
                    0x0104                  T1CON = 0x104
                    0x0104                  _T1CON = 0x104
                    0x0104                  _T1CONbits = 0x104
                    0x0106                  TMR2 = 0x106
                    0x0106                  _TMR2 = 0x106
                    0x0108                  TMR3HLD = 0x108
                    0x0108                  _TMR3HLD = 0x108
                    0x010a                  TMR3 = 0x10a
                    0x010a                  _TMR3 = 0x10a
                    0x010c                  PR2 = 0x10c
                    0x010c                  _PR2 = 0x10c
                    0x010e                  PR3 = 0x10e
                    0x010e                  _PR3 = 0x10e
                    0x0110                  T2CON = 0x110
                    0x0110                  _T2CON = 0x110
                    0x0110                  _T2CONbits = 0x110
                    0x0112                  T3CON = 0x112
                    0x0112                  _T3CON = 0x112
                    0x0112                  _T3CONbits = 0x112
                    0x0114                  TMR4 = 0x114
                    0x0114                  _TMR4 = 0x114
                    0x0116                  TMR5HLD = 0x116
                    0x0116                  _TMR5HLD = 0x116
                    0x0118                  TMR5 = 0x118
                    0x0118                  _TMR5 = 0x118
                    0x011a                  PR4 = 0x11a
                    0x011a                  _PR4 = 0x11a
                    0x011c                  PR5 = 0x11c
                    0x011c                  _PR5 = 0x11c
                    0x011e                  T4CON = 0x11e
                    0x011e                  _T4CON = 0x11e
                    0x011e                  _T4CONbits = 0x11e
                    0x0120                  T5CON = 0x120
                    0x0120                  _T5CON = 0x120
                    0x0120                  _T5CONbits = 0x120
                    0x0140                  IC1BUF = 0x140
                    0x0140                  _IC1BUF = 0x140
                    0x0142                  IC1CON = 0x142
                    0x0142                  _IC1CON = 0x142
                    0x0142                  _IC1CONbits = 0x142
                    0x0144                  IC2BUF = 0x144
                    0x0144                  _IC2BUF = 0x144
                    0x0146                  IC2CON = 0x146
                    0x0146                  _IC2CON = 0x146
                    0x0146                  _IC2CONbits = 0x146
                    0x0148                  IC3BUF = 0x148
                    0x0148                  _IC3BUF = 0x148
                    0x014a                  IC3CON = 0x14a
                    0x014a                  _IC3CON = 0x14a
                    0x014a                  _IC3CONbits = 0x14a
                    0x014c                  IC4BUF = 0x14c
                    0x014c                  _IC4BUF = 0x14c
                    0x014e                  IC4CON = 0x14e
                    0x014e                  _IC4CON = 0x14e
                    0x014e                  _IC4CONbits = 0x14e
                    0x0150                  IC5BUF = 0x150
                    0x0150                  _IC5BUF = 0x150
                    0x0152                  IC5CON = 0x152
                    0x0152                  _IC5CON = 0x152
                    0x0152                  _IC5CONbits = 0x152
                    0x0180                  OC1RS = 0x180
                    0x0180                  _OC1RS = 0x180
                    0x0182                  OC1R = 0x182
                    0x0182                  _OC1R = 0x182
                    0x0184                  OC1CON = 0x184
                    0x0184                  _OC1CON = 0x184
                    0x0184                  _OC1CONbits = 0x184
                    0x0186                  OC2RS = 0x186
                    0x0186                  _OC2RS = 0x186
                    0x0188                  OC2R = 0x188
                    0x0188                  _OC2R = 0x188
                    0x018a                  OC2CON = 0x18a
                    0x018a                  _OC2CON = 0x18a
                    0x018a                  _OC2CONbits = 0x18a
                    0x018c                  OC3RS = 0x18c
                    0x018c                  _OC3RS = 0x18c
                    0x018e                  OC3R = 0x18e
                    0x018e                  _OC3R = 0x18e
                    0x0190                  OC3CON = 0x190
                    0x0190                  _OC3CON = 0x190
                    0x0190                  _OC3CONbits = 0x190
                    0x0192                  OC4RS = 0x192
                    0x0192                  _OC4RS = 0x192
                    0x0194                  OC4R = 0x194
                    0x0194                  _OC4R = 0x194
                    0x0196                  OC4CON = 0x196
                    0x0196                  _OC4CON = 0x196
                    0x0196                  _OC4CONbits = 0x196
                    0x0198                  OC5RS = 0x198
                    0x0198                  _OC5RS = 0x198
                    0x019a                  OC5R = 0x19a
                    0x019a                  _OC5R = 0x19a
                    0x019c                  OC5CON = 0x19c
                    0x019c                  _OC5CON = 0x19c
                    0x019c                  _OC5CONbits = 0x19c
                    0x0200                  I2C1RCV = 0x200
                    0x0200                  _I2C1RCV = 0x200
                    0x0202                  I2C1TRN = 0x202
                    0x0202                  _I2C1TRN = 0x202
                    0x0204                  I2C1BRG = 0x204
                    0x0204                  _I2C1BRG = 0x204
                    0x0206                  I2C1CON = 0x206
                    0x0206                  _I2C1CON = 0x206
                    0x0206                  _I2C1CONbits = 0x206
                    0x0208                  I2C1STAT = 0x208
                    0x0208                  _I2C1STAT = 0x208
                    0x0208                  _I2C1STATbits = 0x208
                    0x020a                  I2C1ADD = 0x20a
                    0x020a                  _I2C1ADD = 0x20a
                    0x020c                  I2C1MSK = 0x20c
                    0x020c                  _I2C1MSK = 0x20c
                    0x0210                  I2C2RCV = 0x210
                    0x0210                  _I2C2RCV = 0x210
                    0x0212                  I2C2TRN = 0x212
                    0x0212                  _I2C2TRN = 0x212
                    0x0214                  I2C2BRG = 0x214
                    0x0214                  _I2C2BRG = 0x214
                    0x0216                  I2C2CON = 0x216
                    0x0216                  _I2C2CON = 0x216
                    0x0216                  _I2C2CONbits = 0x216
                    0x0218                  I2C2STAT = 0x218
                    0x0218                  _I2C2STAT = 0x218
                    0x0218                  _I2C2STATbits = 0x218
                    0x021a                  I2C2ADD = 0x21a
                    0x021a                  _I2C2ADD = 0x21a
                    0x021c                  I2C2MSK = 0x21c
                    0x021c                  _I2C2MSK = 0x21c
                    0x0220                  U1MODE = 0x220
                    0x0220                  _U1MODE = 0x220
                    0x0220                  _U1MODEbits = 0x220
                    0x0222                  U1STA = 0x222
                    0x0222                  _U1STA = 0x222
                    0x0222                  _U1STAbits = 0x222
                    0x0224                  U1TXREG = 0x224
                    0x0224                  _U1TXREG = 0x224
                    0x0226                  U1RXREG = 0x226
                    0x0226                  _U1RXREG = 0x226
                    0x0228                  U1BRG = 0x228
                    0x0228                  _U1BRG = 0x228
                    0x0230                  U2MODE = 0x230
                    0x0230                  _U2MODE = 0x230
                    0x0230                  _U2MODEbits = 0x230
                    0x0232                  U2STA = 0x232
                    0x0232                  _U2STA = 0x232
                    0x0232                  _U2STAbits = 0x232
                    0x0234                  U2TXREG = 0x234
                    0x0234                  _U2TXREG = 0x234
                    0x0236                  U2RXREG = 0x236
                    0x0236                  _U2RXREG = 0x236
                    0x0238                  U2BRG = 0x238
                    0x0238                  _U2BRG = 0x238
                    0x0240                  SPI1STAT = 0x240
                    0x0240                  _SPI1STAT = 0x240
                    0x0240                  _SPI1STATbits = 0x240
                    0x0242                  SPI1CON1 = 0x242
                    0x0242                  _SPI1CON1 = 0x242
                    0x0242                  _SPI1CON1bits = 0x242
                    0x0244                  SPI1CON2 = 0x244
                    0x0244                  _SPI1CON2 = 0x244
                    0x0244                  _SPI1CON2bits = 0x244
                    0x0248                  SPI1BUF = 0x248
                    0x0248                  _SPI1BUF = 0x248
                    0x0260                  SPI2STAT = 0x260
                    0x0260                  _SPI2STAT = 0x260
                    0x0260                  _SPI2STATbits = 0x260
                    0x0262                  SPI2CON1 = 0x262
                    0x0262                  _SPI2CON1 = 0x262
                    0x0262                  _SPI2CON1bits = 0x262
                    0x0264                  SPI2CON2 = 0x264
                    0x0264                  _SPI2CON2 = 0x264
                    0x0264                  _SPI2CON2bits = 0x264
                    0x0268                  SPI2BUF = 0x268
                    0x0268                  _SPI2BUF = 0x268
                    0x02c0                  TRISA = 0x2c0
                    0x02c0                  _TRISA = 0x2c0
                    0x02c0                  _TRISAbits = 0x2c0
                    0x02c2                  PORTA = 0x2c2
                    0x02c2                  _PORTA = 0x2c2
                    0x02c2                  _PORTAbits = 0x2c2
                    0x02c4                  LATA = 0x2c4
                    0x02c4                  _LATA = 0x2c4
                    0x02c4                  _LATAbits = 0x2c4
                    0x02c6                  TRISB = 0x2c6
                    0x02c6                  _TRISB = 0x2c6
                    0x02c6                  _TRISBbits = 0x2c6
                    0x02c8                  PORTB = 0x2c8
                    0x02c8                  _PORTB = 0x2c8
                    0x02c8                  _PORTBbits = 0x2c8
                    0x02ca                  LATB = 0x2ca
                    0x02ca                  _LATB = 0x2ca
                    0x02ca                  _LATBbits = 0x2ca
                    0x02cc                  TRISC = 0x2cc
                    0x02cc                  _TRISC = 0x2cc
                    0x02cc                  _TRISCbits = 0x2cc
                    0x02ce                  PORTC = 0x2ce
                    0x02ce                  _PORTC = 0x2ce
                    0x02ce                  _PORTCbits = 0x2ce
                    0x02d0                  LATC = 0x2d0
                    0x02d0                  _LATC = 0x2d0
                    0x02d0                  _LATCbits = 0x2d0
                    0x02d2                  TRISD = 0x2d2
                    0x02d2                  _TRISD = 0x2d2
                    0x02d2                  _TRISDbits = 0x2d2
                    0x02d4                  PORTD = 0x2d4
                    0x02d4                  _PORTD = 0x2d4
                    0x02d4                  _PORTDbits = 0x2d4
                    0x02d6                  LATD = 0x2d6
                    0x02d6                  _LATD = 0x2d6
                    0x02d6                  _LATDbits = 0x2d6
                    0x02d8                  TRISE = 0x2d8
                    0x02d8                  _TRISE = 0x2d8
                    0x02d8                  _TRISEbits = 0x2d8
                    0x02da                  PORTE = 0x2da
                    0x02da                  _PORTE = 0x2da
                    0x02da                  _PORTEbits = 0x2da
                    0x02dc                  LATE = 0x2dc
                    0x02dc                  _LATE = 0x2dc
                    0x02dc                  _LATEbits = 0x2dc
                    0x02de                  TRISF = 0x2de
                    0x02de                  _TRISF = 0x2de
                    0x02de                  _TRISFbits = 0x2de
                    0x02e0                  PORTF = 0x2e0
                    0x02e0                  _PORTF = 0x2e0
                    0x02e0                  _PORTFbits = 0x2e0
                    0x02e2                  LATF = 0x2e2
                    0x02e2                  _LATF = 0x2e2
                    0x02e2                  _LATFbits = 0x2e2
                    0x02e4                  TRISG = 0x2e4
                    0x02e4                  _TRISG = 0x2e4
                    0x02e4                  _TRISGbits = 0x2e4
                    0x02e6                  PORTG = 0x2e6
                    0x02e6                  _PORTG = 0x2e6
                    0x02e6                  _PORTGbits = 0x2e6
                    0x02e8                  LATG = 0x2e8
                    0x02e8                  _LATG = 0x2e8
                    0x02e8                  _LATGbits = 0x2e8
                    0x02fc                  PADCFG1 = 0x2fc
                    0x02fc                  _PADCFG1 = 0x2fc
                    0x02fc                  _PADCFG1bits = 0x2fc
                    0x0300                  ADC1BUF0 = 0x300
                    0x0300                  _ADC1BUF0 = 0x300
                    0x0302                  ADC1BUF1 = 0x302
                    0x0302                  _ADC1BUF1 = 0x302
                    0x0304                  ADC1BUF2 = 0x304
                    0x0304                  _ADC1BUF2 = 0x304
                    0x0306                  ADC1BUF3 = 0x306
                    0x0306                  _ADC1BUF3 = 0x306
                    0x0308                  ADC1BUF4 = 0x308
                    0x0308                  _ADC1BUF4 = 0x308
                    0x030a                  ADC1BUF5 = 0x30a
                    0x030a                  _ADC1BUF5 = 0x30a
                    0x030c                  ADC1BUF6 = 0x30c
                    0x030c                  _ADC1BUF6 = 0x30c
                    0x030e                  ADC1BUF7 = 0x30e
                    0x030e                  _ADC1BUF7 = 0x30e
                    0x0310                  ADC1BUF8 = 0x310
                    0x0310                  _ADC1BUF8 = 0x310
                    0x0312                  ADC1BUF9 = 0x312
                    0x0312                  _ADC1BUF9 = 0x312
                    0x0314                  ADC1BUFA = 0x314
                    0x0314                  _ADC1BUFA = 0x314
                    0x0316                  ADC1BUFB = 0x316
                    0x0316                  _ADC1BUFB = 0x316
                    0x0318                  ADC1BUFC = 0x318
                    0x0318                  _ADC1BUFC = 0x318
                    0x031a                  ADC1BUFD = 0x31a
                    0x031a                  _ADC1BUFD = 0x31a
                    0x031c                  ADC1BUFE = 0x31c
                    0x031c                  _ADC1BUFE = 0x31c
                    0x031e                  ADC1BUFF = 0x31e
                    0x031e                  _ADC1BUFF = 0x31e
                    0x0320                  AD1CON1 = 0x320
                    0x0320                  _AD1CON1 = 0x320
                    0x0320                  _AD1CON1bits = 0x320
                    0x0322                  AD1CON2 = 0x322
                    0x0322                  _AD1CON2 = 0x322
                    0x0322                  _AD1CON2bits = 0x322
                    0x0324                  AD1CON3 = 0x324
                    0x0324                  _AD1CON3 = 0x324
                    0x0324                  _AD1CON3bits = 0x324
                    0x0328                  AD1CHS = 0x328
                    0x0328                  _AD1CHS = 0x328
                    0x0328                  _AD1CHSbits = 0x328
                    0x032c                  AD1PCFG = 0x32c
                    0x032c                  _AD1PCFG = 0x32c
                    0x032c                  _AD1PCFGbits = 0x32c
                    0x0330                  AD1CSSL = 0x330
                    0x0330                  _AD1CSSL = 0x330
                    0x0330                  _AD1CSSLbits = 0x330
                    0x0600                  PMCON = 0x600
                    0x0600                  _PMCON = 0x600
                    0x0600                  _PMCONbits = 0x600
                    0x0602                  PMMODE = 0x602
                    0x0602                  _PMMODE = 0x602
                    0x0602                  _PMMODEbits = 0x602
                    0x0604                  PMADDR = 0x604
                    0x0604                  _PMADDR = 0x604
                    0x0604                  _PMADDRbits = 0x604
                    0x0604                  PMDOUT1 = 0x604
                    0x0604                  _PMDOUT1 = 0x604
                    0x0606                  PMDOUT2 = 0x606
                    0x0606                  _PMDOUT2 = 0x606
                    0x0608                  PMDIN1 = 0x608
                    0x0608                  _PMDIN1 = 0x608
                    0x060a                  PMDIN2 = 0x60a
                    0x060a                  _PMDIN2 = 0x60a
                    0x060c                  PMAEN = 0x60c
                    0x060c                  _PMAEN = 0x60c
                    0x060c                  _PMAENbits = 0x60c
                    0x060e                  PMSTAT = 0x60e
                    0x060e                  _PMSTAT = 0x60e
                    0x060e                  _PMSTATbits = 0x60e
                    0x0620                  ALRMVAL = 0x620
                    0x0620                  _ALRMVAL = 0x620
                    0x0622                  ALCFGRPT = 0x622
                    0x0622                  _ALCFGRPT = 0x622
                    0x0622                  _ALCFGRPTbits = 0x622
                    0x0624                  RTCVAL = 0x624
                    0x0624                  _RTCVAL = 0x624
                    0x0626                  RCFGCAL = 0x626
                    0x0626                  _RCFGCAL = 0x626
                    0x0626                  _RCFGCALbits = 0x626
                    0x0630                  CMCON = 0x630
                    0x0630                  _CMCON = 0x630
                    0x0630                  _CMCONbits = 0x630
                    0x0632                  CVRCON = 0x632
                    0x0632                  _CVRCON = 0x632
                    0x0632                  _CVRCONbits = 0x632
                    0x0640                  CRCCON = 0x640
                    0x0640                  _CRCCON = 0x640
                    0x0640                  _CRCCONbits = 0x640
                    0x0642                  CRCXOR = 0x642
                    0x0642                  _CRCXOR = 0x642
                    0x0642                  _CRCXORbits = 0x642
                    0x0644                  CRCDAT = 0x644
                    0x0644                  _CRCDAT = 0x644
                    0x0646                  CRCWDAT = 0x646
                    0x0646                  _CRCWDAT = 0x646
                    0x06c0                  ODCA = 0x6c0
                    0x06c0                  _ODCA = 0x6c0
                    0x06c0                  _ODCAbits = 0x6c0
                    0x06c6                  ODCB = 0x6c6
                    0x06c6                  _ODCB = 0x6c6
                    0x06c6                  _ODCBbits = 0x6c6
                    0x06cc                  ODCC = 0x6cc
                    0x06cc                  _ODCC = 0x6cc
                    0x06cc                  _ODCCbits = 0x6cc
                    0x06d2                  ODCD = 0x6d2
                    0x06d2                  _ODCD = 0x6d2
                    0x06d2                  _ODCDbits = 0x6d2
                    0x06d8                  ODCE = 0x6d8
                    0x06d8                  _ODCE = 0x6d8
                    0x06d8                  _ODCEbits = 0x6d8
                    0x06de                  ODCF = 0x6de
                    0x06de                  _ODCF = 0x6de
                    0x06de                  _ODCFbits = 0x6de
                    0x06e4                  ODCG = 0x6e4
                    0x06e4                  _ODCG = 0x6e4
                    0x06e4                  _ODCGbits = 0x6e4
                    0x0740                  RCON = 0x740
                    0x0740                  _RCON = 0x740
                    0x0740                  _RCONbits = 0x740
                    0x0742                  OSCCON = 0x742
                    0x0742                  _OSCCON = 0x742
                    0x0742                  _OSCCONbits = 0x742
                    0x0742                  OSCCONL = 0x742
                    0x0742                  _OSCCONL = 0x742
                    0x0743                  OSCCONH = 0x743
                    0x0743                  _OSCCONH = 0x743
                    0x0744                  CLKDIV = 0x744
                    0x0744                  _CLKDIV = 0x744
                    0x0744                  _CLKDIVbits = 0x744
                    0x0748                  OSCTUN = 0x748
                    0x0748                  _OSCTUN = 0x748
                    0x0748                  _OSCTUNbits = 0x748
                    0x0760                  NVMCON = 0x760
                    0x0760                  _NVMCON = 0x760
                    0x0760                  _NVMCONbits = 0x760
                    0x0766                  NVMKEY = 0x766
                    0x0766                  _NVMKEY = 0x766
                    0x0770                  PMD1 = 0x770
                    0x0770                  _PMD1 = 0x770
                    0x0770                  _PMD1bits = 0x770
                    0x0772                  PMD2 = 0x772
                    0x0772                  _PMD2 = 0x772
                    0x0772                  _PMD2bits = 0x772
                    0x0774                  PMD3 = 0x774
                    0x0774                  _PMD3 = 0x774
                    0x0774                  _PMD3bits = 0x774
                    0x0140                  IC1 = 0x140
                    0x0140                  _IC1 = 0x140
                    0x0144                  IC2 = 0x144
                    0x0144                  _IC2 = 0x144
                    0x0148                  IC3 = 0x148
                    0x0148                  _IC3 = 0x148
                    0x014c                  IC4 = 0x14c
                    0x014c                  _IC4 = 0x14c
                    0x0150                  IC5 = 0x150
                    0x0150                  _IC5 = 0x150
                    0x0180                  OC1 = 0x180
                    0x0180                  _OC1 = 0x180
                    0x0186                  OC2 = 0x186
                    0x0186                  _OC2 = 0x186
                    0x018c                  OC3 = 0x18c
                    0x018c                  _OC3 = 0x18c
                    0x0192                  OC4 = 0x192
                    0x0192                  _OC4 = 0x192
                    0x0198                  OC5 = 0x198
                    0x0198                  _OC5 = 0x198
                    0x0240                  SPI1 = 0x240
                    0x0240                  _SPI1 = 0x240
                    0x0260                  SPI2 = 0x260
                    0x0260                  _SPI2 = 0x260
                    0x0220                  UART1 = 0x220
                    0x0220                  _UART1 = 0x220
                    0x0230                  UART2 = 0x230
                    0x0230                  _UART2 = 0x230
START GROUP
LOAD c:/program files (x86)/microchip/xc16/v1.26/bin/bin/../../lib\liblega-pic30-elf.a
LOAD c:/program files (x86)/microchip/xc16/v1.26/bin/bin/../../lib\libm-elf.a
LOAD c:/program files (x86)/microchip/xc16/v1.26/bin/bin/../../lib\liblega-c-elf.a
END GROUP
OUTPUT(dist/exp16_pic24fj128ga010_24j40_SleepRFD/production/miwi_mesh.X.production.elf elf32-pic30)
LOAD jump_table
LOAD default_isr
LOAD data_init
LOAD shared_data_init

.debug_pubtypes
                  0x0001f8       0x1483
 .debug_pubtypes
                  0x0001f8        0x20b build/exp16_pic24fj128ga010_24j40_SleepRFD/production/_ext/1308774647/drv_mrf_miwi_mesh_24j40.o
 .debug_pubtypes
                  0x000403         0x1f build/exp16_pic24fj128ga010_24j40_SleepRFD/production/_ext/360740241/delay.o
 .debug_pubtypes
                  0x000422         0xdf build/exp16_pic24fj128ga010_24j40_SleepRFD/production/_ext/360740241/lcd.o
 .debug_pubtypes
                  0x000501         0x58 build/exp16_pic24fj128ga010_24j40_SleepRFD/production/_ext/360740241/spi.o
 .debug_pubtypes
                  0x000559         0x86 build/exp16_pic24fj128ga010_24j40_SleepRFD/production/_ext/360740241/symbol.o
 .debug_pubtypes
                  0x0005df        0x2b7 build/exp16_pic24fj128ga010_24j40_SleepRFD/production/_ext/360740241/system.o
 .debug_pubtypes
                  0x000896        0x186 build/exp16_pic24fj128ga010_24j40_SleepRFD/production/_ext/1360937237/Bridge.o
 .debug_pubtypes
                  0x000a1c        0x14c build/exp16_pic24fj128ga010_24j40_SleepRFD/production/_ext/1360937237/mainRFD-Sleeping.o
 .debug_pubtypes
                  0x000b68        0x136 ..\MiWi_Mesh_Library\Libraries\dist\PIC24_ADDR_8\production\16Bit_MiWiMesh24GhzLib.a(NetworkBridge.o)
 .debug_pubtypes
                  0x000c9e        0x194 ..\MiWi_Mesh_Library\Libraries\dist\PIC24_ADDR_8\production\16Bit_MiWiMesh24GhzLib.a(RouteManager.o)
 .debug_pubtypes
                  0x000e32        0x189 ..\MiWi_Mesh_Library\Libraries\dist\PIC24_ADDR_8\production\16Bit_MiWiMesh24GhzLib.a(BeaconManager.o)
 .debug_pubtypes
                  0x000fbb        0x15a ..\MiWi_Mesh_Library\Libraries\dist\PIC24_ADDR_8\production\16Bit_MiWiMesh24GhzLib.a(LinkEstimator.o)
 .debug_pubtypes
                  0x001115         0x5d ..\MiWi_Mesh_Library\Libraries\dist\PIC24_ADDR_8\production\16Bit_MiWiMesh24GhzLib.a(BroadcastManager.o)
 .debug_pubtypes
                  0x001172         0x9d ..\MiWi_Mesh_Library\Libraries\dist\PIC24_ADDR_8\production\16Bit_MiWiMesh24GhzLib.a(TunnelManager.o)
 .debug_pubtypes
                  0x00120f         0x7d ..\MiWi_Mesh_Library\Libraries\dist\PIC24_ADDR_8\production\16Bit_MiWiMesh24GhzLib.a(Cache.o)
 .debug_pubtypes
                  0x00128c        0x14d ..\MiWi_Mesh_Library\Libraries\dist\PIC24_ADDR_8\production\16Bit_MiWiMesh24GhzLib.a(TransportManager.o)
 .debug_pubtypes
                  0x0013d9        0x132 ..\MiWi_Mesh_Library\Libraries\dist\PIC24_ADDR_8\production\16Bit_MiWiMesh24GhzLib.a(NetworkManager.o)
 .debug_pubtypes
                  0x00150b         0xc9 ..\MiWi_Mesh_Library\Libraries\dist\PIC24_ADDR_8\production\16Bit_MiWiMesh24GhzLib.a(DeviceManager.o)
 .debug_pubtypes
                  0x0015d4         0x38 ..\MiWi_Mesh_Library\Libraries\dist\PIC24_ADDR_8\production\16Bit_MiWiMesh24GhzLib.a(krnd.o)
 .debug_pubtypes
                  0x00160c         0x37 ..\MiWi_Mesh_Library\Libraries\dist\PIC24_ADDR_8\production\16Bit_MiWiMesh24GhzLib.a(TimeTick.o)
 .debug_pubtypes
                  0x001643         0x38 ..\MiWi_Mesh_Library\Libraries\dist\PIC24_ADDR_8\production\16Bit_MiWiMesh24GhzLib.a(CRC32.o)

__c30_signature
                  0x00167b         0xf6
 __c30_signature
                  0x00167b          0x6 build/exp16_pic24fj128ga010_24j40_SleepRFD/production/_ext/1308774647/drv_mrf_miwi_mesh_24j40.o
 __c30_signature
                  0x001681          0x6 build/exp16_pic24fj128ga010_24j40_SleepRFD/production/_ext/360740241/delay.o
 __c30_signature
                  0x001687          0x6 build/exp16_pic24fj128ga010_24j40_SleepRFD/production/_ext/360740241/lcd.o
 __c30_signature
                  0x00168d          0x6 build/exp16_pic24fj128ga010_24j40_SleepRFD/production/_ext/360740241/spi.o
 __c30_signature
                  0x001693          0x6 build/exp16_pic24fj128ga010_24j40_SleepRFD/production/_ext/360740241/symbol.o
 __c30_signature
                  0x001699          0x6 build/exp16_pic24fj128ga010_24j40_SleepRFD/production/_ext/360740241/system.o
 __c30_signature
                  0x00169f          0x6 build/exp16_pic24fj128ga010_24j40_SleepRFD/production/_ext/1360937237/Bridge.o
 __c30_signature
                  0x0016a5          0x6 build/exp16_pic24fj128ga010_24j40_SleepRFD/production/_ext/1360937237/mainRFD-Sleeping.o
 __c30_signature
                  0x0016ab          0x6 ..\MiWi_Mesh_Library\Libraries\dist\PIC24_ADDR_8\production\16Bit_MiWiMesh24GhzLib.a(NetworkBridge.o)
 __c30_signature
                  0x0016b1          0x6 ..\MiWi_Mesh_Library\Libraries\dist\PIC24_ADDR_8\production\16Bit_MiWiMesh24GhzLib.a(RouteManager.o)
 __c30_signature
                  0x0016b7          0x6 ..\MiWi_Mesh_Library\Libraries\dist\PIC24_ADDR_8\production\16Bit_MiWiMesh24GhzLib.a(BeaconManager.o)
 __c30_signature
                  0x0016bd          0x6 ..\MiWi_Mesh_Library\Libraries\dist\PIC24_ADDR_8\production\16Bit_MiWiMesh24GhzLib.a(LinkEstimator.o)
 __c30_signature
                  0x0016c3          0x6 ..\MiWi_Mesh_Library\Libraries\dist\PIC24_ADDR_8\production\16Bit_MiWiMesh24GhzLib.a(BroadcastManager.o)
 __c30_signature
                  0x0016c9          0x6 ..\MiWi_Mesh_Library\Libraries\dist\PIC24_ADDR_8\production\16Bit_MiWiMesh24GhzLib.a(TunnelManager.o)
 __c30_signature
                  0x0016cf          0x6 ..\MiWi_Mesh_Library\Libraries\dist\PIC24_ADDR_8\production\16Bit_MiWiMesh24GhzLib.a(Cache.o)
 __c30_signature
                  0x0016d5          0x6 ..\MiWi_Mesh_Library\Libraries\dist\PIC24_ADDR_8\production\16Bit_MiWiMesh24GhzLib.a(TransportManager.o)
 __c30_signature
                  0x0016db          0x6 ..\MiWi_Mesh_Library\Libraries\dist\PIC24_ADDR_8\production\16Bit_MiWiMesh24GhzLib.a(NetworkManager.o)
 __c30_signature
                  0x0016e1          0x6 ..\MiWi_Mesh_Library\Libraries\dist\PIC24_ADDR_8\production\16Bit_MiWiMesh24GhzLib.a(DeviceManager.o)
 __c30_signature
                  0x0016e7          0x6 ..\MiWi_Mesh_Library\Libraries\dist\PIC24_ADDR_8\production\16Bit_MiWiMesh24GhzLib.a(krnd.o)
 __c30_signature
                  0x0016ed          0x6 ..\MiWi_Mesh_Library\Libraries\dist\PIC24_ADDR_8\production\16Bit_MiWiMesh24GhzLib.a(TimeTick.o)
 __c30_signature
                  0x0016f3          0x6 ..\MiWi_Mesh_Library\Libraries\dist\PIC24_ADDR_8\production\16Bit_MiWiMesh24GhzLib.a(CRC32.o)
 __c30_signature
                  0x0016f9          0x6 c:/program files (x86)/microchip/xc16/v1.26/bin/bin/../../lib\liblega-pic30-elf.a(crt0_standard.o)
 __c30_signature
                  0x0016ff          0x6 c:/program files (x86)/microchip/xc16/v1.26/bin/bin/../../lib\liblega-pic30-elf.a(data_init_standard.o)
 __c30_signature
                  0x001705          0x6 c:/program files (x86)/microchip/xc16/v1.26/bin/bin/../../lib\libm-elf.a(udivsi3.eo)
 __c30_signature
                  0x00170b          0x6 c:/program files (x86)/microchip/xc16/v1.26/bin/bin/../../lib\libm-elf.a(divmoddi3.eo)
 __c30_signature
                  0x001711          0x6 c:/program files (x86)/microchip/xc16/v1.26/bin/bin/../../lib\libm-elf.a(muldi3.eo)
 __c30_signature
                  0x001717          0x6 c:/program files (x86)/microchip/xc16/v1.26/bin/bin/../../lib\libm-elf.a(umuldi3.eo)
 __c30_signature
                  0x00171d          0x6 c:/program files (x86)/microchip/xc16/v1.26/bin/bin/../../lib\liblega-c-elf.a(memcmp.XXeo)
 __c30_signature
                  0x001723          0x6 c:/program files (x86)/microchip/xc16/v1.26/bin/bin/../../lib\liblega-c-elf.a(memcpy.XXeo)
 __c30_signature
                  0x001729          0x6 c:/program files (x86)/microchip/xc16/v1.26/bin/bin/../../lib\liblega-c-elf.a(memset.XXeo)
 __c30_signature
                  0x00172f          0x6 c:/program files (x86)/microchip/xc16/v1.26/bin/bin/../../lib\liblega-c-elf.a(sprintf_cdnopsuxX.XXeo)
 __c30_signature
                  0x001735          0x6 c:/program files (x86)/microchip/xc16/v1.26/bin/bin/../../lib\liblega-c-elf.a(xprintf_cdnopsuxX.XXeo)
 __c30_signature
                  0x00173b          0x6 c:/program files (x86)/microchip/xc16/v1.26/bin/bin/../../lib\liblega-c-elf.a(xputfld_cdnopsuxX.XXeo)
 __c30_signature
                  0x001741          0x6 c:/program files (x86)/microchip/xc16/v1.26/bin/bin/../../lib\liblega-c-elf.a(memchr.XXeo)
 __c30_signature
                  0x001747          0x6 c:/program files (x86)/microchip/xc16/v1.26/bin/bin/../../lib\liblega-c-elf.a(strchr.XXeo)
 __c30_signature
                  0x00174d          0x6 c:/program files (x86)/microchip/xc16/v1.26/bin/bin/../../lib\liblega-c-elf.a(strlen.XXeo)
 __c30_signature
                  0x001753          0x6 c:/program files (x86)/microchip/xc16/v1.26/bin/bin/../../lib\liblega-c-elf.a(xlitob.XXeo)
 __c30_signature
                  0x001759          0x6 c:/program files (x86)/microchip/xc16/v1.26/bin/bin/../../lib\liblega-c-elf.a(xputtxt.XXeo)
 __c30_signature
                  0x00175f          0x6 c:/program files (x86)/microchip/xc16/v1.26/bin/bin/../../lib\liblega-c-elf.a(xvacopy.XXeo)
 __c30_signature
                  0x001765          0x6 c:/program files (x86)/microchip/xc16/v1.26/bin/bin/../../lib\libm-elf.a(divsi3.eo)
 __c30_signature
                  0x00176b          0x6 c:/program files (x86)/microchip/xc16/v1.26/bin/bin/../../lib\libm-elf.a(umodsi3.eo)

.nbss               0x0800         0xb2
 .nbss              0x0800         0x28 ..\MiWi_Mesh_Library\Libraries\dist\PIC24_ADDR_8\production\16Bit_MiWiMesh24GhzLib.a(NetworkManager.o)
                    0x0800                  _CoordinatorAddr
                    0x0808                  _NetSeq
                    0x0809                  _userDataAvailable
                    0x080c                  _nState
                    0x080e                  _nst
 .nbss              0x0828         0x24 build/exp16_pic24fj128ga010_24j40_SleepRFD/production/_ext/1360937237/Bridge.o
                    0x0828                  _ActiveScanChannel
                    0x082a                  _srcAddress
                    0x0832                  _TxIndex
                    0x0833                  _TxData
                    0x0834                  _UserMessageAvailable
                    0x0835                  _miapp_currentChannel
                    0x0836                  _pcnt1
 .nbss              0x084c         0x20 build/exp16_pic24fj128ga010_24j40_SleepRFD/production/_ext/1308774647/drv_mrf_miwi_mesh_24j40.o
                    0x084c                  _MACInitParams
                    0x0850                  _OutgoingFrameCounter
                    0x0854                  _tmpSourceLongAddress
                    0x085c                  _tmpFrameCounter
                    0x0860                  _IEEESeqNum
                    0x0862                  _failureCounter
                    0x0864                  _MACCurrentChannel
                    0x0866                  _MAC_PANID
                    0x0868                  _myNetworkAddress
                    0x086a                  _MRF24J40Status
 .nbss              0x086c         0x1c ..\MiWi_Mesh_Library\Libraries\dist\PIC24_ADDR_8\production\16Bit_MiWiMesh24GhzLib.a(BeaconManager.o)
                    0x086c                  _BMState
                    0x086e                  _currentInterval
                    0x0876                  _intervalDelay
                    0x087e                  _tInterval
                    0x0886                  _netSequenceNumber
 .nbss              0x0888         0x16 ..\MiWi_Mesh_Library\Libraries\dist\PIC24_ADDR_8\production\16Bit_MiWiMesh24GhzLib.a(RouteManager.o)
                    0x0888                  _routingTableActive
                    0x088a                  _justEvictedParent
                    0x088c                  _NewBestParent
                    0x0894                  _RouteMgrUpdateRequired
                    0x0896                  _tRouteMgr
 .nbss              0x089e         0x14 build/exp16_pic24fj128ga010_24j40_SleepRFD/production/_ext/1360937237/mainRFD-Sleeping.o
                    0x089e                  _lastSource
                    0x08a6                  _myAddr
                    0x08ae                  _myDeviceType
                    0x08b0                  _devState

.ndata              0x08b2         0x1e
 .ndata             0x08b2         0x10 ..\MiWi_Mesh_Library\Libraries\dist\PIC24_ADDR_8\production\16Bit_MiWiMesh24GhzLib.a(krnd.o)
 .ndata             0x08c2          0xe ..\MiWi_Mesh_Library\Libraries\dist\PIC24_ADDR_8\production\16Bit_MiWiMesh24GhzLib.a(NetworkManager.o)
                    0x08c2                  _addressLen
                    0x08c4                  _DeviceType
                    0x08c6                  _DEVPanID
                    0x08c8                  _MyAddress

.nbss               0x08d0         0x1c
 .nbss              0x08d0          0xa build/exp16_pic24fj128ga010_24j40_SleepRFD/production/_ext/360740241/system.o
                    0x08d0                  _switches
 .nbss              0x08da          0xa ..\MiWi_Mesh_Library\Libraries\dist\PIC24_ADDR_8\production\16Bit_MiWiMesh24GhzLib.a(TimeTick.o)
                    0x08da                  _Tick_MS
                    0x08e2                  _TimerSuspend
 .nbss              0x08e4          0x8 build/exp16_pic24fj128ga010_24j40_SleepRFD/production/_ext/360740241/symbol.o
                    0x08e4                  _upperTick
                    0x08e8                  _glbTmrNowms

.ndata              0x08ec          0x8
 .ndata             0x08ec          0x8 ..\MiWi_Mesh_Library\Libraries\dist\PIC24_ADDR_8\production\16Bit_MiWiMesh24GhzLib.a(TunnelManager.o)
                    0x08ec                  _tmTimeout

.nbss               0x08f4          0x8
 .nbss              0x08f4          0x8 ..\MiWi_Mesh_Library\Libraries\dist\PIC24_ADDR_8\production\16Bit_MiWiMesh24GhzLib.a(DeviceManager.o)

.ndata              0x08fc          0x4
 .ndata             0x08fc          0x4 build/exp16_pic24fj128ga010_24j40_SleepRFD/production/_ext/1360937237/Bridge.o
                    0x08fc                  _myShortAddress
                    0x08fe                  _myPANID

.nbss               0x0900          0x8
 .nbss              0x0900          0x4 ..\MiWi_Mesh_Library\Libraries\dist\PIC24_ADDR_8\production\16Bit_MiWiMesh24GhzLib.a(LinkEstimator.o)
                    0x0900                  _prevSentIdx
                    0x0902                  _linkEstSeq
 .nbss              0x0904          0x4 ..\MiWi_Mesh_Library\Libraries\dist\PIC24_ADDR_8\production\16Bit_MiWiMesh24GhzLib.a(krnd.o)

.ndata              0x0908          0x8
 .ndata             0x0908          0x2 build/exp16_pic24fj128ga010_24j40_SleepRFD/production/_ext/1308774647/drv_mrf_miwi_mesh_24j40.o
                    0x0908                  _BankIndex
 .ndata             0x090a          0x2 build/exp16_pic24fj128ga010_24j40_SleepRFD/production/_ext/1360937237/mainRFD-Sleeping.o
                    0x090a                  _currentChannel
 .ndata             0x090c          0x2 ..\MiWi_Mesh_Library\Libraries\dist\PIC24_ADDR_8\production\16Bit_MiWiMesh24GhzLib.a(RouteManager.o)
                    0x090c                  _rmETXThreshold
                    0x090d                  _ParentSwitchThreshold
 .ndata             0x090e          0x2 ..\MiWi_Mesh_Library\Libraries\dist\PIC24_ADDR_8\production\16Bit_MiWiMesh24GhzLib.a(LinkEstimator.o)
                    0x090e                  _EvictETXThreshold
                    0x090f                  _rssiThreshold

.nbss               0x0910          0x2
 .nbss              0x0910          0x2 ..\MiWi_Mesh_Library\Libraries\dist\PIC24_ADDR_8\production\16Bit_MiWiMesh24GhzLib.a(TransportManager.o)
                    0x0910                  _TMState

.bss                0x0912        0xaf0
 .bss               0x0912        0x1bc ..\MiWi_Mesh_Library\Libraries\dist\PIC24_ADDR_8\production\16Bit_MiWiMesh24GhzLib.a(BroadcastManager.o)
                    0x0912                  _RbcQ
 .bss               0x0ace        0x168 ..\MiWi_Mesh_Library\Libraries\dist\PIC24_ADDR_8\production\16Bit_MiWiMesh24GhzLib.a(Cache.o)
                    0x0ace                  _hc_table
 .bss               0x0c36        0x168 ..\MiWi_Mesh_Library\Libraries\dist\PIC24_ADDR_8\production\16Bit_MiWiMesh24GhzLib.a(DeviceManager.o)
 .bss               0x0d9e        0x154 ..\MiWi_Mesh_Library\Libraries\dist\PIC24_ADDR_8\production\16Bit_MiWiMesh24GhzLib.a(LinkEstimator.o)
 .bss               0x0ef2        0x100 build/exp16_pic24fj128ga010_24j40_SleepRFD/production/_ext/1308774647/drv_mrf_miwi_mesh_24j40.o
                    0x0ef2                  _RxBuffer
 .bss               0x0ff2        0x100 build/exp16_pic24fj128ga010_24j40_SleepRFD/production/_ext/1360937237/Bridge.o
                    0x0ff2                  _ConnectionTable
                    0x104c                  _ActiveScanResults
                    0x1058                  _MACRxPacket
                    0x1066                  _rxMessage
                    0x1072                  _TxBuff
                    0x10b2                  _TxBuffer
 .bss               0x10f2         0xf0 ..\MiWi_Mesh_Library\Libraries\dist\PIC24_ADDR_8\production\16Bit_MiWiMesh24GhzLib.a(TunnelManager.o)
                    0x10f2                  _tunnels
 .bss               0x11e2         0xdc ..\MiWi_Mesh_Library\Libraries\dist\PIC24_ADDR_8\production\16Bit_MiWiMesh24GhzLib.a(RouteManager.o)
 .bss               0x12be         0x9c ..\MiWi_Mesh_Library\Libraries\dist\PIC24_ADDR_8\production\16Bit_MiWiMesh24GhzLib.a(TransportManager.o)
                    0x12be                  _TMQ
 .bss               0x135a         0x54 ..\MiWi_Mesh_Library\Libraries\dist\PIC24_ADDR_8\production\16Bit_MiWiMesh24GhzLib.a(BeaconManager.o)
                    0x135a                  _beaconMessageBuffer
 .bss               0x13ae         0x32 ..\MiWi_Mesh_Library\Libraries\dist\PIC24_ADDR_8\production\16Bit_MiWiMesh24GhzLib.a(NetworkManager.o)
                    0x13ae                  _routeInfo
                    0x13bc                  _userdata
 .bss               0x13e0         0x22 build/exp16_pic24fj128ga010_24j40_SleepRFD/production/_ext/360740241/lcd.o
                    0x13e0                  _LCDText

.data               0x1402         0x22
 .data              0x1402         0x22 c:/program files (x86)/microchip/xc16/v1.26/bin/bin/../../lib\liblega-c-elf.a(xlitob.XXeo)

.bss                0x1424         0x1e
 .bss               0x1424         0x1e build/exp16_pic24fj128ga010_24j40_SleepRFD/production/_ext/360740241/system.o
                    0x1424                  _LEDState
                    0x142a                  _LEDCmd

.data               0x1442         0x22
 .data              0x1442         0x1a c:/program files (x86)/microchip/xc16/v1.26/bin/bin/../../lib\liblega-c-elf.a(xprintf_cdnopsuxX.XXeo)
 .data              0x145c          0x8 build/exp16_pic24fj128ga010_24j40_SleepRFD/production/_ext/1360937237/Bridge.o
                    0x145c                  _myLongAddress

.ivt._INT1Interrupt
                  0x00003c          0x2
 .ivt._INT1Interrupt
                  0x00003c          0x2 build/exp16_pic24fj128ga010_24j40_SleepRFD/production/_ext/1308774647/drv_mrf_miwi_mesh_24j40.o

.ivt._T2Interrupt
                  0x000022          0x2
 .ivt._T2Interrupt
                  0x000022          0x2 build/exp16_pic24fj128ga010_24j40_SleepRFD/production/_ext/360740241/symbol.o

.config_JTAGEN    0x0157fe          0x2
 .config_JTAGEN
                  0x0157fe          0x2 build/exp16_pic24fj128ga010_24j40_SleepRFD/production/_ext/360740241/system.o

.config_IESO      0x0157fc          0x2
 .config_IESO     0x0157fc          0x2 build/exp16_pic24fj128ga010_24j40_SleepRFD/production/_ext/360740241/system.o

.const              0x8dbe        0x45e load address 0x000dbe  
 .const             0x8dbe        0x400 ..\MiWi_Mesh_Library\Libraries\dist\PIC24_ADDR_8\production\16Bit_MiWiMesh24GhzLib.a(CRC32.o)
                    0x8dbe                  _crc32_table
 .const             0x91be         0x44 build/exp16_pic24fj128ga010_24j40_SleepRFD/production/_ext/1360937237/mainRFD-Sleeping.o
 .const             0x9202         0x12 build/exp16_pic24fj128ga010_24j40_SleepRFD/production/_ext/1308774647/drv_mrf_miwi_mesh_24j40.o
                    0x9202                  _mySecurityKey
                    0x9212                  _mySecurityLevel
                    0x9213                  _myKeySequenceNumber
 .const             0x9214          0x8 ..\MiWi_Mesh_Library\Libraries\dist\PIC24_ADDR_8\production\16Bit_MiWiMesh24GhzLib.a(NetworkManager.o)

.text             0x00121c       0x59e6
 .text            0x00121c       0x10b4 build/exp16_pic24fj128ga010_24j40_SleepRFD/production/_ext/1308774647/drv_mrf_miwi_mesh_24j40.o
                  0x00121c                  _PHYSetLongRAMAddr
                  0x001264                  _PHYSetShortRAMAddr
                  0x001298                  _PHYGetShortRAMAddr
                  0x0012cc                  _PHYGetLongRAMAddr
                  0x001312                  _InitMRF24J40
                  0x001414                  _MiMAC_ReceivedPacket
                  0x0018f8                  _MiMAC_DiscardPacket
                  0x001912                  _MiMAC_SendPacket
                  0x001d20                  _MiMAC_ChannelAssessment
                  0x001d52                  _MiMAC_PowerState
                  0x001e2e                  _MiMAC_SetChannel
                  0x001e6c                  _MiMAC_SetPower
                  0x001ee6                  _MiMAC_SetAltAddress
                  0x001f2e                  _MiMAC_Init
                  0x001fa8                  __INT1Interrupt
 .text            0x0022d0        0xcaa ..\MiWi_Mesh_Library\Libraries\dist\PIC24_ADDR_8\production\16Bit_MiWiMesh24GhzLib.a(LinkEstimator.o)
                  0x0022d0                  _LinkEstimatorInit
                  0x0022da                  _le_findIdx
                  0x002366                  _LELinkQualityGet
                  0x0023d2                  _LEAppendNeighborInfo
                  0x0024ae                  _LE_PinNeighbor
                  0x0024f6                  _LE_UnpinNeighbor
                  0x002542                  _LE_ClearDLQ
                  0x002588                  _le_initNeighborIdx
                  0x00263a                  _le_findWorstNeighborIdx
                  0x00273a                  _le_findEmptyNeighborIdx
                  0x002770                  _LE_InsertNeighbor
                  0x00286a                  _le_computeETX
                  0x002898                  _le_updateETX
                  0x0028dc                  _le_updateNeighborTableEst
                  0x002a2a                  _le_updateNeighborEntryIdx
                  0x002be4                  _le_findRandomNeighborIdx
                  0x002d68                  _LE_processReceivedMessage
                  0x002eda                  _LE_GetNeighborDeviceType
                  0x002f04                  _LE_RemoveNeighborDevice
 .text            0x002f7a        0x9ec ..\MiWi_Mesh_Library\Libraries\dist\PIC24_ADDR_8\production\16Bit_MiWiMesh24GhzLib.a(NetworkManager.o)
                  0x002f7a                  _NetworkManagerTask
                  0x0031f6                  _NetworkAddressSizeSet
                  0x003204                  _NetworkAddressSizeGet
                  0x00320c                  _NetworkInit
                  0x0032b8                  _NetworkGetDeviceType
                  0x0032c0                  _NetworkHasRoute
                  0x0032f6                  _isBroadcastAddress
                  0x003326                  _isInvalidAddress
                  0x003336                  _NetworkManagerGetMyAddress
                  0x00333e                  _NetworkGetMyRouteInfo
                  0x003346                  _isSameAddress
                  0x003370                  _NetworkGetParentAddress
                  0x003380                  _CoordinatorGenericAddress
                  0x0033a4                  _CoordinatorAddress
                  0x0033b4                  _NetworkSequence
                  0x0033c4                  _NetworkManagerProcessIncomingData
                  0x0036d6                  _NetworkReleaseUserData
                  0x0036de                  _NetworkPrepareSendPacket
                  0x003822                  _IsMemberOfNetwork
                  0x00382a                  _isNetworkSecurityEnabled
                  0x003832                  _NetworkGetPANID
                  0x00383a                  _NetworkSendDiscoverRequest
                  0x003874                  _NetworkSendDiscoverResponse
                  0x0038b2                  _NetworkIssueDataRequest
                  0x003912                  _NetworkSetAddressPAN
                  0x00394c                  _NetworkSetDeviceType
                  0x003958                  _MiApp_SetNetworkSecure
 .text            0x003966        0x8a2 ..\MiWi_Mesh_Library\Libraries\dist\PIC24_ADDR_8\production\16Bit_MiWiMesh24GhzLib.a(NetworkBridge.o)
                  0x003966                  _IsRadioTxBusy
                  0x0039a2                  _radioReceivedPacket
                  0x0040cc                  _NetworkUnicastData
                  0x0041b2                  _NetworkBroadcastData
 .text            0x004208        0x73e ..\MiWi_Mesh_Library\Libraries\dist\PIC24_ADDR_8\production\16Bit_MiWiMesh24GhzLib.a(RouteManager.o)
                  0x004208                  _RouteManagerInit
                  0x004220                  _RouteManagerTask
                  0x004264                  _RouteManagerPerformUpdate
                  0x0043c4                  _RouteManagerRequestUpdate
                  0x0043ce                  _passLinkEtxThreshold
                  0x0043e2                  _routeInfoInit
                  0x00440e                  _routingTableFind
                  0x00446c                  _RouterEvicted
                  0x0044e6                  _routingTableUpdateEntry
                  0x0045f2                  _RouterIsNeighborCongested
                  0x0045fe                  _RouteManagerSetNeighborCongested
                  0x00460a                  _RouteManagerProcessReceive
                  0x004758                  _RouteManagerShouldInsert
                  0x004836                  _RMRoutingTableCount
                  0x00483e                  _RoutingTableFindDeviceOrParent
                  0x0048d4                  _GetRouteAddressOfChild
 .text            0x004946        0x6a2 build/exp16_pic24fj128ga010_24j40_SleepRFD/production/_ext/1360937237/Bridge.o
                  0x004946                  _SendPacket
                  0x0049ea                  _radioBroadcast
                  0x004a32                  _radioUnicast
                  0x004a88                  _radioDiscardPacket
                  0x004a90                  _MiApp_ProtocolInit
                  0x004ada                  _MiApp_SetChannel
                  0x004af8                  _MiApp_StartConnection
                  0x004b1c                  _MiApp_EstablishConnection
                  0x004b90                  _MiApp_SetAddressPan
                  0x004bbe                  _MiApp_UnicastAddress
                  0x004be2                  _MiApp_BroadcastPacket
                  0x004bf6                  _MiApp_MessageAvailable
                  0x004c9c                  _MiApp_DiscardMessage
                  0x004ca6                  _NetworkDataArrivedEvent
                  0x004cf8                  _MiApp_IsMemberOfNetwork
                  0x004d00                  _MiApp_GetParentAddress
                  0x004d12                  _AddNodeToNetworkTable
                  0x004dfc                  _MiApp_RemoveConnection
                  0x004e04                  _MiApp_ConnectionMode
                  0x004e0e                  _MiApp_SearchConnection
                  0x004ee6                  _NetworkDiscoveredEvent
                  0x004fc2                  _MiApp_TransceiverPowerState
                  0x004fe0                  _MiApp_RequestData
 .text            0x004fe8        0x5ca ..\MiWi_Mesh_Library\Libraries\dist\PIC24_ADDR_8\production\16Bit_MiWiMesh24GhzLib.a(TransportManager.o)
                  0x004fe8                  _TransportManagerInit
                  0x004ff6                  _TransportManagerTask
                  0x0052ae                  _TMSendFormedPacketTowardsCoordinator
                  0x00538a                  _TMIsBusyBusy
                  0x0053c0                  _TMSendDataToRFD
                  0x0053fa                  _TMSendFormedPacketToRFD
                  0x0055a6                  _TransportManagerNoRoute
                  0x0055ac                  _TransportManagerRouteFound
 .text            0x0055b2        0x3a2 ..\MiWi_Mesh_Library\Libraries\dist\PIC24_ADDR_8\production\16Bit_MiWiMesh24GhzLib.a(DeviceManager.o)
                  0x0055b2                  _IsNetworkDevice
                  0x005684                  _DeviceManagerInit
                  0x005692                  _MiApp_InitSleepRFDBuffers
                  0x0056ce                  _DeviceManagerGetDeviceType
                  0x00571c                  _DeviceManagerBufferDeviceData
                  0x00581e                  _DeviceManagerGetDeviceData
 .text            0x005954        0x390 build/exp16_pic24fj128ga010_24j40_SleepRFD/production/_ext/360740241/system.o
                  0x005954                  _HardwareInit
                  0x0059a6                  _HardwareSaveSPIBaudSetValue
                  0x0059ae                  _HardwareRestoreSPIBaud
                  0x0059b4                  _ButtonTask
                  0x005a48                  _isButtonPressed
                  0x005a66                  _LEDManagerTask
                  0x005ca6                  _LEDCommand
                  0x005cd8                  _BlinkRedLED
 .text            0x005ce4        0x384 build/exp16_pic24fj128ga010_24j40_SleepRFD/production/_ext/1360937237/mainRFD-Sleeping.o
                  0x005ce4                  _main
                  0x005f8c                  _EEPROMRead
                  0x005fba                  _Read_MAC_Address
 .text            0x006068        0x2f6 build/exp16_pic24fj128ga010_24j40_SleepRFD/production/_ext/360740241/lcd.o
                  0x0061ba                  _LCDInit
                  0x006252                  _LCDUpdate
                  0x0062fc                  _LCDWriteLine
 .text            0x00635e        0x2e6 ..\MiWi_Mesh_Library\Libraries\dist\PIC24_ADDR_8\production\16Bit_MiWiMesh24GhzLib.a(BeaconManager.o)
                  0x00635e                  _BeaconManagerInit
                  0x006382                  _BeaconManagerTask
                  0x006438                  _networkSendBeacon
                  0x006590                  _netChooseAdvertiseTime
                  0x0065da                  _netResetInterval
                  0x0065f2                  _netDecayInterval
                  0x006634                  _BeaconManagerTrigger
                  0x00663c                  _MiApp_IsNetworkBusy
 .text            0x006644        0x296 ..\MiWi_Mesh_Library\Libraries\dist\PIC24_ADDR_8\production\16Bit_MiWiMesh24GhzLib.a(TunnelManager.o)
                  0x006644                  _TunnelManagerSetTunnel
                  0x006758                  _TunnelManagerGetTunnel
                  0x00682a                  _TunnelManagerInvalidateTunnel
                  0x00687e                  _TunnelManagerInit
                  0x00688c                  _TunnelManagerSetTimeoutSec