Microchip MPLAB XC8 Compiler V1.35 ()

Linker command line:

--edf=C:\Program Files\Microchip\xc8\v1.35\dat\en_msgs.txt -cs \
  -h+dist/default/production\NRF24L01.X.production.sym \
  --cmf=dist/default/production\NRF24L01.X.production.cmf -z -Q18F46K22 \
  -oC:\Users\Hector\AppData\Local\Temp\s1eg.2 \
  -Mdist/default/production/NRF24L01.X.production.map -E1 -ver=XC8 \
  -ASTACK=060h-0f37h -pstack=STACK -ACODE=00h-0FFFFh -ACONST=00h-0FFFFh \
  -ASMALLCONST=01000h-010FFhx240 -AMEDIUMCONST=01000h-0FFFFh \
  -ACOMRAM=01h-05Fh -AABS1=00h-0F37h -ABIGRAM=01h-0F37h \
  -ARAM=060h-0FFh,0100h-01FFhx14,0F00h-0F37h -ABANK0=060h-0FFh \
  -ABANK1=0100h-01FFh -ABANK2=0200h-02FFh -ABANK3=0300h-03FFh \
  -ABANK4=0400h-04FFh -ABANK5=0500h-05FFh -ABANK6=0600h-06FFh \
  -ABANK7=0700h-07FFh -ABANK8=0800h-08FFh -ABANK9=0900h-09FFh \
  -ABANK10=0A00h-0AFFh -ABANK11=0B00h-0BFFh -ABANK12=0C00h-0CFFh \
  -ABANK13=0D00h-0DFFh -ABANK14=0E00h-0EFFh -ABANK15=0F00h-0F37h \
  -ASFR=0F38h-0F5Fh,0F60h-0FFFh \
  -preset_vec=00h,intcode,intcodelo,powerup,init,end_init -pramtop=01000h \
  -psmallconst=SMALLCONST -pmediumconst=MEDIUMCONST -pconst=CONST \
  -AFARRAM=00h-00h -ACONFIG=0300000h-030000Dh -pconfig=CONFIG \
  -AIDLOC=0200000h-0200007h -pidloc=IDLOC -AEEDATA=0F00000h-0F003FFh \
  -peeprom_data=EEDATA \
  -prdata=COMRAM,nvrram=COMRAM,nvbit=COMRAM,rbss=COMRAM,rbit=COMRAM \
  -pfarbss=FARRAM,fardata=FARRAM,nvFARRAM=FARRAM \
  -pintsave_regs=BIGRAM,bigbss=BIGRAM,bigdata=BIGRAM -pbss=RAM \
  -pidata=CODE,irdata=CODE,ibigdata=CODE,ifardata=CODE -prparam=COMRAM \
  C:\Users\Hector\AppData\Local\Temp\s1eg.obj \
  dist/default/production\NRF24L01.X.production.obj 

Object code version is 3.11

Machine type is 18F46K22

Call graph: (short form)




                Name                               Link     Load   Length Selector   Space Scale
C:\Users\Hector\AppData\Local\Temp\s1eg.obj
                end_init                              0        0        4        0       0
                idloc                            200000   200000        8   200000       0
                config                           300000   300000        E   300000       0
dist/default/production\NRF24L01.X.production.obj
                smallconst                         1000     1000       2C      800       0
                text23                             1A8C     1A8C       10      816       0
                text22                             1A6A     1A6A       12      816       0
                text21                             13F8     13F8      11A      816       0
                text20                             1512     1512      116      816       0
                text19                             179C     179C       68      816       0
                text18                             1628     1628       C2      816       0
                text17                             1804     1804       62      816       0
                text16                             1968     1968       2C      816       0
                text15                             1A7C     1A7C       10      816       0
                text14                             1A42     1A42       16      816       0
                text13                             1A9C     1A9C        E      816       0
                text12                             1A2C     1A2C       16      816       0
                text11                             18FA     18FA       3E      816       0
                text10                             1938     1938       30      816       0
                text9                              16EA     16EA       B2      816       0
                text8                              19BE     19BE       2A      816       0
                text7                              1AB0     1AB0        4      D58       0
                text6                              1A58     1A58       12      816       0
                text5                              1866     1866       52      816       0
                text4                              18B8     18B8       42      816       0
                text3                              19E8     19E8       26      816       0
                text2                              1A0E     1A0E       1E      816       0
                text1                              102C     102C      28E      816       0
                text0                              12BA     12BA      13E      816       0
                cstackCOMRAM                          1        1       54        1       1
                dataCOMRAM                           55       55        5        1       1
                cinit                              1994     1994       2A      816       0
                idataCOMRAM                        1AAA     1AAA        5      816       0

TOTAL           Name                               Link     Load   Length     Space
        CLASS   STACK          

        CLASS   CODE           
                end_init                              0        0        4         0
                text23                             1A8C     1A8C       10         0
                text22                             1A6A     1A6A       12         0
                text21                             13F8     13F8      11A         0
                text20                             1512     1512      116         0
                text19                             179C     179C       68         0
                text18                             1628     1628       C2         0
                text17                             1804     1804       62         0
                text16                             1968     1968       2C         0
                text15                             1A7C     1A7C       10         0
                text14                             1A42     1A42       16         0
                text13                             1A9C     1A9C        E         0
                text12                             1A2C     1A2C       16         0
                text11                             18FA     18FA       3E         0
                text10                             1938     1938       30         0
                text9                              16EA     16EA       B2         0
                text8                              19BE     19BE       2A         0
                text7                              1AB0     1AB0        4         0
                text6                              1A58     1A58       12         0
                text5                              1866     1866       52         0
                text4                              18B8     18B8       42         0
                text3                              19E8     19E8       26         0
                text2                              1A0E     1A0E       1E         0
                text1                              102C     102C      28E         0
                text0                              12BA     12BA      13E         0
                cinit                              1994     1994       2A         0
                idataCOMRAM                        1AAA     1AAA        5         0

        CLASS   CONST          

        CLASS   SMALLCONST     
                smallconst                         1000     1000       2C         0

        CLASS   MEDIUMCONST    

        CLASS   COMRAM         
                cstackCOMRAM                          1        1       54         1
                dataCOMRAM                           55       55        5         1

        CLASS   ABS1           

        CLASS   BIGRAM         

        CLASS   RAM            

        CLASS   BANK0          

        CLASS   BANK1          

        CLASS   BANK2          

        CLASS   BANK3          

        CLASS   BANK4          

        CLASS   BANK5          

        CLASS   BANK6          

        CLASS   BANK7          

        CLASS   BANK8          

        CLASS   BANK9          

        CLASS   BANK10         

        CLASS   BANK11         

        CLASS   BANK12         

        CLASS   BANK13         

        CLASS   BANK14         

        CLASS   BANK15         

        CLASS   SFR            

        CLASS   FARRAM         

        CLASS   CONFIG         
                config                           300000   300000        E         0

        CLASS   IDLOC          
                idloc                            200000   200000        8         0

        CLASS   EEDATA         



SEGMENTS        Name                           Load    Length   Top    Selector   Space  Class

                reset_vec                      000000  000004  000004         0       0  CODE    
                cstackCOMRAM                   000001  000059  00005A         1       1  COMRAM  
                smallconst                     001000  00002C  00102C       800       0  SMALLCON
                text1                          00102C  000A83  001AAF       816       0  CODE    
                text7                          001AB0  000004  001AB4       D58       0  CODE    
                idloc                          200000  000008  200008    200000       0  IDLOC   
                config                         300000  00000E  30000E    300000       0  CONFIG  


UNUSED ADDRESS RANGES

        Name                Unused          Largest block    Delta
        BANK0            000060-0000FF               A0
        BANK1            000100-0001FF              100
        BANK10           000A00-000AFF              100
        BANK11           000B00-000BFF              100
        BANK12           000C00-000CFF              100
        BANK13           000D00-000DFF              100
        BANK14           000E00-000EFF              100
        BANK15           000F00-000F37               38
        BANK2            000200-0002FF              100
        BANK3            000300-0003FF              100
        BANK4            000400-0004FF              100
        BANK5            000500-0005FF              100
        BANK6            000600-0006FF              100
        BANK7            000700-0007FF              100
        BANK8            000800-0008FF              100
        BANK9            000900-0009FF              100
        BIGRAM           00005A-000F37              EDE
        CODE             000004-000FFF              FFC
                         001AAF-001AAF                1
                         001AB4-00FFFF             E54C
        COMRAM           00005A-00005F                6
        CONST            000004-000FFF              FFC
                         001AAF-001AAF                1
                         001AB4-00FFFF             E54C
        EEDATA           F00000-F003FF              400
        MEDIUMCONST      001AAF-001AAF                1
                         001AB4-00FFFF             E54C
        RAM              000060-000F37              100
        SFR              000F38-000FFF               28
        SMALLCONST       001AAF-001AAF                1
                         001AB4-00FFFF              100
        STACK            000060-000F37              ED8

                                  Symbol Table

?___lwdiv                        cstackCOMRAM 000001
?___lwmod                        cstackCOMRAM 000008
?___wmul                         cstackCOMRAM 000001
?_sprintf                        cstackCOMRAM 00000D
Delay_ms@count                   cstackCOMRAM 000001
Delay_ms@i                       cstackCOMRAM 000004
Lcd_CharCP@c                     cstackCOMRAM 000004
Lcd_Command@command              cstackCOMRAM 000004
Lcd_ConstText@buffer             cstackCOMRAM 000006
Lcd_ConstText@data               cstackCOMRAM 000009
Lcd_ConstText@x                  cstackCOMRAM 000005
Lcd_ConstText@y                  cstackCOMRAM 000008
Lcd_Init@data                    cstackCOMRAM 000005
Lcd_Text@buffer                  cstackCOMRAM 000006
Lcd_Text@data                    cstackCOMRAM 000009
Lcd_Text@x                       cstackCOMRAM 000005
Lcd_Text@y                       cstackCOMRAM 000008
NRF24L01_Init@mode               cstackCOMRAM 000008
NRF24L01_Init@rf_channel         cstackCOMRAM 000007
NRF24L01_SendData@buffer         cstackCOMRAM 000007
NRF24L01_SetChannel@rf_channel   cstackCOMRAM 000004
NRF24L01_SetMode@mode            cstackCOMRAM 000004
NRF24L01_WriteBuffer@buffer      cstackCOMRAM 000002
NRF24L01_WriteBuffer@bytes       cstackCOMRAM 000004
NRF24L01_WriteBuffer@data        cstackCOMRAM 000005
NRF24L01_WriteBuffer@i           cstackCOMRAM 000006
NRF24L01_WriteRegister@Mnemonic  cstackCOMRAM 000003
NRF24L01_WriteRegister@value     cstackCOMRAM 000002
SPI1_Write@data                  cstackCOMRAM 000001
_ADDRESS_DATA_PIPE0              dataCOMRAM   000055
_ANSELA                          (abs)        000F38
_ANSELB                          (abs)        000F39
_ANSELC                          (abs)        000F3A
_ANSELD                          (abs)        000F3B
_ANSELE                          (abs)        000F3C
_Delay_ms                        text16       001968
_LATDbits                        (abs)        000F8C
_Lcd_CharCP                      text21       0013F8
_Lcd_Command                     text20       001512
_Lcd_ConstText                   text19       00179C
_Lcd_Delay5500us                 text23       001A8C
_Lcd_Delay5us                    text22       001A6A
_Lcd_Init                        text18       001628
_Lcd_Text                        text17       001804
_NRF24L01_Flush                  text12       001A2C
_NRF24L01_Init                   text9        0016EA
_NRF24L01_SendData               text8        0019BE
_NRF24L01_SetChannel             text13       001A9C
_NRF24L01_SetMode                text11       0018FA
_NRF24L01_WriteBuffer            text10       001938
_NRF24L01_WriteRegister          text14       001A42
_OSCCON                          (abs)        000FD3
_OSCTUNEbits                     (abs)        000F9B
_PORTA                           (abs)        000F80
_PORTB                           (abs)        000F81
_PORTC                           (abs)        000F82
_PORTD                           (abs)        000F83
_PORTE                           (abs)        000F84
_SPI1_Close                      text7        001AB0
_SPI1_Init                       text6        001A58
_SPI1_Write                      text15       001A7C
_SSP1BUF                         (abs)        000FC9
_SSP1CON1                        (abs)        000FC6
_SSP1STAT                        (abs)        000FC7
_SSP1STATbits                    (abs)        000FC7
_TRISA                           (abs)        000F92
_TRISAbits                       (abs)        000F92
_TRISB                           (abs)        000F93
_TRISC                           (abs)        000F94
_TRISCbits                       (abs)        000F94
_TRISD                           (abs)        000F95
_TRISDbits                       (abs)        000F95
_TRISE                           (abs)        000F96
__CFG_BOREN$SBORDIS              (abs)        000000
__CFG_BORV$190                   (abs)        000000
__CFG_CCP2MX$PORTC1              (abs)        000000
__CFG_CCP3MX$PORTB5              (abs)        000000
__CFG_CP0$OFF                    (abs)        000000
__CFG_CP1$OFF                    (abs)        000000
__CFG_CP2$OFF                    (abs)        000000
__CFG_CP3$OFF                    (abs)        000000
__CFG_CPB$OFF                    (abs)        000000
__CFG_CPD$OFF                    (abs)        000000
__CFG_EBTR0$OFF                  (abs)        000000
__CFG_EBTR1$OFF                  (abs)        000000
__CFG_EBTR2$OFF                  (abs)        000000
__CFG_EBTR3$OFF                  (abs)        000000
__CFG_EBTRB$OFF                  (abs)        000000
__CFG_FCMEN$OFF                  (abs)        000000
__CFG_FOSC$INTIO67               (abs)        000000
__CFG_HFOFST$ON                  (abs)        000000
__CFG_IESO$OFF                   (abs)        000000
__CFG_LVP$OFF                    (abs)        000000
__CFG_MCLRE$INTMCLR              (abs)        000000
__CFG_P2BMX$PORTD2               (abs)        000000
__CFG_PBADEN$ON                  (abs)        000000
__CFG_PLLCFG$OFF                 (abs)        000000
__CFG_PRICLKEN$ON                (abs)        000000
__CFG_PWRTEN$OFF                 (abs)        000000
__CFG_STVREN$ON                  (abs)        000000
__CFG_T3CMX$PORTC0               (abs)        000000
__CFG_WDTEN$OFF                  (abs)        000000
__CFG_WDTPS$32768                (abs)        000000
__CFG_WRT0$OFF                   (abs)        000000
__CFG_WRT1$OFF                   (abs)        000000
__CFG_WRT2$OFF                   (abs)        000000
__CFG_WRT3$OFF                   (abs)        000000
__CFG_WRTB$OFF                   (abs)        000000
__CFG_WRTC$OFF                   (abs)        000000
__CFG_WRTD$OFF                   (abs)        000000
__CFG_XINST$OFF                  (abs)        000000
__HRAM                           (abs)        000000
__Habs1                          abs1         000000
__Hbank0                         bank0        000000
__Hbank1                         bank1        000000
__Hbank10                        bank10       000000
__Hbank11                        bank11       000000
__Hbank12                        bank12       000000
__Hbank13                        bank13       000000
__Hbank14                        bank14       000000
__Hbank15                        bank15       000000
__Hbank2                         bank2        000000
__Hbank3                         bank3        000000
__Hbank4                         bank4        000000
__Hbank5                         bank5        000000
__Hbank6                         bank6        000000
__Hbank7                         bank7        000000
__Hbank8                         bank8        000000
__Hbank9                         bank9        000000
__Hbigbss                        bigbss       000000
__Hbigdata                       bigdata      000000
__Hbigram                        bigram       000000
__Hbss                           bss          000000
__Hcinit                         cinit        000000
__Hclrtext                       clrtext      000000
__Hcomram                        comram       000000
__Hconfig                        config       30000E
__Hconst                         const        000000
__HcstackCOMRAM                  cstackCOMRAM 000000
__Hdata                          data         000000
__HdataCOMRAM                    dataCOMRAM   000000
__Heeprom_data                   eeprom_data  000000
__Hend_init                      end_init     000004
__Hfarbss                        farbss       000000
__Hfardata                       fardata      000000
__Hibigdata                      ibigdata     000000
__Hidata                         idata        000000
__HidataCOMRAM                   idataCOMRAM  000000
__Hidloc                         idloc        200008
__Hifardata                      ifardata     000000
__Hinit                          init         000000
__Hintcode                       intcode      000000
__Hintcode_body                  intcode_body 000000
__Hintcodelo                     intcodelo    000000
__Hintentry                      intentry     000000
__Hintret                        intret       000000
__Hintsave_regs                  intsave_regs 000000
__Hirdata                        irdata       000000
__Hmediumconst                   mediumconst  000000
__HnvFARRAM                      nvFARRAM     000000
__Hnvbit                         nvbit        000000
__Hnvrram                        nvrram       000000
__Hparam                         rparam       000000
__Hpowerup                       powerup      000000
__Hram                           ram          000000
__Hramtop                        ramtop       001000
__Hrbit                          rbit         000000
__Hrbss                          rbss         000000
__Hrdata                         rdata        000000
__Hreset_vec                     reset_vec    000000
__Hrparam                        rparam       000000
__Hsfr                           sfr          000000
__Hsmallconst                    smallconst   00102C
__Hspace_0                       (abs)        30000E
__Hspace_1                       (abs)        00005A
__Hspace_2                       (abs)        000000
__Hstack                         stack        000000
__Hstruct                        struct       000000
__Htemp                          temp         000000
__Htext                          text         000000
__Htext0                         text0        000000
__Htext1                         text1        000000
__Htext10                        text10       000000
__Htext11                        text11       000000
__Htext12                        text12       000000
__Htext13                        text13       000000
__Htext14                        text14       000000
__Htext15                        text15       000000
__Htext16                        text16       000000
__Htext17                        text17       000000
__Htext18                        text18       000000
__Htext19                        text19       000000
__Htext2                         text2        000000
__Htext20                        text20       000000
__Htext21                        text21       000000
__Htext22                        text22       000000
__Htext23                        text23       000000
__Htext3                         text3        000000
__Htext4                         text4        000000
__Htext5                         text5        000000
__Htext6                         text6        000000
__Htext7                         text7        000000
__Htext8                         text8        000000
__Htext9                         text9        000000
__LRAM                           (abs)        000001
__Labs1                          abs1         000000
__Lbank0                         bank0        000000
__Lbank1                         bank1        000000
__Lbank10                        bank10       000000
__Lbank11                        bank11       000000
__Lbank12                        bank12       000000
__Lbank13                        bank13       000000
__Lbank14                        bank14       000000
__Lbank15                        bank15       000000
__Lbank2                         bank2        000000
__Lbank3                         bank3        000000
__Lbank4                         bank4        000000
__Lbank5                         bank5        000000
__Lbank6                         bank6        000000
__Lbank7                         bank7        000000
__Lbank8                         bank8        000000
__Lbank9                         bank9        000000
__Lbigbss                        bigbss       000000
__Lbigdata                       bigdata      000000
__Lbigram                        bigram       000000
__Lbss                           bss          000000
__Lcinit                         cinit        000000
__Lclrtext                       clrtext      000000
__Lcomram                        comram       000000
__Lconfig                        config       300000
__Lconst                         const        000000
__LcstackCOMRAM                  cstackCOMRAM 000000
__Ldata                          data         000000
__LdataCOMRAM                    dataCOMRAM   000000
__Leeprom_data                   eeprom_data  000000
__Lend_init                      end_init     000000
__Lfarbss                        farbss       000000
__Lfardata                       fardata      000000
__Libigdata                      ibigdata     000000
__Lidata                         idata        000000
__LidataCOMRAM                   idataCOMRAM  000000
__Lidloc                         idloc        200000
__Lifardata                      ifardata     000000
__Linit                          init         000000
__Lintcode                       intcode      000000
__Lintcode_body                  intcode_body 000000
__Lintcodelo                     intcodelo    000000
__Lintentry                      intentry     000000
__Lintret                        intret       000000
__Lintsave_regs                  intsave_regs 000000
__Lirdata                        irdata       000000
__Lmediumconst                   mediumconst  000000
__LnvFARRAM                      nvFARRAM     000000
__Lnvbit                         nvbit        000000
__Lnvrram                        nvrram       000000
__Lparam                         rparam       000000
__Lpowerup                       powerup      000000
__Lram                           ram          000000
__Lramtop                        ramtop       001000
__Lrbit                          rbit         000000
__Lrbss                          rbss         000000
__Lrdata                         rdata        000000
__Lreset_vec                     reset_vec    000000
__Lrparam                        rparam       000000
__Lsfr                           sfr          000000
__Lsmallconst                    smallconst   001000
__Lspace_0                       (abs)        000000
__Lspace_1                       (abs)        000000
__Lspace_2                       (abs)        000000
__Lstack                         stack        000000
__Lstruct                        struct       000000
__Ltemp                          temp         000000
__Ltext                          text         000000
__Ltext0                         text0        000000
__Ltext1                         text1        000000
__Ltext10                        text10       000000
__Ltext11                        text11       000000
__Ltext12                        text12       000000
__Ltext13                        text13       000000
__Ltext14                        text14       000000
__Ltext15                        text15       000000
__Ltext16                        text16       000000
__Ltext17                        text17       000000
__Ltext18                        text18       000000
__Ltext19                        text19       000000
__Ltext2                         text2        000000
__Ltext20                        text20       000000
__Ltext21                        text21       000000
__Ltext22                        text22       000000
__Ltext23                        text23       000000
__Ltext3                         text3        000000
__Ltext4                         text4        000000
__Ltext5                         text5        000000
__Ltext6                         text6        000000
__Ltext7                         text7        000000
__Ltext8                         text8        000000
__Ltext9                         text9        000000
__S0                             (abs)        30000E
__S1                             (abs)        00005A
__S2                             (abs)        000000
___inthi_sp                      stack        000000
___intlo_sp                      stack        000000
___lwdiv                         text5        001866
___lwdiv@counter                 cstackCOMRAM 000007
___lwdiv@dividend                cstackCOMRAM 000001
___lwdiv@divisor                 cstackCOMRAM 000003
___lwdiv@quotient                cstackCOMRAM 000005
___lwmod                         text4        0018B8
___lwmod@counter                 cstackCOMRAM 00000C
___lwmod@dividend                cstackCOMRAM 000008
___lwmod@divisor                 cstackCOMRAM 00000A
___param_bank                    (abs)        000010
___rparam_used                   (abs)        000001
___sp                            stack        000000
___wmul                          text3        0019E8
___wmul@multiplicand             cstackCOMRAM 000003
___wmul@multiplier               cstackCOMRAM 000001
___wmul@product                  cstackCOMRAM 000005
__accesstop                      (abs)        000060
__activetblptr                   (abs)        000002
__end_of_Delay_ms                text16       001994
__end_of_Lcd_CharCP              text21       001512
__end_of_Lcd_Command             text20       001628
__end_of_Lcd_ConstText           text19       001804
__end_of_Lcd_Delay5500us         text23       001A9C
__end_of_Lcd_Delay5us            text22       001A7C
__end_of_Lcd_Init                text18       0016EA
__end_of_Lcd_Text                text17       001866
__end_of_NRF24L01_Flush          text12       001A42
__end_of_NRF24L01_Init           text9        00179C
__end_of_NRF24L01_SendData       text8        0019E8
__end_of_NRF24L01_SetChannel     text13       001AAA
__end_of_NRF24L01_SetMode        text11       001938
__end_of_NRF24L01_WriteBuffer    text10       001968
__end_of_NRF24L01_WriteRegister  text14       001A58
__end_of_SPI1_Close              text7        001AB4
__end_of_SPI1_Init               text6        001A6A
__end_of_SPI1_Write              text15       001A8C
__end_of___lwdiv                 text5        0018B8
__end_of___lwmod                 text4        0018FA
__end_of___wmul                  text3        001A0E
__end_of__initialization         cinit        0019B4
__end_of_dpowers                 smallconst   00100B
__end_of_isdigit                 text2        001A2C
__end_of_main                    text0        0013F8
__end_of_sprintf                 text1        0012BA
__initialization                 cinit        001994
__mediumconst                    mediumconst  000000
__pcinit                         cinit        001994
__pcstackCOMRAM                  cstackCOMRAM 000001
__pdataCOMRAM                    dataCOMRAM   000055
__pidataCOMRAM                   idataCOMRAM  001AAA
__psmallconst                    smallconst   001000
__ptext0                         text0        0012BA
__ptext1                         text1        00102C
__ptext10                        text10       001938
__ptext11                        text11       0018FA
__ptext12                        text12       001A2C
__ptext13                        text13       001A9C
__ptext14                        text14       001A42
__ptext15                        text15       001A7C
__ptext16                        text16       001968
__ptext17                        text17       001804
__ptext18                        text18       001628
__ptext19                        text19       00179C
__ptext2                         text2        001A0E
__ptext20                        text20       001512
__ptext21                        text21       0013F8
__ptext22                        text22       001A6A
__ptext23                        text23       001A8C
__ptext3                         text3        0019E8
__ptext4                         text4        0018B8
__ptext5                         text5        001866
__ptext6                         text6        001A58
__ptext7                         text7        001AB0
__ptext8                         text8        0019BE
__ptext9                         text9        0016EA
__ramtop                         ramtop       001000
__size_of_Delay_ms               (abs)        000000
__size_of_Lcd_CharCP             (abs)        000000
__size_of_Lcd_Command            (abs)        000000
__size_of_Lcd_ConstText          (abs)        000000
__size_of_Lcd_Delay5500us        (abs)        000000
__size_of_Lcd_Delay5us           (abs)        000000
__size_of_Lcd_Init               (abs)        000000
__size_of_Lcd_Text               (abs)        000000
__size_of_NRF24L01_Flush         (abs)        000000
__size_of_NRF24L01_Init          (abs)        000000
__size_of_NRF24L01_SendData      (abs)        000000
__size_of_NRF24L01_SetChannel    (abs)        000000
__size_of_NRF24L01_SetMode       (abs)        000000
__size_of_NRF24L01_WriteBuffer   (abs)        000000
__size_of_NRF24L01_WriteRegister (abs)        000000
__size_of_SPI1_Close             (abs)        000000
__size_of_SPI1_Init              (abs)        000000
__size_of_SPI1_Write             (abs)        000000
__size_of___lwdiv                (abs)        000000
__size_of___lwmod                (abs)        000000
__size_of___wmul                 (abs)        000000
__size_of_isdigit                (abs)        000000
__size_of_main                   (abs)        000000
__size_of_sprintf                (abs)        000000
__smallconst                     smallconst   001000
_dpowers                         smallconst   001001
_isdigit                         text2        001A0E
_isdigit$1009                    cstackCOMRAM 000002
_main                            text0        0012BA
_sprintf                         text1        00102C
end_of_initialization            cinit        0019B4
intlevel0                        text         000000
intlevel1                        text         000000
intlevel2                        text         000000
intlevel3                        text         000000
isdigit@c                        cstackCOMRAM 000003
main@buffer1                     cstackCOMRAM 000040
main@bufferTX                    cstackCOMRAM 000020
main@i                           cstackCOMRAM 000054
sprintf@ap                       cstackCOMRAM 000017
sprintf@c                        cstackCOMRAM 00001F
sprintf@f                        cstackCOMRAM 00000F
sprintf@flag                     cstackCOMRAM 00001C
sprintf@prec                     cstackCOMRAM 000019
sprintf@sp                       cstackCOMRAM 00000D
sprintf@val                      cstackCOMRAM 00001A
sprintf@width                    cstackCOMRAM 00001D
stackhi                          (abs)        000F37
stacklo                          (abs)        000060
start                            init         000000
start_initialization             cinit        001994


FUNCTION INFORMATION:

 *************** function _main *****************
 Defined at:
		line 16 in file "TXmain.c"
 Parameters:    Size  Location     Type
		None
 Auto vars:     Size  Location     Type
  bufferTX       32   31[COMRAM] unsigned char [32]
  buffer1        20   63[COMRAM] unsigned char [20]
  i               1   83[COMRAM] unsigned char 
 Return value:  Size  Location     Type
		None               void
 Registers used:
		wreg, fsr2l, fsr2h, status,2, status,0, tblptrl, tblptrh, tblptru, prodl, prodh, cstack
 Tracked objects:
		On entry : 
		On exit  : 
		Unchanged: 
 Data sizes:     COMRAM   BANK0   BANK1   BANK2   BANK3   BANK4   BANK5   BANK6   BANK7   BANK8   BANK9  BANK10  BANK11  BANK12  BANK13  BANK14  BANK15
      Params:         0       0       0       0       0       0       0       0       0       0       0       0       0       0       0       0       0
      Locals:        53       0       0       0       0       0       0       0       0       0       0       0       0       0       0       0       0
      Temps:          0       0       0       0       0       0       0       0       0       0       0       0       0       0       0       0       0
      Totals:        53       0       0       0       0       0       0       0       0       0       0       0       0       0       0       0       0
Total ram usage:       53 bytes
 Hardware stack levels required when called:    4
 This function calls:
		_Delay_ms
		_Lcd_Command
		_Lcd_ConstText
		_Lcd_Init
		_Lcd_Text
		_NRF24L01_Init
		_NRF24L01_SendData
		_SPI1_Close
		_SPI1_Init
		_sprintf
 This function is called by:
		Startup code after reset
 This function uses a non-reentrant model


 *************** function _sprintf *****************
 Defined at:
		line 492 in file "C:\Program Files\Microchip\xc8\v1.35\sources\common\doprnt.c"
 Parameters:    Size  Location     Type
  sp              2   12[COMRAM] PTR unsigned char 
		 -> main@buffer1(20), 
  f               2   14[COMRAM] PTR const unsigned char 
		 -> STR_3(14), STR_2(14), 
 Auto vars:     Size  Location     Type
  tmpval          4    0        struct .
  cp              3    0        PTR const unsigned char 
  width           2   28[COMRAM] int 
  val             2   25[COMRAM] unsigned int 
  ap              2   22[COMRAM] PTR void [1]
		 -> ?_sprintf(2), 
  len             2    0        unsigned int 
  c               1   30[COMRAM] char 
  flag            1   27[COMRAM] unsigned char 
  prec            1   24[COMRAM] char 
 Return value:  Size  Location     Type
                  2   12[COMRAM] int 
 Registers used:
		wreg, fsr2l, fsr2h, status,2, status,0, tblptrl, tblptrh, tblptru, prodl, prodh, cstack
 Tracked objects:
		On entry : 
		On exit  : 
		Unchanged: 
 Data sizes:     COMRAM   BANK0   BANK1   BANK2   BANK3   BANK4   BANK5   BANK6   BANK7   BANK8   BANK9  BANK10  BANK11  BANK12  BANK13  BANK14  BANK15
      Params:         6       0       0       0       0       0       0       0       0       0       0       0       0       0       0       0       0
      Locals:         9       0       0       0       0       0       0       0       0       0       0       0       0       0       0       0       0
      Temps:          4       0       0       0       0       0       0       0       0       0       0       0       0       0       0       0       0
      Totals:        19       0       0       0       0       0       0       0       0       0       0       0       0       0       0       0       0
Total ram usage:       19 bytes
 Hardware stack levels used:    1
 Hardware stack levels required when called:    1
 This function calls:
		___lwdiv
		___lwmod
		___wmul
		_isdigit
 This function is called by:
		_main
 This function uses a non-reentrant model


 *************** function _isdigit *****************
 Defined at:
		line 8 in file "C:\Program Files\Microchip\xc8\v1.35\sources\common\isdigit.c"
 Parameters:    Size  Location     Type
  c               1    wreg     unsigned char 
 Auto vars:     Size  Location     Type
  c               1    2[COMRAM] unsigned char 
 Return value:  Size  Location     Type
		None               void
 Registers used:
		wreg, status,2, status,0
 Tracked objects:
		On entry : 
		On exit  : 
		Unchanged: 
 Data sizes:     COMRAM   BANK0   BANK1   BANK2   BANK3   BANK4   BANK5   BANK6   BANK7   BANK8   BANK9  BANK10  BANK11  BANK12  BANK13  BANK14  BANK15
      Params:         0       0       0       0       0       0       0       0       0       0       0       0       0       0       0       0       0
      Locals:         2       0       0       0       0       0       0       0       0       0       0       0       0       0       0       0       0
      Temps:          1       0       0       0       0       0       0       0       0       0       0       0       0       0       0       0       0
      Totals:         3       0       0       0       0       0       0       0       0       0       0       0       0       0       0       0       0
Total ram usage:        3 bytes
 Hardware stack levels used:    1
 This function calls:
		Nothing
 This function is called by:
		_sprintf
 This function uses a non-reentrant model


 *************** function ___wmul *****************
 Defined at:
		line 15 in file "C:\Program Files\Microchip\xc8\v1.35\sources\common\Umul16.c"
 Parameters:    Size  Location     Type
  multiplier      2    0[COMRAM] unsigned int 
  multiplicand    2    2[COMRAM] unsigned int 
 Auto vars:     Size  Location     Type
  product         2    4[COMRAM] unsigned int 
 Return value:  Size  Location     Type
                  2    0[COMRAM] unsigned int 
 Registers used:
		wreg, status,2, status,0, prodl, prodh
 Tracked objects:
		On entry : 
		On exit  : 
		Unchanged: 
 Data sizes:     COMRAM   BANK0   BANK1   BANK2   BANK3   BANK4   BANK5   BANK6   BANK7   BANK8   BANK9  BANK10  BANK11  BANK12  BANK13  BANK14  BANK15
      Params:         4       0       0       0       0       0       0       0       0       0       0       0       0       0       0       0       0
      Locals:         2       0       0       0       0       0       0       0       0       0       0       0       0       0       0       0       0
      Temps:          0       0       0       0       0       0       0       0       0       0       0       0       0       0       0       0       0
      Totals:         6       0       0       0       0       0       0       0       0       0       0       0       0       0       0       0       0
Total ram usage:        6 bytes
 Hardware stack levels used:    1
 This function calls:
		Nothing
 This function is called by:
		_sprintf
 This function uses a non-reentrant model


 *************** function ___lwmod *****************
 Defined at:
		line 8 in file "C:\Program Files\Microchip\xc8\v1.35\sources\common\lwmod.c"
 Parameters:    Size  Location     Type
  dividend        2    7[COMRAM] unsigned int 
  divisor         2    9[COMRAM] unsigned int 
 Auto vars:     Size  Location     Type
  counter         1   11[COMRAM] unsigned char 
 Return value:  Size  Location     Type
                  2    7[COMRAM] unsigned int 
 Registers used:
		wreg, status,2, status,0
 Tracked objects:
		On entry : 
		On exit  : 
		Unchanged: 
 Data sizes:     COMRAM   BANK0   BANK1   BANK2   BANK3   BANK4   BANK5   BANK6   BANK7   BANK8   BANK9  BANK10  BANK11  BANK12  BANK13  BANK14  BANK15
      Params:         4       0       0       0       0       0       0       0       0       0       0       0       0       0       0       0       0
      Locals:         1       0       0       0       0       0       0       0       0       0       0       0       0       0       0       0       0
      Temps:          0       0       0       0       0       0       0       0       0       0       0       0       0       0       0       0       0
      Totals:         5       0       0       0       0       0       0       0       0       0       0       0       0       0       0       0       0
Total ram usage:        5 bytes
 Hardware stack levels used:    1
 This function calls:
		Nothing
 This function is called by:
		_sprintf
 This function uses a non-reentrant model


 *************** function ___lwdiv *****************
 Defined at:
		line 8 in file "C:\Program Files\Microchip\xc8\v1.35\sources\common\lwdiv.c"
 Parameters:    Size  Location     Type
  dividend        2    0[COMRAM] unsigned int 
  divisor         2    2[COMRAM] unsigned int 
 Auto vars:     Size  Location     Type
  quotient        2    4[COMRAM] unsigned int 
  counter         1    6[COMRAM] unsigned char 
 Return value:  Size  Location     Type
                  2    0[COMRAM] unsigned int 
 Registers used:
		wreg, status,2, status,0
 Tracked objects:
		On entry : 
		On exit  : 
		Unchanged: 
 Data sizes:     COMRAM   BANK0   BANK1   BANK2   BANK3   BANK4   BANK5   BANK6   BANK7   BANK8   BANK9  BANK10  BANK11  BANK12  BANK13  BANK14  BANK15
      Params:         4       0       0       0       0       0       0       0       0       0       0       0       0       0       0       0       0
      Locals:         3       0       0       0       0       0       0       0       0       0       0       0       0       0       0       0       0
      Temps:          0       0       0       0       0       0       0       0       0       0       0       0       0       0       0       0       0
      Totals:         7       0       0       0       0       0       0       0       0       0       0       0       0       0       0       0       0
Total ram usage:        7 bytes
 Hardware stack levels used:    1
 This function calls:
		Nothing
 This function is called by:
		_sprintf
 This function uses a non-reentrant model


 *************** function _SPI1_Init *****************
 Defined at:
		line 8 in file "spi_pic18f.c"
 Parameters:    Size  Location     Type
		None
 Auto vars:     Size  Location     Type
		None
 Return value:  Size  Location     Type
		None               void
 Registers used:
		wreg, status,2
 Tracked objects:
		On entry : 
		On exit  : 
		Unchanged: 
 Data sizes:     COMRAM   BANK0   BANK1   BANK2   BANK3   BANK4   BANK5   BANK6   BANK7   BANK8   BANK9  BANK10  BANK11  BANK12  BANK13  BANK14  BANK15
      Params:         0       0       0       0       0       0       0       0       0       0       0       0       0       0       0       0       0
      Locals:         0       0       0       0       0       0       0       0       0       0       0       0       0       0       0       0       0
      Temps:          0       0       0       0       0       0       0       0       0       0       0       0       0       0       0       0       0
      Totals:         0       0       0       0       0       0       0       0       0       0       0       0       0       0       0       0       0
Total ram usage:        0 bytes
 Hardware stack levels used:    1
 This function calls:
		Nothing
 This function is called by:
		_main
 This function uses a non-reentrant model


 *************** function _SPI1_Close *****************
 Defined at:
		line 14 in file "spi_pic18f.c"
 Parameters:    Size  Location     Type
		None
 Auto vars:     Size  Location     Type
		None
 Return value:  Size  Location     Type
		None               void
 Registers used:
		status,2, status,0
 Tracked objects:
		On entry : 
		On exit  : 
		Unchanged: 
 Data sizes:     COMRAM   BANK0   BANK1   BANK2   BANK3   BANK4   BANK5   BANK6   BANK7   BANK8   BANK9  BANK10  BANK11  BANK12  BANK13  BANK14  BANK15
      Params:         0       0       0       0       0       0       0       0       0       0       0       0       0       0       0       0       0
      Locals:         0       0       0       0       0       0       0       0       0       0       0       0       0       0       0       0       0
      Temps:          0       0       0       0       0       0       0       0       0       0       0       0       0       0       0       0       0
      Totals:         0       0       0       0       0       0       0       0       0       0       0       0       0       0       0       0       0
Total ram usage:        0 bytes
 Hardware stack levels used:    1
 This function calls:
		Nothing
 This function is called by:
		_main
 This function uses a non-reentrant model


 *************** function _NRF24L01_SendData *****************
 Defined at:
		line 94 in file "nrf24l01.c"
 Parameters:    Size  Location     Type
  buffer          2    6[COMRAM] PTR unsigned char 
		 -> main@bufferTX(32), 
 Auto vars:     Size  Location     Type
		None
 Return value:  Size  Location     Type
		None               void
 Registers used:
		wreg, fsr2l, fsr2h, status,2, status,0, cstack
 Tracked objects:
		On entry : 
		On exit  : 
		Unchanged: 
 Data sizes:     COMRAM   BANK0   BANK1   BANK2   BANK3   BANK4   BANK5   BANK6   BANK7   BANK8   BANK9  BANK10  BANK11  BANK12  BANK13  BANK14  BANK15
      Params:         2       0       0       0       0       0       0       0       0       0       0       0       0       0       0       0       0
      Locals:         0       0       0       0       0       0       0       0       0       0       0       0       0       0       0       0       0
      Temps:          0       0       0       0       0       0       0       0       0       0       0       0       0       0       0       0       0
      Totals:         2       0       0       0       0       0       0       0       0       0       0       0       0       0       0       0       0
Total ram usage:        2 bytes
 Hardware stack levels used:    1
 Hardware stack levels required when called:    3
 This function calls:
		_Delay_ms
		_NRF24L01_SetMode
		_NRF24L01_WriteBuffer
 This function is called by:
		_main
 This function uses a non-reentrant model


 *************** function _NRF24L01_Init *****************
 Defined at:
		line 57 in file "nrf24l01.c"
 Parameters:    Size  Location     Type
  mode            1    wreg     unsigned char 
  rf_channel      1    6[COMRAM] unsigned char 
 Auto vars:     Size  Location     Type
  mode            1    7[COMRAM] unsigned char 
 Return value:  Size  Location     Type
		None               void
 Registers used:
		wreg, fsr2l, fsr2h, status,2, status,0, cstack
 Tracked objects:
		On entry : 
		On exit  : 
		Unchanged: 
 Data sizes:     COMRAM   BANK0   BANK1   BANK2   BANK3   BANK4   BANK5   BANK6   BANK7   BANK8   BANK9  BANK10  BANK11  BANK12  BANK13  BANK14  BANK15
      Params:         1       0       0       0       0       0       0       0       0       0       0       0       0       0       0       0       0
      Locals:         1       0       0       0       0       0       0       0       0       0       0       0       0       0       0       0       0
      Temps:          0       0       0       0       0       0       0       0       0       0       0       0       0       0       0       0       0
      Totals:         2       0       0       0       0       0       0       0       0       0       0       0       0       0       0       0       0
Total ram usage:        2 bytes
 Hardware stack levels used:    1
 Hardware stack levels required when called:    3
 This function calls:
		_Delay_ms
		_NRF24L01_SetChannel
		_NRF24L01_SetMode
		_NRF24L01_WriteBuffer
		_NRF24L01_WriteRegister
 This function is called by:
		_main
 This function uses a non-reentrant model


 *************** function _NRF24L01_WriteBuffer *****************
 Defined at:
		line 32 in file "nrf24l01.c"
 Parameters:    Size  Location     Type
  data            1    wreg     unsigned char 
  buffer          2    1[COMRAM] PTR unsigned char 
		 -> main@bufferTX(32), ADDRESS_DATA_PIPE0(5), 
  bytes           1    3[COMRAM] unsigned char 
 Auto vars:     Size  Location     Type
  data            1    4[COMRAM] unsigned char 
  i               1    5[COMRAM] unsigned char 
 Return value:  Size  Location     Type
		None               void
 Registers used:
		wreg, fsr2l, fsr2h, status,2, status,0, cstack
 Tracked objects:
		On entry : 
		On exit  : 
		Unchanged: 
 Data sizes:     COMRAM   BANK0   BANK1   BANK2   BANK3   BANK4   BANK5   BANK6   BANK7   BANK8   BANK9  BANK10  BANK11  BANK12  BANK13  BANK14  BANK15
      Params:         3       0       0       0       0       0       0       0       0       0       0       0       0       0       0       0       0
      Locals:         2       0       0       0       0       0       0       0       0       0       0       0       0       0       0       0       0
      Temps:          0       0       0       0       0       0       0       0       0       0       0       0       0       0       0       0       0
      Totals:         5       0       0       0       0       0       0       0       0       0       0       0       0       0       0       0       0
Total ram usage:        5 bytes
 Hardware stack levels used:    1
 Hardware stack levels required when called:    1
 This function calls:
		_SPI1_Write
 This function is called by:
		_NRF24L01_Init
		_NRF24L01_SendData
 This function uses a non-reentrant model


 *************** function _NRF24L01_SetMode *****************
 Defined at:
		line 78 in file "nrf24l01.c"
 Parameters:    Size  Location     Type
  mode            1    wreg     unsigned char 
 Auto vars:     Size  Location     Type
  mode            1    3[COMRAM] unsigned char 
 Return value:  Size  Location     Type
		None               void
 Registers used:
		wreg, status,2, status,0, cstack
 Tracked objects:
		On entry : 
		On exit  : 
		Unchanged: 
 Data sizes:     COMRAM   BANK0   BANK1   BANK2   BANK3   BANK4   BANK5   BANK6   BANK7   BANK8   BANK9  BANK10  BANK11  BANK12  BANK13  BANK14  BANK15
      Params:         0       0       0       0       0       0       0       0       0       0       0       0       0       0       0       0       0
      Locals:         1       0       0       0       0       0       0       0       0       0       0       0       0       0       0       0       0
      Temps:          0       0       0       0       0       0       0       0       0       0       0       0       0       0       0       0       0
      Totals:         1       0       0       0       0       0       0       0       0       0       0       0       0       0       0       0       0
Total ram usage:        1 bytes
 Hardware stack levels used:    1
 Hardware stack levels required when called:    2
 This function calls:
		_NRF24L01_Flush
		_NRF24L01_WriteRegister
 This function is called by:
		_NRF24L01_Init
		_NRF24L01_SendData
 This function uses a non-reentrant model


 *************** function _NRF24L01_Flush *****************
 Defined at:
		line 127 in file "nrf24l01.c"
 Parameters:    Size  Location     Type
		None
 Auto vars:     Size  Location     Type
		None
 Return value:  Size  Location     Type
		None               void
 Registers used:
		wreg, cstack
 Tracked objects:
		On entry : 
		On exit  : 
		Unchanged: 
 Data sizes:     COMRAM   BANK0   BANK1   BANK2   BANK3   BANK4   BANK5   BANK6   BANK7   BANK8   BANK9  BANK10  BANK11  BANK12  BANK13  BANK14  BANK15
      Params:         0       0       0       0       0       0       0       0       0       0       0       0       0       0       0       0       0
      Locals:         0       0       0       0       0       0       0       0       0       0       0       0       0       0       0       0       0
      Temps:          0       0       0       0       0       0       0       0       0       0       0       0       0       0       0       0       0
      Totals:         0       0       0       0       0       0       0       0       0       0       0       0       0       0       0       0       0
Total ram usage:        0 bytes
 Hardware stack levels used:    1
 Hardware stack levels required when called:    1
 This function calls:
		_SPI1_Write
 This function is called by:
		_NRF24L01_SetMode
		_NRF24L01_ReadData
 This function uses a non-reentrant model


 *************** function _NRF24L01_SetChannel *****************
 Defined at:
		line 114 in file "nrf24l01.c"
 Parameters:    Size  Location     Type
  rf_channel      1    wreg     unsigned char 
 Auto vars:     Size  Location     Type
  rf_channel      1    3[COMRAM] unsigned char 
 Return value:  Size  Location     Type
		None               void
 Registers used:
		wreg, status,2, status,0, cstack
 Tracked objects:
		On entry : 
		On exit  : 
		Unchanged: 
 Data sizes:     COMRAM   BANK0   BANK1   BANK2   BANK3   BANK4   BANK5   BANK6   BANK7   BANK8   BANK9  BANK10  BANK11  BANK12  BANK13  BANK14  BANK15
      Params:         0       0       0       0       0       0       0       0       0       0       0       0       0       0       0       0       0
      Locals:         1       0       0       0       0       0       0       0       0       0       0       0       0       0       0       0       0
      Temps:          0       0       0       0       0       0       0       0       0       0       0       0       0       0       0       0       0
      Totals:         1       0       0       0       0       0       0       0       0       0       0       0       0       0       0       0       0
Total ram usage:        1 bytes
 Hardware stack levels used:    1
 Hardware stack levels required when called:    2
 This function calls:
		_NRF24L01_WriteRegister
 This function is called by:
		_NRF24L01_Init
 This function uses a non-reentrant model


 *************** function _NRF24L01_WriteRegister *****************
 Defined at:
		line 16 in file "nrf24l01.c"
 Parameters:    Size  Location     Type
  Mnemonic        1    wreg     unsigned char 
  value           1    1[COMRAM] unsigned char 
 Auto vars:     Size  Location     Type
  Mnemonic        1    2[COMRAM] unsigned char 
 Return value:  Size  Location     Type
		None               void
 Registers used:
		wreg, status,2, status,0, cstack
 Tracked objects:
		On entry : 
		On exit  : 
		Unchanged: 
 Data sizes:     COMRAM   BANK0   BANK1   BANK2   BANK3   BANK4   BANK5   BANK6   BANK7   BANK8   BANK9  BANK10  BANK11  BANK12  BANK13  BANK14  BANK15
      Params:         1       0       0       0       0       0       0       0       0       0       0       0       0       0       0       0       0
      Locals:         1       0       0       0       0       0       0       0       0       0       0       0       0       0       0       0       0
      Temps:          0       0       0       0       0       0       0       0       0       0       0       0       0       0       0       0       0
      Totals:         2       0       0       0       0       0       0       0       0       0       0       0       0       0       0       0       0
Total ram usage:        2 bytes
 Hardware stack levels used:    1
 Hardware stack levels required when called:    1
 This function calls:
		_SPI1_Write
 This function is called by:
		_NRF24L01_Init
		_NRF24L01_SetMode
		_NRF24L01_SetChannel
		_NRF24L01_ReadData
		_NRF24L01_StandbyI
 This function uses a non-reentrant model


 *************** function _SPI1_Write *****************
 Defined at:
		line 18 in file "spi_pic18f.c"
 Parameters:    Size  Location     Type
  data            1    wreg     unsigned char 
 Auto vars:     Size  Location     Type
  data            1    0[COMRAM] unsigned char 
 Return value:  Size  Location     Type
		None               void
 Registers used:
		wreg
 Tracked objects:
		On entry : 
		On exit  : 
		Unchanged: 
 Data sizes:     COMRAM   BANK0   BANK1   BANK2   BANK3   BANK4   BANK5   BANK6   BANK7   BANK8   BANK9  BANK10  BANK11  BANK12  BANK13  BANK14  BANK15
      Params:         0       0       0       0       0       0       0       0       0       0       0       0       0       0       0       0       0
      Locals:         1       0       0       0       0       0       0       0       0       0       0       0       0       0       0       0       0
      Temps:          0       0       0       0       0       0       0       0       0       0       0       0       0       0       0       0       0
      Totals:         1       0       0       0       0       0       0       0       0       0       0       0       0       0       0       0       0
Total ram usage:        1 bytes
 Hardware stack levels used:    1
 This function calls:
		Nothing
 This function is called by:
		_NRF24L01_WriteRegister
		_NRF24L01_WriteBuffer
		_NRF24L01_Flush
		_NRF24L01_ReadRegister
		_NRF24L01_ReadBuffer
 This function uses a non-reentrant model


 *************** function _Delay_ms *****************
 Defined at:
		line 9 in file "time_delay.c"
 Parameters:    Size  Location     Type
  count           2    0[COMRAM] unsigned int 
 Auto vars:     Size  Location     Type
  i               2    3[COMRAM] unsigned int 
 Return value:  Size  Location     Type
		None               void
 Registers used:
		wreg, status,2, status,0
 Tracked objects:
		On entry : 
		On exit  : 
		Unchanged: 
 Data sizes:     COMRAM   BANK0   BANK1   BANK2   BANK3   BANK4   BANK5   BANK6   BANK7   BANK8   BANK9  BANK10  BANK11  BANK12  BANK13  BANK14  BANK15
      Params:         2       0       0       0       0       0       0       0       0       0       0       0       0       0       0       0       0
      Locals:         2       0       0       0       0       0       0       0       0       0       0       0       0       0       0       0       0
      Temps:          1       0       0       0       0       0       0       0       0       0       0       0       0       0       0       0       0
      Totals:         5       0       0       0       0       0       0       0       0       0       0       0       0       0       0       0       0
Total ram usage:        5 bytes
 Hardware stack levels used:    1
 This function calls:
		Nothing
 This function is called by:
		_NRF24L01_Init
		_NRF24L01_SendData
		_main
		_NRF24L01_StandbyI
 This function uses a non-reentrant model


 *************** function _Lcd_Text *****************
 Defined at:
		line 71 in file "hd44780.c"
 Parameters:    Size  Location     Type
  y               1    wreg     unsigned char 
  x               1    4[COMRAM] unsigned char 
  buffer          2    5[COMRAM] PTR unsigned char 
		 -> main@buffer1(20), 
 Auto vars:     Size  Location     Type
  y               1    7[COMRAM] unsigned char 
  data            1    8[COMRAM] unsigned char 
 Return value:  Size  Location     Type
		None               void
 Registers used:
		wreg, fsr2l, fsr2h, status,2, status,0, cstack
 Tracked objects:
		On entry : 
		On exit  : 
		Unchanged: 
 Data sizes:     COMRAM   BANK0   BANK1   BANK2   BANK3   BANK4   BANK5   BANK6   BANK7   BANK8   BANK9  BANK10  BANK11  BANK12  BANK13  BANK14  BANK15
      Params:         3       0       0       0       0       0       0       0       0       0       0       0       0       0       0       0       0
      Locals:         2       0       0       0       0       0       0       0       0       0       0       0       0       0       0       0       0
      Temps:          0       0       0       0       0       0       0       0       0       0       0       0       0       0       0       0       0
      Totals:         5       0       0       0       0       0       0       0       0       0       0       0       0       0       0       0       0
Total ram usage:        5 bytes
 Hardware stack levels used:    1
 Hardware stack levels required when called:    2
 This function calls:
		_Lcd_CharCP
		_Lcd_Command
 This function is called by:
		_main
 This function uses a non-reentrant model


 *************** function _Lcd_Init *****************
 Defined at:
		line 17 in file "hd44780.c"
 Parameters:    Size  Location     Type
		None
 Auto vars:     Size  Location     Type
  data            1    4[COMRAM] unsigned char 
 Return value:  Size  Location     Type
		None               void
 Registers used:
		wreg, status,2, status,0, cstack
 Tracked objects:
		On entry : 
		On exit  : 
		Unchanged: 
 Data sizes:     COMRAM   BANK0   BANK1   BANK2   BANK3   BANK4   BANK5   BANK6   BANK7   BANK8   BANK9  BANK10  BANK11  BANK12  BANK13  BANK14  BANK15
      Params:         0       0       0       0       0       0       0       0       0       0       0       0       0       0       0       0       0
      Locals:         1       0       0       0       0       0       0       0       0       0       0       0       0       0       0       0       0
      Temps:          0       0       0       0       0       0       0       0       0       0       0       0       0       0       0       0       0
      Totals:         1       0       0       0       0       0       0       0       0       0       0       0       0       0       0       0       0
Total ram usage:        1 bytes
 Hardware stack levels used:    1
 Hardware stack levels required when called:    2
 This function calls:
		_Lcd_Command
		_Lcd_Delay5500us
		_Lcd_Delay5us
 This function is called by:
		_main
 This function uses a non-reentrant model


 *************** function _Lcd_ConstText *****************
 Defined at:
		line 48 in file "hd44780.c"
 Parameters:    Size  Location     Type
  y               1    wreg     unsigned char 
  x               1    4[COMRAM] unsigned char 
  buffer          2    5[COMRAM] PTR const unsigned char 
		 -> STR_1(17), 
 Auto vars:     Size  Location     Type
  y               1    7[COMRAM] unsigned char 
  data            1    8[COMRAM] unsigned char 
 Return value:  Size  Location     Type
		None               void
 Registers used:
		wreg, status,2, status,0, tblptrl, tblptrh, tblptru, cstack
 Tracked objects:
		On entry : 
		On exit  : 
		Unchanged: 
 Data sizes:     COMRAM   BANK0   BANK1   BANK2   BANK3   BANK4   BANK5   BANK6   BANK7   BANK8   BANK9  BANK10  BANK11  BANK12  BANK13  BANK14  BANK15
      Params:         3       0       0       0       0       0       0       0       0       0       0       0       0       0       0       0       0
      Locals:         2       0       0       0       0       0       0       0       0       0       0       0       0       0       0       0       0
      Temps:          0       0       0       0       0       0       0       0       0       0       0       0       0       0       0       0       0
      Totals:         5       0       0       0       0       0       0       0       0       0       0       0       0       0       0       0       0
Total ram usage:        5 bytes
 Hardware stack levels used:    1
 Hardware stack levels required when called:    2
 This function calls:
		_Lcd_CharCP
		_Lcd_Command
 This function is called by:
		_main
 This function uses a non-reentrant model


 *************** function _Lcd_Command *****************
 Defined at:
		line 127 in file "hd44780.c"
 Parameters:    Size  Location     Type
  command         1    wreg     unsigned char 
 Auto vars:     Size  Location     Type
  command         1    3[COMRAM] unsigned char 
 Return value:  Size  Location     Type
		None               void
 Registers used:
		wreg, status,2, status,0, cstack
 Tracked objects:
		On entry : 
		On exit  : 
		Unchanged: 
 Data sizes:     COMRAM   BANK0   BANK1   BANK2   BANK3   BANK4   BANK5   BANK6   BANK7   BANK8   BANK9  BANK10  BANK11  BANK12  BANK13  BANK14  BANK15
      Params:         0       0       0       0       0       0       0       0       0       0       0       0       0       0       0       0       0
      Locals:         1       0       0       0       0       0       0       0       0       0       0       0       0       0       0       0       0
      Temps:          2       0       0       0       0       0       0       0       0       0       0       0       0       0       0       0       0
      Totals:         3       0       0       0       0       0       0       0       0       0       0       0       0       0       0       0       0
Total ram usage:        3 bytes
 Hardware stack levels used:    1
 Hardware stack levels required when called:    1
 This function calls:
		_Lcd_Delay5500us
		_Lcd_Delay5us
 This function is called by:
		_Lcd_Init
		_Lcd_ConstText
		_Lcd_Text
		_main
		_Lcd_WriteChar
 This function uses a non-reentrant model


 *************** function _Lcd_CharCP *****************
 Defined at:
		line 110 in file "hd44780.c"
 Parameters:    Size  Location     Type
  c               1    wreg     unsigned char 
 Auto vars:     Size  Location     Type
  c               1    3[COMRAM] unsigned char 
 Return value:  Size  Location     Type
		None               void
 Registers used:
		wreg, status,2, status,0, cstack
 Tracked objects:
		On entry : 
		On exit  : 
		Unchanged: 
 Data sizes:     COMRAM   BANK0   BANK1   BANK2   BANK3   BANK4   BANK5   BANK6   BANK7   BANK8   BANK9  BANK10  BANK11  BANK12  BANK13  BANK14  BANK15
      Params:         0       0       0       0       0       0       0       0       0       0       0       0       0       0       0       0       0
      Locals:         1       0       0       0       0       0       0       0       0       0       0       0       0       0       0       0       0
      Temps:          2       0       0       0       0       0       0       0       0       0       0       0       0       0       0       0       0
      Totals:         3       0       0       0       0       0       0       0       0       0       0       0       0       0       0       0       0
Total ram usage:        3 bytes
 Hardware stack levels used:    1
 Hardware stack levels required when called:    1
 This function calls:
		_Lcd_Delay5500us
		_Lcd_Delay5us
 This function is called by:
		_Lcd_ConstText
		_Lcd_Text
		_Lcd_WriteChar
 This function uses a non-reentrant model


 *************** function _Lcd_Delay5us *****************
 Defined at:
		line 143 in file "hd44780.c"
 Parameters:    Size  Location     Type
		None
 Auto vars:     Size  Location     Type
		None
 Return value:  Size  Location     Type
		None               void
 Registers used:
		wreg
 Tracked objects:
		On entry : 
		On exit  : 
		Unchanged: 
 Data sizes:     COMRAM   BANK0   BANK1   BANK2   BANK3   BANK4   BANK5   BANK6   BANK7   BANK8   BANK9  BANK10  BANK11  BANK12  BANK13  BANK14  BANK15
      Params:         0       0       0       0       0       0       0       0       0       0       0       0       0       0       0       0       0
      Locals:         0       0       0       0       0       0       0       0       0       0       0       0       0       0       0       0       0
      Temps:          0       0       0       0       0       0       0       0       0       0       0       0       0       0       0       0       0
      Totals:         0       0       0       0       0       0       0       0       0       0       0       0       0       0       0       0       0
Total ram usage:        0 bytes
 Hardware stack levels used:    1
 This function calls:
		Nothing
 This function is called by:
		_Lcd_Init
		_Lcd_CharCP
		_Lcd_Command
 This function uses a non-reentrant model


 *************** function _Lcd_Delay5500us *****************
 Defined at:
		line 147 in file "hd44780.c"
 Parameters:    Size  Location     Type
		None
 Auto vars:     Size  Location     Type
		None
 Return value:  Size  Location     Type
		None               void
 Registers used:
		wreg
 Tracked objects:
		On entry : 
		On exit  : 
		Unchanged: 
 Data sizes:     COMRAM   BANK0   BANK1   BANK2   BANK3   BANK4   BANK5   BANK6   BANK7   BANK8   BANK9  BANK10  BANK11  BANK12  BANK13  BANK14  BANK15
      Params:         0       0       0       0       0       0       0       0       0       0       0       0       0       0       0       0       0
      Locals:         0       0       0       0       0       0       0       0       0       0       0       0       0       0       0       0       0
      Temps:          1       0       0       0       0       0       0       0       0       0       0       0       0       0       0       0       0
      Totals:         1       0       0       0       0       0       0       0       0       0       0       0       0       0       0       0       0
Total ram usage:        1 bytes
 Hardware stack levels used:    1
 This function calls:
		Nothing
 This function is called by:
		_Lcd_Init
		_Lcd_CharCP
		_Lcd_Command
 This function uses a non-reentrant model



MODULE INFORMATION

Module		Function		Class		Link	Load	Size
spi_pic18f.c
		_SPI1_Init     		CODE           	1A58	0000	19
		_SPI1_Close    		CODE           	1AB0	0000	5
		_SPI1_Write    		CODE           	1A7C	0000	17

spi_pic18f.c estimated size: 41

C:\Program Files\Microchip\xc8\v1.35\sources\common\doprnt.c
		_sprintf       		CODE           	102C	0000	655

C:\Program Files\Microchip\xc8\v1.35\sources\common\doprnt.c estimated size: 655

C:\Program Files\Microchip\xc8\v1.35\sources\common\isdigit.c
		_isdigit       		CODE           	1A0E	0000	31

C:\Program Files\Microchip\xc8\v1.35\sources\common\isdigit.c estimated size: 31

C:\Program Files\Microchip\xc8\v1.35\sources\common\lwmod.c
		___lwmod       		CODE           	18B8	0000	67

C:\Program Files\Microchip\xc8\v1.35\sources\common\lwmod.c estimated size: 67

C:\Program Files\Microchip\xc8\v1.35\sources\common\Umul16.c
		___wmul        		CODE           	19E8	0000	39

C:\Program Files\Microchip\xc8\v1.35\sources\common\Umul16.c estimated size: 39

C:\Program Files\Microchip\xc8\v1.35\sources\common\lwdiv.c
		___lwdiv       		CODE           	1866	0000	83

C:\Program Files\Microchip\xc8\v1.35\sources\common\lwdiv.c estimated size: 83

shared
		_dpowers       		SMALLCONST     	1001	0000	11
		__initialization		CODE           	1994	0000	33

shared estimated size: 44

time_delay.c
		_Delay_ms      		CODE           	1968	0000	45

time_delay.c estimated size: 45

hd44780.c
		_Lcd_ConstText 		CODE           	179C	0000	105
		_Lcd_Init      		CODE           	1628	0000	195
		_Lcd_Command   		CODE           	1512	0000	279
		_Lcd_Text      		CODE           	1804	0000	99
		_Lcd_Delay5us  		CODE           	1A6A	0000	19
		_Lcd_CharCP    		CODE           	13F8	0000	283
		_Lcd_Delay5500us		CODE           	1A8C	0000	17

hd44780.c estimated size: 997

nrf24l01.c
		_NRF24L01_WriteRegister		CODE           	1A42	0000	23
		_NRF24L01_SetMode		CODE           	18FA	0000	63
		_NRF24L01_SetChannel		CODE           	1A9C	0000	15
		_NRF24L01_Init 		CODE           	16EA	0000	179
		_NRF24L01_SendData		CODE           	19BE	0000	43
		_NRF24L01_Flush		CODE           	1A2C	0000	23
		_NRF24L01_WriteBuffer		CODE           	1938	0000	49

nrf24l01.c estimated size: 395

TXmain.c
		_main          		CODE           	12BA	0000	319

TXmain.c estimated size: 319

