Microchip MPLAB XC8 Compiler V1.38 ()

Linker command line:

-W6 --edf=C:\Program Files (x86)\Microchip\xc8\v1.38\dat\en_msgs.txt -cs \
  -h+dist/miwikit_pic18f46j50_89xa_Co/production\miwi_mesh.X.production.sym \
  --cmf=dist/miwikit_pic18f46j50_89xa_Co/production\miwi_mesh.X.production.cmf \
  -z -Q18F46J50 -oC:\Users\c17143\AppData\Local\Temp\s6eo.2 \
  -Mdist/miwikit_pic18f46j50_89xa_Co/production/miwi_mesh.X.production.map \
  -E1 -ver=XC8 -ASTACK=0C00h-0ebfh -pstack=STACK -ACODE=00h-0FFF7h \
  -ACONST=00h-0FFF7h -ASMALLCONST=0F00h-0FFFhx240,0FF00h-0FFF7h \
  -AMEDIUMCONST=0F00h-0FFF7h -ACOMRAM=01h-05Fh -AABS1=00h-0EBFh \
  -ABIGRAM=01h-0EBFh -ARAM=060h-0FFh,0100h-01FFhx13,0E00h-0EBFh \
  -ABANK0=060h-0FFh -ABANK1=0100h-01FFh -ABANK2=0200h-02FFh \
  -ABANK3=0300h-03FFh -ABANK4=0400h-04FFh -ABANK5=0500h-05FFh \
  -ABANK6=0600h-06FFh -ABANK7=0700h-07FFh -ABANK8=0800h-08FFh \
  -ABANK9=0900h-09FFh -ABANK10=0A00h-0AFFh -ABANK11=0B00h-0BFFh \
  -ABANK12=0C00h-0CFFh -ABANK13=0D00h-0DFFh -ABANK14=0E00h-0EBFh \
  -ASFR=0EC0h-0EFFh,0F00h-0F5Fh,0F60h-0FFFh \
  -preset_vec=00h,intcode=08h,intcodelo,powerup,init,end_init \
  -pramtop=0F00h -psmallconst=SMALLCONST -pmediumconst=MEDIUMCONST \
  -pconst=CONST -AFARRAM=00h-00h -ACONFIG=0FFF8h-0FFFFh -pconfig=CONFIG \
  -pjflash_buffer=0F800h \
  -prdata=COMRAM,nvrram=COMRAM,nvbit=COMRAM,rbss=COMRAM,rbit=COMRAM \
  -pfarbss=FARRAM,fardata=FARRAM,nvFARRAM=FARRAM \
  -pintsave_regs=BIGRAM,bigbss=BIGRAM,bigdata=BIGRAM -pbss=RAM \
  -pidata=CODE,irdata=CODE,ibigdata=CODE,ifardata=CODE -prparam=COMRAM \
  C:\Users\c17143\AppData\Local\Temp\s6eo.obj \
  dist/miwikit_pic18f46j50_89xa_Co/production\miwi_mesh.X.production.obj 

Object code version is 3.11

Machine type is 18F46J50

Call graph: (short form)




                Name                               Link     Load   Length Selector   Space Scale
C:\Users\c17143\AppData\Local\Temp\s6eo.obj
                end_init                            49E      49E        4        4       0
                reset_vec                             0        0        4        0       0
                config                             FFF8     FFF8        8     FFF8       0
dist/miwikit_pic18f46j50_89xa_Co/production\miwi_mesh.X.production.obj
                intcode                               8        8      496        4       0
                temp                                 4F       4F        1        1       1
                mediumconst                        FAFC     FAFC      4FC     7D7E       0
                text177                            72B2     72B2       2A        4       0
                text176                            5DEE     5DEE       96        4       0
                text175                            6E48     6E48       42        4       0
                text174                            710A     710A       36        4       0
                text173                            753E     753E       16        4       0
                text172                            7624     7624        A        4       0
                text171                            7232     7232       2C        4       0
                text170                            739A     739A       26        4       0
                text169                            65EA     65EA       68        4       0
                text168                            73C0     73C0       22        4       0
                text167                            470E     470E      13C        4       0
                text166                            45D0     45D0      13E        4       0
                text164                            6E06     6E06       42        4       0
                text163                            70D4     70D4       36        4       0
                text162                            677C     677C       62        4       0
                text161                            596C     596C       B4        4       0
                text160                            7528     7528       16        4       0
                text159                            7206     7206       2C        4       0
                text158                            5D58     5D58       96        4       0
                text157                            74B8     74B8       18        4       0
                text156                            7512     7512       16        4       0
                text155                            4D12     4D12      124        4       0
                text154                            74FC     74FC       16        4       0
                text153                            58B6     58B6       B6        4       0
                text152                            12D4     12D4      366        4       0
                text151                            765A     765A        6        4       0
                text150                            7654     7654        6        4       0
                text149                            6AA8     6AA8       56        4       0
                text148                            6A52     6A52       56        4       0
                text147                            6C98     6C98       4E        4       0
                text146                            743E     743E       1A        4       0
                text145                            7288     7288       2A        4       0
                text144                            657E     657E       6C        4       0
                text143                            5FA4     5FA4       90        4       0
                text142                            75C8     75C8        C        4       0
                text141                            7680     7680        4        4       0
                text140                            767C     767C        4        4       0
                text139                            7678     7678        4        4       0
                text138                            7674     7674        4        4       0
                text137                            709E     709E       36        4       0
                text136                            671A     671A       62        4       0
                text135                            3DDE     3DDE      170        4       0
                text134                            633A     633A       78        4       0
                text133                            74A0     74A0       18        4       0
                text132                            73E2     73E2       20        4       0
                text131                            725E     725E       2A        4       0
                text130                            7488     7488       18        4       0
                text129                            7470     7470       18        4       0
                text128                            7458     7458       18        4       0
                text127                            75BC     75BC        C        4       0
                text126                            71D6     71D6       30        4       0
                text125                            74E6     74E6       16        4       0
                text124                            74D0     74D0       16        4       0
                text123                            504A     504A       FA        4       0
                text122                            5CBE     5CBE       9A        4       0
                text121                            761A     761A        A        4       0
                text120                            7572     7572        E        4       0
                text119                            69FC     69FC       56        4       0
                text118                            6DC2     6DC2       44        4       0
                text117                            75B0     75B0        C        4       0
                text116                            7030     7030       38        4       0
                text115                            7670     7670        4        4       0
                text114                            766C     766C        4        4       0
                text113                            7610     7610        A        4       0
                text112                            71A4     71A4       32        4       0
                text111                            5800     5800       B6        4       0
                text110                            4F50     4F50       FA        4       0
                text109                            7606     7606        A        4       0
                text108                            694E     694E       58        4       0
                text107                            7668     7668        4        4       0
                text106                            7646     7646        8        4       0
                text105                            7374     7374       26        4       0
                text104                            311A     311A      1B8        4       0
                text103                            3C6E     3C6E      170        4       0
                text102                            5ACC     5ACC       AC        4       0
                text101                            568A     568A       BE        4       0
                text100                            55C4     55C4       C6        4       0
                text99                              F42      F42      392        4       0
                text98                             614C     614C       80        4       0
                text97                             7068     7068       36        4       0
                text96                             6D30     6D30       4A        4       0
                text95                             6EC8     6EC8       3E        4       0
                text94                             3AE4     3AE4      18A        4       0
                text93                             68F6     68F6       58        4       0
                text92                             650E     650E       70        4       0
                text91                             75A4     75A4        C        4       0
                text90                             75FC     75FC        A        4       0
                text89                             7598     7598        C        4       0
                text88                             764E     764E        6        4       0
                text87                             5748     5748       B8        4       0
                text86                             734E     734E       26        4       0
                text85                             4348     4348      14A        4       0
                text84                             347E     347E      1AA        4       0
                text83                             5F14     5F14       90        4       0
                text82                             683E     683E       5E        4       0
                text81                             2AC2     2AC2      236        4       0
                text80                             5326     5326       E8        4       0
                text79                             2F2A     2F2A      1F0        4       0
                text78                             768C     768C        2        4       0
                text77                             75F2     75F2        A        4       0
                text76                             7664     7664        4        4       0
                text75                             6B52     6B52       54        4       0
                text74                             6FBA     6FBA       3C        4       0
                text73                             6F7E     6F7E       3C        4       0
                text72                             768A     768A        2        4       0
                text71                             7688     7688        2        4       0
                text70                             7564     7564        E        4       0
                text69                             163A     163A      2E8        4       0
                text68                             6D7A     6D7A       48        4       0
                text67                             7328     7328       26        4       0
                text66                             763E     763E        8        4       0
                text65                             540E     540E       E0        4       0
                text64                             7636     7636        8        4       0
                text63                             69A6     69A6       56        4       0
                text62                             66B8     66B8       62        4       0
                text61                             5C1E     5C1E       A0        4       0
                text60                             6BA6     6BA6       52        4       0
                text59                              B16      B16      42C        4       0
                text58                             1922     1922      2CC        4       0
                text57                             7172     7172       32        4       0
                text56                             6F42     6F42       3C        4       0
                text55                             758C     758C        C        4       0
                text54                             75E8     75E8        A        4       0
                text53                             6428     6428       74        4       0
                text52                             54EE     54EE       D6        4       0
                text51                             6C48     6C48       50        4       0
                text50                             32D2     32D2      1AC        4       0
                text49                             4BE6     4BE6      12C        4       0
                text48                             61CC     61CC       7E        4       0
                text47                             63B2     63B2       76        4       0
                text46                             62C2     62C2       78        4       0
                text45                             6E8A     6E8A       3E        4       0
                text44                             67DE     67DE       60        4       0
                text43                             1BEE     1BEE      2AC        4       0
                text42                             40A8     40A8      156        4       0
                text41                             484A     484A      138        4       0
                text40                             3628     3628      1A2        4       0
                text39                             7580     7580        C        4       0
                text38                             37CA     37CA      190        4       0
                text37                             6AFE     6AFE       54        4       0
                text36                             60C2     60C2       8A        4       0
                text35                             395A     395A      18A        4       0
                text34                             75DE     75DE        A        4       0
                text33                             6F06     6F06       3C        4       0
                text32                             5A20     5A20       AC        4       0
                text31                             689C     689C       5A        4       0
                text30                             6652     6652       66        4       0
                text29                             41FE     41FE      14A        4       0
                text28                             3F4E     3F4E      15A        4       0
                text27                             5E84     5E84       90        4       0
                text26                             2614     2614      266        4       0
                text25                             6BF8     6BF8       50        4       0
                text24                             2CF8     2CF8      232        4       0
                text23                             624A     624A       78        4       0
                text22                             6034     6034       8E        4       0
                text21                             7686     7686        2        4       0
                text20                             4E36     4E36      11A        4       0
                text19                             4492     4492      13E        4       0
                text18                             23AE     23AE      266        4       0
                text17                             5B78     5B78       A6        4       0
                text16                             2140     2140      26E        4       0
                text15                             7420     7420       1E        4       0
                text14                             7660     7660        4        4       0
                text13                              4A2      4A2      674        4       0
                text12                             5144     5144       F2        4       0
                text11                             649C     649C       72        4       0
                text10                             4982     4982      136        4       0
                text9                              4AB8     4AB8      12E        4       0
                text8                              6FF6     6FF6       3A        4       0
                text7                              75D4     75D4        A        4       0
                text6                              7140     7140       32        4       0
                text5                              6CE6     6CE6       4A        4       0
                text4                              7302     7302       26        4       0
                text3                              72DC     72DC       26        4       0
                text2                              7402     7402       1E        4       0
                text1                              1E9A     1E9A      2A6        4       0
                text0                              287A     287A      248        4       0
                cstackCOMRAM                          1        1       35        1       1
                cstackBANK0                          60       60       87       60       1
                cstackBANK1                         100      100       AE      100       1
                cstackBANK2                         263      263       1E      200       1
                bssBIGRAM                           8DC      8DC      324      8DC       1
                bssBANK8                            800      800       DC      800       1
                bssBANK7                            700      700       FE      700       1
                bssBANK6                            600      600       F2      600       1
                bssBANK5                            500      500       DC      500       1
                bssBANK4                            400      400       EF      400       1
                bssBANK3                            300      300       E6      300       1
                bssBANK2                            200      200       63      200       1
                dataBANK1                           1EC      1EC       10      100       1
                bssBANK1                            1AE      1AE       3E      100       1
                dataBANK0                            EB       EB        2       60       1
                bssBANK0                             E7       E7        4       60       1
                dataCOMRAM                           47       47        8        1       1
                bssCOMRAM                            36       36       11        1       1
                cinit                              5236     5236       F0        4       0
                nvBANK1                             1FC      1FC        1      100       1
                idataBANK1                         7554     7554       10        4       0
                idataBANK0                         7684     7684        2        4       0
                idataCOMRAM                        762E     762E        8        4       0

TOTAL           Name                               Link     Load   Length     Space
        CLASS   STACK          

        CLASS   CODE           
                end_init                            49E      49E        4         0
                intcode                               8        8      496         0
                reset_vec                             0        0        4         0
                text177                            72B2     72B2       2A         0
                text176                            5DEE     5DEE       96         0
                text175                            6E48     6E48       42         0
                text174                            710A     710A       36         0
                text173                            753E     753E       16         0
                text172                            7624     7624        A         0
                text171                            7232     7232       2C         0
                text170                            739A     739A       26         0
                text169                            65EA     65EA       68         0
                text168                            73C0     73C0       22         0
                text167                            470E     470E      13C         0
                text166                            45D0     45D0      13E         0
                text164                            6E06     6E06       42         0
                text163                            70D4     70D4       36         0
                text162                            677C     677C       62         0
                text161                            596C     596C       B4         0
                text160                            7528     7528       16         0
                text159                            7206     7206       2C         0
                text158                            5D58     5D58       96         0
                text157                            74B8     74B8       18         0
                text156                            7512     7512       16         0
                text155                            4D12     4D12      124         0
                text154                            74FC     74FC       16         0
                text153                            58B6     58B6       B6         0
                text152                            12D4     12D4      366         0
                text151                            765A     765A        6         0
                text150                            7654     7654        6         0
                text149                            6AA8     6AA8       56         0
                text148                            6A52     6A52       56         0
                text147                            6C98     6C98       4E         0
                text146                            743E     743E       1A         0
                text145                            7288     7288       2A         0
                text144                            657E     657E       6C         0
                text143                            5FA4     5FA4       90         0
                text142                            75C8     75C8        C         0
                text141                            7680     7680        4         0
                text140                            767C     767C        4         0
                text139                            7678     7678        4         0
                text138                            7674     7674        4         0
                text137                            709E     709E       36         0
                text136                            671A     671A       62         0
                text135                            3DDE     3DDE      170         0
                text134                            633A     633A       78         0
                text133                            74A0     74A0       18         0
                text132                            73E2     73E2       20         0
                text131                            725E     725E       2A         0
                text130                            7488     7488       18         0
                text129                            7470     7470       18         0
                text128                            7458     7458       18         0
                text127                            75BC     75BC        C         0
                text126                            71D6     71D6       30         0
                text125                            74E6     74E6       16         0
                text124                            74D0     74D0       16         0
                text123                            504A     504A       FA         0
                text122                            5CBE     5CBE       9A         0
                text121                            761A     761A        A         0
                text120                            7572     7572        E         0
                text119                            69FC     69FC       56         0
                text118                            6DC2     6DC2       44         0
                text117                            75B0     75B0        C         0
                text116                            7030     7030       38         0
                text115                            7670     7670        4         0
                text114                            766C     766C        4         0
                text113                            7610     7610        A         0
                text112                            71A4     71A4       32         0
                text111                            5800     5800       B6         0
                text110                            4F50     4F50       FA         0
                text109                            7606     7606        A         0
                text108                            694E     694E       58         0
                text107                            7668     7668        4         0
                text106                            7646     7646        8         0
                text105                            7374     7374       26         0
                text104                            311A     311A      1B8         0
                text103                            3C6E     3C6E      170         0
                text102                            5ACC     5ACC       AC         0
                text101                            568A     568A       BE         0
                text100                            55C4     55C4       C6         0
                text99                              F42      F42      392         0
                text98                             614C     614C       80         0
                text97                             7068     7068       36         0
                text96                             6D30     6D30       4A         0
                text95                             6EC8     6EC8       3E         0
                text94                             3AE4     3AE4      18A         0
                text93                             68F6     68F6       58         0
                text92                             650E     650E       70         0
                text91                             75A4     75A4        C         0
                text90                             75FC     75FC        A         0
                text89                             7598     7598        C         0
                text88                             764E     764E        6         0
                text87                             5748     5748       B8         0
                text86                             734E     734E       26         0
                text85                             4348     4348      14A         0
                text84                             347E     347E      1AA         0
                text83                             5F14     5F14       90         0
                text82                             683E     683E       5E         0
                text81                             2AC2     2AC2      236         0
                text80                             5326     5326       E8         0
                text79                             2F2A     2F2A      1F0         0
                text78                             768C     768C        2         0
                text77                             75F2     75F2        A         0
                text76                             7664     7664        4         0
                text75                             6B52     6B52       54         0
                text74                             6FBA     6FBA       3C         0
                text73                             6F7E     6F7E       3C         0
                text72                             768A     768A        2         0
                text71                             7688     7688        2         0
                text70                             7564     7564        E         0
                text69                             163A     163A      2E8         0
                text68                             6D7A     6D7A       48         0
                text67                             7328     7328       26         0
                text66                             763E     763E        8         0
                text65                             540E     540E       E0         0
                text64                             7636     7636        8         0
                text63                             69A6     69A6       56         0
                text62                             66B8     66B8       62         0
                text61                             5C1E     5C1E       A0         0
                text60                             6BA6     6BA6       52         0
                text59                              B16      B16      42C         0
                text58                             1922     1922      2CC         0
                text57                             7172     7172       32         0
                text56                             6F42     6F42       3C         0
                text55                             758C     758C        C         0
                text54                             75E8     75E8        A         0
                text53                             6428     6428       74         0
                text52                             54EE     54EE       D6         0
                text51                             6C48     6C48       50         0
                text50                             32D2     32D2      1AC         0
                text49                             4BE6     4BE6      12C         0
                text48                             61CC     61CC       7E         0
                text47                             63B2     63B2       76         0
                text46                             62C2     62C2       78         0
                text45                             6E8A     6E8A       3E         0
                text44                             67DE     67DE       60         0
                text43                             1BEE     1BEE      2AC         0
                text42                             40A8     40A8      156         0
                text41                             484A     484A      138         0
                text40                             3628     3628      1A2         0
                text39                             7580     7580        C         0
                text38                             37CA     37CA      190         0
                text37                             6AFE     6AFE       54         0
                text36                             60C2     60C2       8A         0
                text35                             395A     395A      18A         0
                text34                             75DE     75DE        A         0
                text33                             6F06     6F06       3C         0
                text32                             5A20     5A20       AC         0
                text31                             689C     689C       5A         0
                text30                             6652     6652       66         0
                text29                             41FE     41FE      14A         0
                text28                             3F4E     3F4E      15A         0
                text27                             5E84     5E84       90         0
                text26                             2614     2614      266         0
                text25                             6BF8     6BF8       50         0
                text24                             2CF8     2CF8      232         0
                text23                             624A     624A       78         0
                text22                             6034     6034       8E         0
                text21                             7686     7686        2         0
                text20                             4E36     4E36      11A         0
                text19                             4492     4492      13E         0
                text18                             23AE     23AE      266         0
                text17                             5B78     5B78       A6         0
                text16                             2140     2140      26E         0
                text15                             7420     7420       1E         0
                text14                             7660     7660        4         0
                text13                              4A2      4A2      674         0
                text12                             5144     5144       F2         0
                text11                             649C     649C       72         0
                text10                             4982     4982      136         0
                text9                              4AB8     4AB8      12E         0
                text8                              6FF6     6FF6       3A         0
                text7                              75D4     75D4        A         0
                text6                              7140     7140       32         0
                text5                              6CE6     6CE6       4A         0
                text4                              7302     7302       26         0
                text3                              72DC     72DC       26         0
                text2                              7402     7402       1E         0
                text1                              1E9A     1E9A      2A6         0
                text0                              287A     287A      248         0
                cinit                              5236     5236       F0         0
                idataBANK1                         7554     7554       10         0
                idataBANK0                         7684     7684        2         0
                idataCOMRAM                        762E     762E        8         0

        CLASS   CONST          

        CLASS   SMALLCONST     

        CLASS   MEDIUMCONST    
                mediumconst                        FAFC     FAFC      4FC         0

        CLASS   COMRAM         
                temp                                 4F       4F        1         1
                cstackCOMRAM                          1        1       35         1
                dataCOMRAM                           47       47        8         1
                bssCOMRAM                            36       36       11         1

        CLASS   ABS1           

        CLASS   BIGRAM         
                bssBIGRAM                           8DC      8DC      324         1

        CLASS   RAM            

        CLASS   BANK0          
                cstackBANK0                          60       60       87         1
                dataBANK0                            EB       EB        2         1
                bssBANK0                             E7       E7        4         1

        CLASS   BANK1          
                cstackBANK1                         100      100       AE         1
                dataBANK1                           1EC      1EC       10         1
                bssBANK1                            1AE      1AE       3E         1
                nvBANK1                             1FC      1FC        1         1

        CLASS   BANK2          
                cstackBANK2                         263      263       1E         1
                bssBANK2                            200      200       63         1

        CLASS   BANK3          
                bssBANK3                            300      300       E6         1

        CLASS   BANK4          
                bssBANK4                            400      400       EF         1

        CLASS   BANK5          
                bssBANK5                            500      500       DC         1

        CLASS   BANK6          
                bssBANK6                            600      600       F2         1

        CLASS   BANK7          
                bssBANK7                            700      700       FE         1

        CLASS   BANK8          
                bssBANK8                            800      800       DC         1

        CLASS   BANK9          

        CLASS   BANK10         

        CLASS   BANK11         

        CLASS   BANK12         

        CLASS   BANK13         

        CLASS   BANK14         

        CLASS   SFR            

        CLASS   FARRAM         

        CLASS   CONFIG         
                config                             FFF8     FFF8        8         0

        CLASS   IDLOC          



SEGMENTS        Name                           Load    Length   Top    Selector   Space  Class

                reset_vec                      000000  000004  000004         0       0  CODE    
                cstackCOMRAM                   000001  00004F  000050         1       1  COMRAM  
                intcode                        000008  007686  00768E         4       0  CODE    
                cstackBANK0                    000060  00008D  0000ED        60       1  BANK0   
                cstackBANK1                    000100  0000FD  0001FD       100       1  BANK1   
                bssBANK2                       000200  000081  000281       200       1  BANK2   
                bssBANK3                       000300  0000E6  0003E6       300       1  BANK3   
                bssBANK4                       000400  0000EF  0004EF       400       1  BANK4   
                bssBANK5                       000500  0000DC  0005DC       500       1  BANK5   
                bssBANK6                       000600  0000F2  0006F2       600       1  BANK6   
                bssBANK7                       000700  0000FE  0007FE       700       1  BANK7   
                bssBANK8                       000800  0000DC  0008DC       800       1  BANK8   
                bssBIGRAM                      0008DC  000324  000C00       8DC       1  BIGRAM  
                mediumconst                    00FAFC  0004FC  00FFF8      7D7E       0  MEDIUMCO
                config                         00FFF8  000008  010000      FFF8       0  CONFIG  


UNUSED ADDRESS RANGES

        Name                Unused          Largest block    Delta
        BANK0            000ED-000FF              13
        BANK1            001FD-001FF               3
        BANK12           00C00-00CFF             100
        BANK13           00D00-00DFF             100
        BANK14           00E00-00EBF              C0
        BANK2            00281-002FF              7F
        BANK3            003E6-003FF              1A
        BANK4            004EF-004FF              11
        BANK5            005DC-005FF              24
        BANK6            006F2-006FF               E
        BANK7            007FE-007FF               2
        BIGRAM           00050-0005F              10
                         000ED-000FF              13
                         001FD-001FF               3
                         00281-002FF              7F
                         003E6-003FF              1A
                         004EF-004FF              11
                         005DC-005FF              24
                         006F2-006FF               E
                         007FE-007FF               2
                         00C00-00EBF             2C0
        CODE             00004-00007               4
                         0768E-0FAFB            846E
        COMRAM           00050-0005F              10
        CONST            00004-00007               4
                         0768E-0FAFB            846E
        MEDIUMCONST      0768E-0FAFB            846E
        RAM              000ED-000FF              13
                         001FD-001FF               3
                         00281-002FF              7F
                         003E6-003FF              1A
                         004EF-004FF              11
                         005DC-005FF              24
                         006F2-006FF               E
                         007FE-007FF               2
                         00C00-00EBF             100
        SFR              00EC0-00FFF              60
        SMALLCONST       0768E-0FAFB             100
        STACK            00C00-00EBF             2C0

                                  Symbol Table

?_AddMSToTick                                    cstackBANK0   0008F
?_CoordinatorAddress                             cstackBANK0   00073
?_CoordinatorGenericAddress                      cstackBANK0   0007B
?_DeviceManagerGetDeviceData                     cstackBANK0   00081
?_GetRouteAddressOfChild                         cstackBANK0   0008B
?_LEAppendNeighborInfo                           cstackBANK0   00084
?_LELinkQualityGet                               cstackBANK0   00085
?_MSTickGet                                      cstackBANK0   0007F
?_MSTickGetDiffNow                               cstackBANK0   0008F
?_MiApp_GetParentAddress                         cstackBANK0   00075
?_MiWi_TickGet                                   cstackBANK0   00073
?_MiWi_TickGetMs                                 cstackBANK0   0007F
?_NetworkGetMyRouteInfo                          cstackBANK0   00073
?_NetworkGetPANID                                cstackBANK0   00073
?_NetworkGetParentAddress                        cstackBANK0   00073
?_NetworkManagerGetMyAddress                     cstackBANK0   00073
?_NetworkPrepareSendPacket                       cstackBANK0   0007F
?_RMRoutingTableCount                            cstackBANK0   00073
?_Read_MAC_Address                               cstackBANK0   0007F
?_RoutingTableFindDeviceOrParent                 cstackBANK0   00081
?_TunnelManagerGetTunnel                         cstackBANK0   000AB
?___awdiv                                        cstackBANK0   00073
?___lldiv                                        cstackBANK0   00073
?___llmod                                        cstackBANK0   0007F
?___lwdiv                                        cstackBANK0   00073
?___lwmod                                        cstackBANK0   0007F
?___wmul                                         cstackBANK0   00073
?_crc32                                          cstackBANK0   00073
?_krnd                                           cstackBANK0   00073
?_le_computeETX                                  cstackBANK0   0007B
?_le_findEmptyNeighborIdx                        cstackBANK0   00073
?_le_findRandomNeighborIdx                       cstackBANK0   00084
?_le_findWorstNeighborIdx                        cstackBANK0   00081
?_memcmp                                         cstackBANK0   00073
?_sprintf                                        cstackBANK0   0007A
?i2_MiWi_TickGet                                 cstackCOMRAM  00001
?i2_MiWi_TickGetMs                               cstackCOMRAM  0000D
?i2_krnd                                         cstackCOMRAM  00001
AddMSToTick@ms                                   cstackBANK0   00097
AddMSToTick@tick                                 cstackBANK0   0008F
AddNodeToNetworkTable@PANID                      cstackBANK0   00083
AddNodeToNetworkTable@address                    cstackBANK0   00081
AddNodeToNetworkTable@i                          cstackBANK0   0008B
AddNodeToNetworkTable@ind                        cstackBANK0   00089
BroadcastManagerDelaySend@i                      cstackBANK0   000AC
BroadcastManagerDelaySend@isInterPan             cstackBANK0   000A4
BroadcastManagerDelaySend@isSecure               cstackBANK0   000A3
BroadcastManagerDelaySend@pkt                    cstackBANK0   0009F
BroadcastManagerDelaySend@res                    cstackBANK0   000AB
BroadcastManagerDelaySend@size                   cstackBANK0   000A1
BroadcastManagerTask@PANID                       cstackBANK0   000CD
BroadcastManagerTask@i                           cstackBANK0   000CF
ButtonTask@Sw                                    cstackBANK0   00087
ButtonTask@pS0                                   bssCOMRAM     00039
ButtonTask@pS1                                   bssCOMRAM     0003A
ButtonTask@s0Count                               bssCOMRAM     0003B
ButtonTask@s1Count                               bssCOMRAM     0003C
CBC_MAC@MIC                                      cstackBANK0   0008F
CBC_MAC@block                                    cstackBANK0   00094
CBC_MAC@i                                        cstackBANK0   00096
CBC_MAC@j                                        cstackBANK0   00095
CBC_MAC@key                                      cstackBANK0   0008D
CBC_MAC@len                                      cstackBANK0   0008C
CBC_MAC@text                                     cstackBANK0   0008A
CCM_Dec@headerLen                                cstackBANK0   00099
CCM_Dec@i                                        cstackBANK0   000A3
CCM_Dec@key                                      cstackBANK0   0009B
CCM_Dec@payloadLen                               cstackBANK0   0009A
CCM_Dec@text                                     cstackBANK0   00097
CCM_Enc@headerLen                                cstackBANK0   00099
CCM_Enc@i                                        cstackBANK0   000A1
CCM_Enc@key                                      cstackBANK0   0009B
CCM_Enc@payloadLen                               cstackBANK0   0009A
CCM_Enc@text                                     cstackBANK0   00097
CTR@block                                        cstackBANK0   00094
CTR@i                                            cstackBANK0   00095
CTR@j                                            cstackBANK0   00096
CTR@key                                          cstackBANK0   0008D
CTR@len                                          cstackBANK0   0008C
CTR@nounce                                       cstackBANK0   0008F
CTR@text                                         cstackBANK0   0008A
CoordinatorGenericAddress@address                bssBANK1      001E4
DelayMs@ms                                       cstackBANK0   0007B
DelayUS@delay                                    cstackBANK0   00073
DelayUS@i                                        cstackBANK0   00077
DeviceManagerBufferDeviceData@address            cstackBANK0   0007F
DeviceManagerBufferDeviceData@data               cstackBANK0   00081
DeviceManagerBufferDeviceData@empty              cstackBANK0   0008C
DeviceManagerBufferDeviceData@isFormed           cstackBANK0   00086
DeviceManagerBufferDeviceData@isSecure           cstackBANK0   00085
DeviceManagerBufferDeviceData@size               cstackBANK0   00083
DeviceManagerGetDeviceData@address               cstackBANK0   00081
DeviceManagerGetDeviceData@data                  cstackBANK0   00083
DeviceManagerGetDeviceData@isFormed              cstackBANK0   00087
DeviceManagerGetDeviceData@isSecure              cstackBANK0   00085
DeviceManagerGetDeviceType@address               cstackBANK0   00081
DeviceManagerGetDeviceType@dev                   cstackBANK0   00085
DeviceManagerGetDeviceType@i                     cstackBANK0   00086
EEPROMRead@addr                                  cstackBANK0   00076
EEPROMRead@count                                 cstackBANK0   00077
EEPROMRead@dest                                  cstackBANK0   00075
GetRouteAddressOfChild@child                     cstackBANK0   0008B
GetRouteAddressOfChild@i                         cstackBANK0   0008F
GetRouteAddressOfChild@res                       cstackBANK0   0008D
HighISR@BankIndex                                cstackBANK0   00071
HighISR@PacketForMe                              cstackBANK0   0006A
HighISR@PacketLen                                cstackBANK0   00070
HighISR@RxPacketPtr                              cstackBANK0   0006E
HighISR@ackInfoIndex                             cstackBANK0   0006F
HighISR@ackPacket                                cstackBANK0   00064
HighISR@bAck                                     cstackBANK0   0006B
HighISR@counter                                  cstackBANK0   00061
HighISR@dPan                                     cstackBANK0   00060
HighISR@dstPan                                   cstackBANK0   00068
HighISR@fifo_stat                                cstackBANK0   00063
HighISR@i                                        cstackBANK0   00072
HighISR@tmr                                      cstackBANK0   0006C
IsNetworkDevice@address                          cstackBANK0   0008F
IsNetworkDevice@devType                          cstackBANK0   00091
IsNetworkDevice@empty                            cstackBANK0   0009D
IsNetworkDevice@i                                cstackBANK0   0009F
IsNetworkDevice@oldest                           cstackBANK0   00094
IsNetworkDevice@res                              cstackBANK0   0009C
LCDUpdate@i                                      cstackBANK0   00087
LCD_WriteCmd@data                                cstackBANK0   00075
LCD_WriteData@data                               cstackBANK0   00075
LEAppendNeighborInfo@cnt                         cstackBANK0   0008A
LEAppendNeighborInfo@count                       cstackBANK0   0008E
LEAppendNeighborInfo@data                        cstackBANK0   00084
LEAppendNeighborInfo@i                           cstackBANK0   00090
LEAppendNeighborInfo@j                           cstackBANK0   00092
LEAppendNeighborInfo@k                           cstackBANK0   00094
LEAppendNeighborInfo@newPrevSentIdx              cstackBANK0   0008C
LEAppendNeighborInfo@size                        cstackBANK0   00086
LEDCommand@cmd                                   cstackBANK0   00073
LEDCommand@led                                   cstackBANK0   00075
LEDManagerTask@i                                 cstackBANK0   00091
LEDManagerTask@lNextState                        bssBANK2      0022C
LEDManagerTask@tStart                            bssBANK2      00200
LELinkQualityGet@address                         cstackBANK0   00085
LELinkQualityGet@idx                             cstackBANK0   0008D
LELinkQualityGet@offset                          cstackBANK0   00087
LELinkQualityGet@res                             cstackBANK0   0008B
LE_ClearDLQ@ne                                   cstackBANK0   0008A
LE_ClearDLQ@neighbor                             cstackBANK0   00085
LE_ClearDLQ@nidx                                 cstackBANK0   0008C
LE_GetNeighborDeviceType@dev                     cstackBANK0   00078
LE_GetNeighborDeviceType@index                   cstackBANK0   00073
LE_InsertNeighbor@devType                        cstackBANK0   00099
LE_InsertNeighbor@neighbor                       cstackBANK0   00097
LE_InsertNeighbor@nidx                           cstackBANK0   0009C
LE_PinNeighbor@neighbor                          cstackBANK0   00085
LE_PinNeighbor@nidx                              cstackBANK0   0008A
LE_RemoveNeighborDevice@device                   cstackBANK0   00097
LE_RemoveNeighborDevice@i                        cstackBANK0   0009B
LE_UnpinNeighbor@neighbor                        cstackBANK0   00085
LE_UnpinNeighbor@nidx                            cstackBANK0   0008A
LE_processReceivedMessage@bhdr                   cstackBANK0   000A9
LE_processReceivedMessage@data                   cstackBANK0   000A1
LE_processReceivedMessage@hdr                    cstackBANK0   000A7
LE_processReceivedMessage@len                    cstackBANK0   000A3
LE_processReceivedMessage@ll_addr                cstackBANK0   000AB
LE_processReceivedMessage@nidx                   cstackBANK0   000AD
LE_processReceivedMessage@rssi                   cstackBANK0   000A4
LE_processReceivedMessage@source                 cstackBANK0   0009F
MSTickGet@tNow                                   cstackBANK0   00087
MSTickGetDiffNow@diff                            cstackBANK0   00097
MSTickGetDiffNow@tNow                            cstackBANK0   0009B
MSTickGetDiffNow@tdiff                           cstackBANK0   000A3
MSTickGetDiffNow@tick                            cstackBANK0   0008F
MiApp_EstablishConnection@ActiveScanIndex        cstackBANK0   0009E
MiApp_EstablishConnection@Mode                   cstackBANK0   0009A
MiApp_EstablishConnection@dev                    cstackBANK0   0009B
MiApp_EstablishConnection@src                    cstackBANK0   0009C
MiApp_MessageAvailable@src                       cstackBANK1   001A8
MiApp_MessageAvailable@tStart                    bssBANK2      00224
MiApp_ProtocolInit@initValue                     cstackBANK0   0008F
MiApp_SearchConnection@ChannelMap                cstackBANK1   001AA
MiApp_SearchConnection@ScanDuartion              cstackBANK2   0026B
MiApp_SearchConnection@i                         cstackBANK2   00277
MiApp_SearchConnection@mask                      cstackBANK2   00272
MiApp_SearchConnection@msDuration                cstackBANK2   00270
MiApp_SearchConnection@res                       cstackBANK2   00276
MiApp_SearchConnection@tStart                    cstackBANK2   0026C
MiApp_SetAddressPan@addr                         cstackBANK0   00087
MiApp_SetAddressPan@address                      cstackBANK0   00083
MiApp_SetAddressPan@panid                        cstackBANK0   00085
MiApp_SetChannel@Channel                         cstackBANK0   0007C
MiApp_UnicastAddress@DestinationAddress          cstackBANK1   00147
MiApp_UnicastAddress@Origin                      cstackBANK1   00149
MiApp_UnicastAddress@SecEn                       cstackBANK1   0014B
MiApp_UnicastAddress@src                         cstackBANK0   000DF
MiMAC_Init@i                                     cstackBANK0   0008D
MiMAC_Init@initValue                             cstackBANK0   00087
MiMAC_Init@seed                                  cstackBANK0   0008B
MiMAC_ReceivedPacket@FrameCounter                cstackBANK0   000B2
MiMAC_ReceivedPacket@PayloadIndex                cstackBANK0   000B7
MiMAC_ReceivedPacket@addr                        cstackBANK0   000B0
MiMAC_ReceivedPacket@currentTick                 cstackBANK0   000AC
MiMAC_ReceivedPacket@i                           cstackBANK0   000B8
MiMAC_ReceivedPacket@j                           cstackBANK0   000B6
MiMAC_SendPacket@MACPayload                      cstackBANK0   000A7
MiMAC_SendPacket@MACPayloadLen                   cstackBANK0   000A9
MiMAC_SendPacket@TxIndex                         cstackBANK0   000AD
MiMAC_SendPacket@headerLen                       cstackBANK0   000AB
MiMAC_SendPacket@i                               cstackBANK0   000AC
MiMAC_SendPacket@transParam                      cstackBANK0   000A2
MiMAC_SetChannel@channel                         cstackBANK0   0007B
MiMAC_SetChannel@offsetFreq                      cstackBANK0   00079
MiWi_TickGet@t1ext                               cstackBANK0   00077
MiWi_TickGet@tmrval                              cstackBANK0   0007B
MiWi_TickGetMs@tnow                              cstackBANK0   00083
NetworkDataArrivedEvent@data                     cstackBANK0   0007D
NetworkDataArrivedEvent@isBroadcast              cstackBANK0   00081
NetworkDataArrivedEvent@size                     cstackBANK0   0007F
NetworkDataArrivedEvent@source                   cstackBANK0   0007B
NetworkDiscoveredEvent@PANID                     cstackBANK0   00073
NetworkDiscoveredEvent@empty                     cstackBANK0   0007B
NetworkDiscoveredEvent@i                         cstackBANK0   0007D
NetworkDiscoveredEvent@rssi                      cstackBANK0   00075
NetworkHasRoute@res                              cstackBANK0   00089
NetworkInit@PANID                                cstackBANK0   00095
NetworkInit@address                              cstackBANK0   00093
NetworkInit@dev                                  cstackBANK0   00097
NetworkInit@devPanID                             cstackBANK0   00098
NetworkManagerProcessIncomingData@buffer         cstackBANK1   00140
NetworkManagerProcessIncomingData@dHdr           cstackBANK1   00184
NetworkManagerProcessIncomingData@data           cstackBANK0   000DC
NetworkManagerProcessIncomingData@isBroadcast    cstackBANK0   000E0
NetworkManagerProcessIncomingData@isFormed       cstackBANK1   00180
NetworkManagerProcessIncomingData@isSecure       cstackBANK0   000E1
NetworkManagerProcessIncomingData@isSecurePacket cstackBANK1   00183
NetworkManagerProcessIncomingData@packetsize     cstackBANK1   00181
NetworkManagerProcessIncomingData@size           cstackBANK0   000DE
NetworkManagerTask@data                          cstackBANK1   00144
NetworkManagerTask@delay                         bssBANK2      00228
NetworkManagerTask@sz                            cstackBANK1   00157
NetworkManagerTask@tStart                        bssBANK2      0020C
NetworkPrepareSendPacket@address                 cstackBANK0   0007F
NetworkPrepareSendPacket@buffer                  cstackBANK0   00081
NetworkPrepareSendPacket@data                    cstackBANK0   00084
NetworkPrepareSendPacket@nHdr                    cstackBANK0   00088
NetworkPrepareSendPacket@pType                   cstackBANK0   00083
NetworkPrepareSendPacket@size                    cstackBANK0   00086
NetworkSendDiscoverRequest@address               cstackBANK1   00144
NetworkSendDiscoverRequest@databuff              cstackBANK1   00100
NetworkSendDiscoverRequest@dhdr                  cstackBANK1   00142
NetworkSendDiscoverRequest@size                  cstackBANK1   00140
NetworkSendDiscoverResponse@address              cstackBANK1   00144
NetworkSendDiscoverResponse@databuff             cstackBANK1   00100
NetworkSendDiscoverResponse@dhdr                 cstackBANK1   00142
NetworkSendDiscoverResponse@size                 cstackBANK1   00140
NetworkSetAddressPAN@PANID                       cstackBANK0   00081
NetworkSetAddressPAN@address                     cstackBANK0   0007F
NetworkSetDeviceType@dev                         cstackBANK0   00073
NetworkUnicastData@address                       cstackBANK1   00140
NetworkUnicastData@data                          cstackBANK1   00142
NetworkUnicastData@isSecure                      cstackBANK1   00146
NetworkUnicastData@mAddress                      cstackBANK0   000DC
NetworkUnicastData@res                           cstackBANK0   000DE
NetworkUnicastData@size                          cstackBANK1   00144
Read_MAC_Address@addr8                           cstackBANK0   00082
Read_MAC_Address@address                         cstackBANK0   00088
Read_MAC_Address@i                               cstackBANK0   0008C
Read_MAC_Address@pAddress                        cstackBANK0   0008A
RegisterRead@IRQ1select                          cstackBANK0   00077
RegisterRead@address                             cstackBANK0   00075
RegisterRead@value                               cstackBANK0   00076
RegisterSet@IRQ1select                           cstackBANK0   00077
RegisterSet@setting                              cstackBANK0   00075
RouteManagerPerformUpdate@best                   cstackBANK0   0009D
RouteManagerPerformUpdate@currentEtx             cstackBANK0   0009B
RouteManagerPerformUpdate@entry                  cstackBANK0   000A1
RouteManagerPerformUpdate@i                      cstackBANK0   00097
RouteManagerPerformUpdate@linkEtx                cstackBANK0   00095
RouteManagerPerformUpdate@minEtx                 cstackBANK0   0009F
RouteManagerPerformUpdate@pathEtx                cstackBANK0   00099
RouteManagerPerformUpdate@r                      cstackBANK0   000A3
RouteManagerProcessReceive@congested             cstackBANK0   000A5
RouteManagerProcessReceive@data                  cstackBANK0   0009F
RouteManagerProcessReceive@from                  cstackBANK0   000A6
RouteManagerProcessReceive@len                   cstackBANK0   000A1
RouteManagerProcessReceive@rcvBeacon             cstackBANK0   000A8
RouteManagerProcessReceive@source                cstackBANK0   0009D
RouteManagerSetNeighborCongested@congested       cstackBANK0   00075
RouteManagerSetNeighborCongested@n               cstackBANK0   00073
RouteManagerShouldInsert@entry                   cstackBANK0   00090
RouteManagerShouldInsert@found                   cstackBANK0   00094
RouteManagerShouldInsert@hdr                     cstackBANK0   00088
RouteManagerShouldInsert@i                       cstackBANK0   00092
RouteManagerShouldInsert@neighEtx                cstackBANK0   0008E
RouteManagerShouldInsert@pathEtx                 cstackBANK0   0008C
RouteManagerShouldInsert@rcvBeacon               cstackBANK0   00095
RouterEvicted@address                            cstackBANK0   0008F
RouterEvicted@i                                  cstackBANK0   00096
RouterEvicted@idx                                cstackBANK0   00095
RouterEvicted@r                                  cstackBANK0   00093
RoutingTableFindDeviceOrParent@address           cstackBANK0   00081
RoutingTableFindDeviceOrParent@entry             cstackBANK0   00089
RoutingTableFindDeviceOrParent@i                 cstackBANK0   00085
RoutingTableFindDeviceOrParent@res               cstackBANK0   00087
SPIPut2@i                                        cstackBANK0   00074
SPIPut2@v                                        cstackBANK0   00073
SPIPut@i                                         cstackBANK0   00074
SPIPut@v                                         cstackBANK0   00073
SendPacket@Broadcast                             cstackBANK0   000B6
SendPacket@DestinationAddress                    cstackBANK0   000AE
SendPacket@SecurityEnabled                       cstackBANK0   000B3
SendPacket@destinationPANID                      cstackBANK0   000B0
SendPacket@isCommand                             cstackBANK0   000B2
SendPacket@status                                cstackBANK0   000B5
SendPacket@tParam                                cstackBANK0   000B7
SetRFMode@mode                                   cstackBANK0   00078
TMSendDataToRFD@data                             cstackBANK0   000D7
TMSendDataToRFD@databuff                         cstackBANK1   00100
TMSendDataToRFD@device                           cstackBANK0   000D4
TMSendDataToRFD@isSecure                         cstackBANK0   000DB
TMSendDataToRFD@pType                            cstackBANK0   000D6
TMSendDataToRFD@size                             cstackBANK0   000D9
TMSendFormedPacketToRFD@data                     cstackBANK0   000C7
TMSendFormedPacketToRFD@device                   cstackBANK0   000C5
TMSendFormedPacketToRFD@dhdr                     cstackBANK0   000D0
TMSendFormedPacketToRFD@isSecure                 cstackBANK0   000CB
TMSendFormedPacketToRFD@myaddr                   cstackBANK0   000CD
TMSendFormedPacketToRFD@parent                   cstackBANK0   000D2
TMSendFormedPacketToRFD@res                      cstackBANK0   000CF
TMSendFormedPacketToRFD@size                     cstackBANK0   000C9
TMSendFormedPacketTowardsCoordinator@data        cstackBANK0   0008A
TMSendFormedPacketTowardsCoordinator@i           cstackBANK0   00093
TMSendFormedPacketTowardsCoordinator@isFormed    cstackBANK0   0008E
TMSendFormedPacketTowardsCoordinator@isSecure    cstackBANK0   0008F
TMSendFormedPacketTowardsCoordinator@res         cstackBANK0   00092
TMSendFormedPacketTowardsCoordinator@size        cstackBANK0   0008C
TransportManagerTask@databuff                    cstackBANK1   00100
TransportManagerTask@i                           cstackBANK1   00142
TransportManagerTask@sz                          cstackBANK1   00140
TunnelManagerGetTunnel@addr                      cstackBANK0   000BB
TunnelManagerGetTunnel@device                    cstackBANK0   000AB
TunnelManagerGetTunnel@i                         cstackBANK0   000BF
TunnelManagerGetTunnel@retAddr                   cstackBANK0   000BD
TunnelManagerGetTunnel@trec                      cstackBANK0   000B3
TunnelManagerInvalidateTunnel@addr               cstackBANK0   00085
TunnelManagerInvalidateTunnel@device             cstackBANK0   00081
TunnelManagerInvalidateTunnel@i                  cstackBANK0   00087
TunnelManagerSetTunnel@OldestTick                cstackBANK0   0009F
TunnelManagerSetTunnel@device                    cstackBANK0   0008F
TunnelManagerSetTunnel@emptyindex                cstackBANK0   0009B
TunnelManagerSetTunnel@i                         cstackBANK0   000A7
TunnelManagerSetTunnel@index                     cstackBANK0   0009D
TunnelManagerSetTunnel@oldestindex               cstackBANK0   00099
TunnelManagerSetTunnel@parent                    cstackBANK0   00091
TxPacket@CCA                                     cstackBANK0   00087
TxPacket@TxPacketLen                             cstackBANK0   0009B
TxPacket@allowedTxFailure                        cstackBANK0   00097
TxPacket@delay                                   cstackBANK0   00094
TxPacket@i                                       cstackBANK0   0009D
TxPacket@j                                       cstackBANK0   00098
TxPacket@reTry                                   cstackBANK0   00096
TxPacket@rssival                                 cstackBANK0   0009A
TxPacket@status                                  cstackBANK0   0009C
TxPacket@t1                                      cstackBANK0   0008C
TxPacket@t2                                      cstackBANK0   00090
WriteFIFO@Data                                   cstackBANK0   00075
WriteFIFO@IRQ1select                             cstackBANK0   00076
_ANCON0                                          (abs)         00F48
_ANCON1                                          (abs)         00F49
_AckInfo                                         bssBANK3      00300
_ActiveScanChannel                               bssBANK1      001CC
_ActiveScanResults                               bssBANK3      003CD
_AddMSToTick                                     text36        060C2
_AddNodeToNetworkTable                           text104       0311A
_BMState                                         bssBANK1      001CD
_BeaconManagerInit                               text132       073E2
_BeaconManagerTask                               text80        05326
_BeaconManagerTrigger                            text76        07664
_BlinkRedLED                                     text55        0758C
_BroadcastManagerDelaySend                       text35        0395A
_BroadcastManagerInit                            text130       07488
_BroadcastManagerTask                            text79        02F2A
_ButtonTask                                      text162       0677C
_CBC_MAC                                         text102       05ACC
_CCM_Dec                                         text100       055C4
_CCM_Dec$2738                                    cstackBANK0   000A1
_CCM_Enc                                         text87        05748
_CCM_Enc$2730                                    cstackBANK0   0009F
_CTR                                             text101       0568A
_CacheInit                                       text129       07470
_ConnectionTable                                 bssBANK4      004B8
_CoordinatorAddr                                 bssBANK1      001E6
_CoordinatorAddress                              text34        075DE
_CoordinatorGenericAddress                       text67        07328
_DEVPanID                                        dataBANK1     001F4
_DelayMs                                         text158       05D58
_DelayUS                                         text159       07206
_DeviceManagerBufferDeviceData                   text54        075E8
_DeviceManagerGetDeviceData                      text39        07580
_DeviceManagerGetDeviceType                      text53        06428
_DeviceManagerInit                               text128       07458
_DeviceType                                      dataBANK1     001F6
_EECON2                                          (abs)         00FA7
_EEPROMRead                                      text6         07140
_GIE                                             (abs)         07F97
_GetRouteAddressOfChild                          text31        0689C
_HardwareInit                                    text161       0596C
_HighISR                                         intcode       00008
_INTCON2bits                                     (abs)         00FF1
_INTCON3bits                                     (abs)         00FF0
_INTCONbits                                      (abs)         00FF2
_IRQ1_Received                                   bssBANK0      000E9
_InitConfigRegs                                  mediumconst   0FEFD
_InitSymbolTimer                                 text160       07528
_IsMemberOfNetwork                               text115       07670
_IsNetworkDevice                                 text38        037CA
_LATAbits                                        (abs)         00F89
_LATCbits                                        (abs)         00F8B
_LATDbits                                        (abs)         00F8C
_LATEbits                                        (abs)         00F8D
_LCDInit                                         text155       04D12
_LCDText                                         bssBANK3      003AC
_LCDUpdate                                       text153       058B6
_LCD_WriteCmd                                    text156       07512
_LCD_WriteData                                   text154       074FC
_LEAppendNeighborInfo                            text94        03AE4
_LEDCmd                                          bssBANK1      001C2
_LEDCommand                                      text56        06F42
_LEDManagerTask                                  text152       012D4
_LEDState                                        bssBANK1      001C5
_LELinkQualityGet                                text92        0650E
_LE_ClearDLQ                                     text75        06B52
_LE_GetNeighborDeviceType                        text33        06F06
_LE_InsertNeighbor                               text22        06034
_LE_PinNeighbor                                  text74        06FBA
_LE_RemoveNeighborDevice                         text30        06652
_LE_UnpinNeighbor                                text73        06F7E
_LE_processReceivedMessage                       text41        0484A
_LinkEstimatorInit                               text127       075BC
_MACInitParams                                   bssCOMRAM     00036
_MACRxPacket                                     bssBANK2      00233
_MACSeq                                          bssCOMRAM     0003D
_MACTxBuffer                                     bssBANK4      00478
_MSTickGet                                       text137       0709E
_MSTickGetDiffNow                                text98        0614C
_MiApp_DiscardMessage                            text106       07646
_MiApp_EstablishConnection                       text122       05CBE
_MiApp_GetParentAddress                          text120       07572
_MiApp_IsMemberOfNetwork                         text114       0766C
_MiApp_IsNetworkBusy                             text78        0768C
_MiApp_MessageAvailable                          text12        05144
_MiApp_ProtocolInit                              text108       0694E
_MiApp_SearchConnection                          text10        04982
_MiApp_SetAddressPan                             text147       06C98
_MiApp_SetChannel                                text142       075C8
_MiApp_UnicastAddress                            text8         06FF6
_MiMAC_DiscardPacket                             text15        07420
_MiMAC_Init                                      text110       04F50
_MiMAC_ReceivedPacket                            text99        00F42
_MiMAC_SendPacket                                text84        0347E
_MiMAC_SetChannel                                text143       05FA4
_MiWi_TickGet                                    text164       06E06
_MiWi_TickGetMs                                  text163       070D4
_MyAddress                                       dataBANK1     001F8
_NetSeq                                          bssBANK1      001CE
_NetworkAddressSizeGet                           text151       0765A
_NetworkDataArrivedEvent                         text37        06AFE
_NetworkDiscoveredEvent                          text40        03628
_NetworkGetDeviceType                            text150       07654
_NetworkGetMyRouteInfo                           text91        075A4
_NetworkGetPANID                                 text90        075FC
_NetworkGetParentAddress                         text121       0761A
_NetworkHasRoute                                 text116       07030
_NetworkHasRoute$4283                            cstackBANK0   00088
_NetworkInit                                     text123       0504A
_NetworkManagerGetMyAddress                      text89        07598
_NetworkManagerProcessIncomingData               text24        02CF8
_NetworkManagerTask                              text58        01922
_NetworkPrepareSendPacket                        text65        0540E
_NetworkReleaseUserData                          text107       07668
_NetworkSendDiscoverRequest                      text11        0649C
_NetworkSendDiscoverResponse                     text23        0624A
_NetworkSequence                                 text66        0763E
_NetworkSetAddressPAN                            text148       06A52
_NetworkSetDeviceType                            text109       07606
_NetworkUnicastData                              text9         04AB8
_NewBestParent                                   bssBANK2      0025D
_OSCCON                                          (abs)         00FD3
_OSCTUNEbits                                     (abs)         00F9B
_OutgoingFrameCounter                            bssBANK2      00259
_PIR1bits                                        (abs)         00F9E
_PIR3bits                                        (abs)         00FA4
_PORTBbits                                       (abs)         00F81
_PPSCONbits                                      (abs)         00EFF
_PVALUE                                          mediumconst   0FF3D
_RF_Mode                                         bssCOMRAM     0003E
_RMRoutingTableCount                             text77        075F2
_RPINR1                                          (abs)         00EE7
_RPINR21                                         (abs)         00EFB
_RPOR19                                          (abs)         00ED9
_RPOR21                                          (abs)         00EDB
_RSSILock                                        bssBANK1      001CF
_RSSIVal                                         bssBANK1      001D0
_RbcQ                                            bssBIGRAM     008DC
_Read_MAC_Address                                text5         06CE6
_ReceivedBankIndex                               bssCOMRAM     0003F
_RegisterRead                                    text112       071A4
_RegisterSet                                     text145       07288
_RouteManagerInit                                text126       071D6
_RouteManagerPerformUpdate                       text69        0163A
_RouteManagerProcessReceive                      text19        04492
_RouteManagerRequestUpdate                       text64        07636
_RouteManagerSetNeighborCongested                text21        07686
_RouteManagerShouldInsert                        text52        054EE
_RouteManagerTask                                text68        06D7A
_RouteMgrUpdateRequired                          bssBANK1      001D1
_RouterEvicted                                   text61        05C1E
_RoutingTableFindDeviceOrParent                  text32        05A20
_RxPacket                                        bssBANK3      0031E
_SPIGet                                          text113       07610
_SPIGet2                                         text7         075D4
_SPIPut                                          text146       0743E
_SPIPut2                                         text157       074B8
_SSP1CON1                                        (abs)         00FC6
_SSP1STAT                                        (abs)         00FC7
_SSP2BUF                                         (abs)         00F75
_SSP2CON1                                        (abs)         00F72
_SSP2CON1bits                                    (abs)         00F72
_SSP2STAT                                        (abs)         00F73
_SSPBUF                                          (abs)         00FC9
_SSPCON1bits                                     (abs)         00FC6
_SVALUE                                          mediumconst   0FF5D
_SendPacket                                      text83        05F14
_SetRFMode                                       text144       0657E
_T0CON                                           (abs)         00FD5
_T0CONbits                                       (abs)         00FD5
_TMQ                                             bssBANK6      00600
_TMR0                                            (abs)         00FD6
_TMR0H                                           (abs)         00FD7
_TMR0L                                           (abs)         00FD6
_TMSendDataToRFD                                 text25        06BF8
[...]
      Params:         0       0       0       0       0       0       0       0       0       0       0       0       0       0       0       0
      Locals:         2       0       0       0       0       0       0       0       0       0       0       0       0       0       0       0
      Temps:          0       0       0       0       0       0       0       0       0       0       0       0       0       0       0       0
      Totals:         2       0       0       0       0       0       0       0       0       0       0       0       0       0       0       0
Total ram usage:        2 bytes
 Hardware stack levels used:    1
 This function calls:
		Nothing
 This function is called by:
		i2_SPIGet
		i2_RegisterSet
		i2_RegisterRead
		i2_WriteFIFO
 This function uses a non-reentrant model


 *************** function i2_MiWi_TickGetMs *****************
 Defined at:
		line 118 in file "../src/system_config/miwikit_pic18f46j50_89xa/symbol.c"
 Parameters:    Size  Location     Type
		None
 Auto vars:     Size  Location     Type
  MiWi_TickGet    4   16[COMRAM] unsigned long 
 Return value:  Size  Location     Type
                  4   12[COMRAM] struct MIWI_TICK_t
 Registers used:
		wreg, status,2, status,0, cstack
 Tracked objects:
		On entry : 
		On exit  : 
		Unchanged: 
 Data sizes:     COMRAM   BANK0   BANK1   BANK2   BANK3   BANK4   BANK5   BANK6   BANK7   BANK8   BANK9  BANK10  BANK11  BANK12  BANK13  BANK14
      Params:         4       0       0       0       0       0       0       0       0       0       0       0       0       0       0       0
      Locals:         4       0       0       0       0       0       0       0       0       0       0       0       0       0       0       0
      Temps:          0       0       0       0       0       0       0       0       0       0       0       0       0       0       0       0
      Totals:         8       0       0       0       0       0       0       0       0       0       0       0       0       0       0       0
Total ram usage:        8 bytes
 Hardware stack levels used:    1
 Hardware stack levels required when called:    1
 This function calls:
		i2_MiWi_TickGet
 This function is called by:
		_HighISR
		i2_TxPacket
 This function uses a non-reentrant model


 *************** function i2_MiWi_TickGet *****************
 Defined at:
		line 127 in file "../src/system_config/miwikit_pic18f46j50_89xa/symbol.c"
 Parameters:    Size  Location     Type
		None
 Auto vars:     Size  Location     Type
  MiWi_TickGet    4    8[COMRAM] unsigned long 
  MiWi_TickGet    4    4[COMRAM] unsigned long 
 Return value:  Size  Location     Type
                  4    0[COMRAM] unsigned long 
 Registers used:
		wreg, status,2, status,0
 Tracked objects:
		On entry : 
		On exit  : 
		Unchanged: 
 Data sizes:     COMRAM   BANK0   BANK1   BANK2   BANK3   BANK4   BANK5   BANK6   BANK7   BANK8   BANK9  BANK10  BANK11  BANK12  BANK13  BANK14
      Params:         4       0       0       0       0       0       0       0       0       0       0       0       0       0       0       0
      Locals:         8       0       0       0       0       0       0       0       0       0       0       0       0       0       0       0
      Temps:          0       0       0       0       0       0       0       0       0       0       0       0       0       0       0       0
      Totals:        12       0       0       0       0       0       0       0       0       0       0       0       0       0       0       0
Total ram usage:       12 bytes
 Hardware stack levels used:    1
 This function calls:
		Nothing
 This function is called by:
		i2_MiWi_TickGetMs
 This function uses a non-reentrant model


 *************** function i2_DelayMs *****************
 Defined at:
		line 34 in file "../src/system_config/miwikit_pic18f46j50_89xa/delay.c"
 Parameters:    Size  Location     Type
  ms              4    8[COMRAM] unsigned long 
 Auto vars:     Size  Location     Type
		None
 Return value:  Size  Location     Type
                  1    wreg      void 
 Registers used:
		wreg, status,2, status,0, prodl, prodh, cstack
 Tracked objects:
		On entry : 
		On exit  : 
		Unchanged: 
 Data sizes:     COMRAM   BANK0   BANK1   BANK2   BANK3   BANK4   BANK5   BANK6   BANK7   BANK8   BANK9  BANK10  BANK11  BANK12  BANK13  BANK14
      Params:         4       0       0       0       0       0       0       0       0       0       0       0       0       0       0       0
      Locals:         0       0       0       0       0       0       0       0       0       0       0       0       0       0       0       0
      Temps:          8       0       0       0       0       0       0       0       0       0       0       0       0       0       0       0
      Totals:        12       0       0       0       0       0       0       0       0       0       0       0       0       0       0       0
Total ram usage:       12 bytes
 Hardware stack levels used:    1
 Hardware stack levels required when called:    1
 This function calls:
		i2_DelayUS
 This function is called by:
		i2_TxPacket
 This function uses a non-reentrant model


 *************** function i2_DelayUS *****************
 Defined at:
		line 6 in file "../src/system_config/miwikit_pic18f46j50_89xa/delay.c"
 Parameters:    Size  Location     Type
  delay           4    0[COMRAM] unsigned long 
 Auto vars:     Size  Location     Type
  DelayUS         4    4[COMRAM] unsigned long 
 Return value:  Size  Location     Type
                  1    wreg      void 
 Registers used:
		wreg, status,2, status,0
 Tracked objects:
		On entry : 
		On exit  : 
		Unchanged: 
 Data sizes:     COMRAM   BANK0   BANK1   BANK2   BANK3   BANK4   BANK5   BANK6   BANK7   BANK8   BANK9  BANK10  BANK11  BANK12  BANK13  BANK14
      Params:         4       0       0       0       0       0       0       0       0       0       0       0       0       0       0       0
      Locals:         4       0       0       0       0       0       0       0       0       0       0       0       0       0       0       0
      Temps:          0       0       0       0       0       0       0       0       0       0       0       0       0       0       0       0
      Totals:         8       0       0       0       0       0       0       0       0       0       0       0       0       0       0       0
Total ram usage:        8 bytes
 Hardware stack levels used:    1
 This function calls:
		Nothing
 This function is called by:
		i2_DelayMs
 This function uses a non-reentrant model



MODULE INFORMATION

Module		Function		Class		Link	Load	Size
C:\Program Files (x86)\Microchip\xc8\v1.38\sources\common\lwmod.c
		___lwmod       		CODE           	6EC8	0000	63

C:\Program Files (x86)\Microchip\xc8\v1.38\sources\common\lwmod.c estimated size: 63

C:\Program Files (x86)\Microchip\xc8\v1.38\sources\common\memcmp.c
		_memcmp        		CODE           	69FC	0000	87

C:\Program Files (x86)\Microchip\xc8\v1.38\sources\common\memcmp.c estimated size: 87

C:\Program Files (x86)\Microchip\xc8\v1.38\sources\common\memcpy.c
		_memcpy        		CODE           	6AA8	0000	87

C:\Program Files (x86)\Microchip\xc8\v1.38\sources\common\memcpy.c estimated size: 87

../src/system_config/miwikit_pic18f46j50_89xa/symbol.c
		_TimerEnterCritical		CODE           	767C	0000	5
		_InitSymbolTimer		CODE           	7528	0000	23
		_MiWi_TickGet  		CODE           	6E06	0000	67
		_TimerEnable   		CODE           	7678	0000	5
		_MiWi_TickGetMs		CODE           	70D4	0000	55
		_TimerExitCritical		CODE           	7674	0000	5
		_TimerDisable  		CODE           	7680	0000	5

../src/system_config/miwikit_pic18f46j50_89xa/symbol.c estimated size: 165

C:\Program Files (x86)\Microchip\xc8\v1.38\sources\common\llmod.c
		___llmod       		CODE           	671A	0000	99

C:\Program Files (x86)\Microchip\xc8\v1.38\sources\common\llmod.c estimated size: 99

C:\Program Files (x86)\Microchip\xc8\v1.38\sources\common\Umul16.c
		___wmul        		CODE           	72DC	0000	39

C:\Program Files (x86)\Microchip\xc8\v1.38\sources\common\Umul16.c estimated size: 39

../TransportManager.c
		_TransportManagerTask		CODE           	0B16	0000	1069
		_TMSendFormedPacketToRFD		CODE           	2614	0000	615
		_TMSendDataToRFD		CODE           	6BF8	0000	81
		_TransportManagerInit		CODE           	74E6	0000	23
		_TransportManagerNoRoute		CODE           	768A	0000	3
		_TMSendFormedPacketTowardsCoordinator		CODE           	41FE	0000	331
		_TransportManagerRouteFound		CODE           	7688	0000	3

../TransportManager.c estimated size: 2125

../NetworkManager.c
		_NetworkInit   		CODE           	504A	0000	251
		_NetworkGetDeviceType		CODE           	7654	0000	7
		_NetworkSetDeviceType		CODE           	7606	0000	11
		_isBroadcastAddress		CODE           	6DC2	0000	69
		_NetworkGetParentAddress		CODE           	761A	0000	11
		_isInvalidAddress		CODE           	75B0	0000	13
		_NetworkReleaseUserData		CODE           	7668	0000	5
		_CoordinatorGenericAddress		CODE           	7328	0000	39
		_NetworkAddressSizeGet		CODE           	765A	0000	7
		_NetworkSendDiscoverRequest		CODE           	649C	0000	115
		_isNetworkSecurityEnabled		CODE           	764E	0000	7
		_CoordinatorAddress		CODE           	75DE	0000	11
		_NetworkGetPANID		CODE           	75FC	0000	11
		_NetworkManagerProcessIncomingData		CODE           	2CF8	0000	563
		_IsMemberOfNetwork		CODE           	7670	0000	5
		_NetworkGetMyRouteInfo		CODE           	75A4	0000	13
		_NetworkPrepareSendPacket		CODE           	540E	0000	225
		_NetworkSequence		CODE           	763E	0000	9
		_NetworkSendDiscoverResponse		CODE           	624A	0000	121
		_NetworkManagerTask		CODE           	1922	0000	717
		_NetworkHasRoute		CODE           	7030	0000	57
		_NetworkSetAddressPAN		CODE           	6A52	0000	87
		_isSameAddress 		CODE           	7374	0000	39
		_NetworkManagerGetMyAddress		CODE           	7598	0000	13

../NetworkManager.c estimated size: 2406

../TimeTick.c
		_MSTickGet     		CODE           	709E	0000	55
		_MSTickGetDiffNow		CODE           	614C	0000	129
		_TimeTickISR   		CODE           	7172	0000	51
		_AddMSToTick   		CODE           	60C2	0000	139

../TimeTick.c estimated size: 374

../CRC32.c
		_crc32         		CODE           	5B78	0000	167

../CRC32.c estimated size: 167

../src/system_config/miwikit_pic18f46j50_89xa/spi.c
		_SPIPut2       		CODE           	74B8	0000	25
		_SPIGet        		CODE           	7610	0000	11
		_SPIGet2       		CODE           	75D4	0000	11
		_SPIPut        		CODE           	743E	0000	27

../src/system_config/miwikit_pic18f46j50_89xa/spi.c estimated size: 74

../src/Bridge.c
		_MiApp_EstablishConnection		CODE           	5CBE	0000	155
		_radioDiscardPacket		CODE           	7660	0000	5
		_radioBroadcast		CODE           	683E	0000	95
		_MiApp_ProtocolInit		CODE           	694E	0000	89
		_MiApp_UnicastAddress		CODE           	6FF6	0000	59
		_MiApp_GetParentAddress		CODE           	7572	0000	15
		_NetworkDiscoveredEvent		CODE           	3628	0000	419
		_MiApp_SetAddressPan		CODE           	6C98	0000	79
		_SendPacket    		CODE           	5F14	0000	145
		_MiApp_SetChannel		CODE           	75C8	0000	13
		_NetworkDataArrivedEvent		CODE           	6AFE	0000	85
		_radioUnicast  		CODE           	6BA6	0000	83
		_MiApp_DiscardMessage		CODE           	7646	0000	9
		_MiApp_MessageAvailable		CODE           	5144	0000	243
		_MiApp_SearchConnection		CODE           	4982	0000	311
		_AddNodeToNetworkTable		CODE           	311A	0000	441
		_MiApp_IsMemberOfNetwork		CODE           	766C	0000	5

../src/Bridge.c estimated size: 2251

../Cache.c
		_isKnownPacket 		CODE           	2140	0000	623
		_CacheInit     		CODE           	7470	0000	25

../Cache.c estimated size: 648

../DeviceManager.c
		_IsNetworkDevice		CODE           	37CA	0000	401
		_DeviceManagerInit		CODE           	7458	0000	25
		_DeviceManagerBufferDeviceData		CODE           	75E8	0000	11
		_DeviceManagerGetDeviceData		CODE           	7580	0000	13
		_DeviceManagerGetDeviceType		CODE           	6428	0000	117

../DeviceManager.c estimated size: 567

C:\Program Files (x86)\Microchip\xc8\v1.38\sources\common\lwdiv.c
		___lwdiv       		CODE           	6D30	0000	75

C:\Program Files (x86)\Microchip\xc8\v1.38\sources\common\lwdiv.c estimated size: 75

../TunnelManager.c
		_TunnelManagerInvalidateTunnel		CODE           	5E84	0000	145
		_TunnelManagerGetTunnel		CODE           	3F4E	0000	347
		_TunnelManagerSetTunnel		CODE           	23AE	0000	615
		_TunnelManagerInit		CODE           	74D0	0000	23

../TunnelManager.c estimated size: 1130

C:\Program Files (x86)\Microchip\xc8\v1.38\sources\common\awdiv.c
		___awdiv       		CODE           	62C2	0000	121

C:\Program Files (x86)\Microchip\xc8\v1.38\sources\common\awdiv.c estimated size: 121

../LinkEstimator.c
		_LE_InsertNeighbor		CODE           	6034	0000	143
		_LE_GetNeighborDeviceType		CODE           	6F06	0000	61
		_LE_PinNeighbor		CODE           	6FBA	0000	61
		_LELinkQualityGet		CODE           	650E	0000	113
		_LE_ClearDLQ   		CODE           	6B52	0000	85
		_le_findWorstNeighborIdx		CODE           	4BE6	0000	301
		_le_findEmptyNeighborIdx		CODE           	6C48	0000	81
		_LE_processReceivedMessage		CODE           	484A	0000	313
		_le_updateNeighborTableEst		CODE           	1BEE	0000	685
		_LE_UnpinNeighbor		CODE           	6F7E	0000	61
		_LE_RemoveNeighborDevice		CODE           	6652	0000	103
		_le_findRandomNeighborIdx		CODE           	32D2	0000	429
		_LinkEstimatorInit		CODE           	75BC	0000	13
		_LEAppendNeighborInfo		CODE           	3AE4	0000	395
		_le_computeETX 		CODE           	6E8A	0000	63
		_le_updateNeighborEntryIdx		CODE           	40A8	0000	343
		_le_findIdx    		CODE           	68F6	0000	89
		_le_initNeighborIdx		CODE           	61CC	0000	127
		_le_updateETX  		CODE           	67DE	0000	97

../LinkEstimator.c estimated size: 3563

C:\Program Files (x86)\Microchip\xc8\v1.38\sources\common\lldiv.c
		___lldiv       		CODE           	63B2	0000	119

C:\Program Files (x86)\Microchip\xc8\v1.38\sources\common\lldiv.c estimated size: 119

../krnd.c
		_krndInit      		CODE           	5800	0000	183
		_krnd          		CODE           	3DDE	0000	369

../krnd.c estimated size: 552

../src/system_config/miwikit_pic18f46j50_89xa/lcd.c
		_LCDInit       		CODE           	4D12	0000	293
		_LCD_WriteCmd  		CODE           	7512	0000	23
		_LCDUpdate     		CODE           	58B6	0000	183
		_LCD_WriteData 		CODE           	74FC	0000	23

../src/system_config/miwikit_pic18f46j50_89xa/lcd.c estimated size: 522

../src/system_config/miwikit_pic18f46j50_89xa/system.c
		_BlinkRedLED   		CODE           	758C	0000	13
		_isButtonPressed		CODE           	7302	0000	39
		_LEDManagerTask		CODE           	12D4	0000	871
		_LEDCommand    		CODE           	6F42	0000	61
		_HardwareInit  		CODE           	596C	0000	181
		_ButtonTask    		CODE           	677C	0000	99

../src/system_config/miwikit_pic18f46j50_89xa/system.c estimated size: 1264

shared
		i2_RegisterSet 		CODE           	739A	0000	39
		i2_RegisterRead		CODE           	7232	0000	45
		i2_SetRFMode   		CODE           	65EA	0000	105
		_crc32_table   		MEDIUMCONST    	FAFD	0000	1025
		_InitConfigRegs		MEDIUMCONST    	FEFD	0000	65
		i2_krnd        		CODE           	470E	0000	317
		isBroadcastAddress@F537		MEDIUMCONST    	FF85	0000	9
		_PVALUE        		MEDIUMCONST    	FF3D	0000	33
		_SVALUE        		MEDIUMCONST    	FF5D	0000	33
		__initialization		CODE           	5236	0000	227
		i2_DelayUS     		CODE           	72B2	0000	43
		i2_DelayMs     		CODE           	5DEE	0000	151
		i2_MiWi_TickGetMs		CODE           	710A	0000	55
		i2_SPIGet      		CODE           	7624	0000	11
		_hexpowers     		MEDIUMCONST    	FF7D	0000	9
		i2_WriteFIFO   		CODE           	73C0	0000	35
		i2_SPIPut      		CODE           	753E	0000	23
		i2_MiWi_TickGet		CODE           	6E48	0000	67
		i2_TxPacket    		CODE           	45D0	0000	319
		_mySecurityKey 		MEDIUMCONST    	FF8D	0000	9

shared estimated size: 2620

../src/mainRFD.c
		_EEPROMRead    		CODE           	7140	0000	51
		_main          		CODE           	287A	0000	585
		_Read_MAC_Address		CODE           	6CE6	0000	75

../src/mainRFD.c estimated size: 711

../BroadcastManager.c
		_BroadcastManagerInit		CODE           	7488	0000	25
		_BroadcastManagerDelaySend		CODE           	395A	0000	395
		_BroadcastManagerTask		CODE           	2F2A	0000	497

../BroadcastManager.c estimated size: 917

C:\Program Files (x86)\Microchip\xc8\v1.38\sources\common\memset.c
		_memset        		CODE           	725E	0000	43

C:\Program Files (x86)\Microchip\xc8\v1.38\sources\common\memset.c estimated size: 43

C:\Program Files (x86)\Microchip\xc8\v1.38\sources\common\isdigit.c
		_isdigit       		CODE           	7402	0000	31

C:\Program Files (x86)\Microchip\xc8\v1.38\sources\common\isdigit.c estimated size: 31

../src/system_config/miwikit_pic18f46j50_89xa/delay.c
		_DelayUS       		CODE           	7206	0000	45
		_DelayMs       		CODE           	5D58	0000	151

../src/system_config/miwikit_pic18f46j50_89xa/delay.c estimated size: 196

../RouteManager.c
		_RouteManagerTask		CODE           	6D7A	0000	73
		_RouteManagerPerformUpdate		CODE           	163A	0000	745
		_RouteManagerInit		CODE           	71D6	0000	49
		_RouteManagerSetNeighborCongested		CODE           	7686	0000	3
		_GetRouteAddressOfChild		CODE           	689C	0000	91
		_RouteManagerRequestUpdate		CODE           	7636	0000	9
		_RouteManagerProcessReceive		CODE           	4492	0000	319
		_routingTableFind		CODE           	66B8	0000	99
		_RouterEvicted 		CODE           	5C1E	0000	161
		_RMRoutingTableCount		CODE           	75F2	0000	11
		_RoutingTableFindDeviceOrParent		CODE           	5A20	0000	173
		_routingTableUpdateEntry		CODE           	4E36	0000	283
		_passLinkEtxThreshold		CODE           	7564	0000	15
		_routeInfoInit 		CODE           	69A6	0000	87
		_RouteManagerShouldInsert		CODE           	54EE	0000	215

../RouteManager.c estimated size: 2333

C:\Program Files (x86)\Microchip\xc8\v1.38\sources\common\doprnt.c
		_sprintf       		CODE           	1E9A	0000	679

C:\Program Files (x86)\Microchip\xc8\v1.38\sources\common\doprnt.c estimated size: 679

../BeaconManager.c
		_netResetInterval		CODE           	74A0	0000	25
		_BeaconManagerTrigger		CODE           	7664	0000	5
		_netChooseAdvertiseTime		CODE           	633A	0000	121
		_netDecayInterval		CODE           	7068	0000	55
		_MiApp_IsNetworkBusy		CODE           	768C	0000	3
		_BeaconManagerTask		CODE           	5326	0000	233
		_networkSendBeacon		CODE           	2AC2	0000	567
		_BeaconManagerInit		CODE           	73E2	0000	33

../BeaconManager.c estimated size: 1042

../NetworkBridge.c
		_NetworkUnicastData		CODE           	4AB8	0000	303
		_radioReceivedPacket		CODE           	04A2	0000	1653

../NetworkBridge.c estimated size: 1956

../../../../../../framework/driver/mrf_miwi/src/drv_mrf_miwi_mesh_security.c
		_CTR           		CODE           	568A	0000	191
		_CCM_Dec       		CODE           	55C4	0000	199
		_encode        		CODE           	3C6E	0000	369
		_CCM_Enc       		CODE           	5748	0000	185
		_CBC_MAC       		CODE           	5ACC	0000	173

../../../../../../framework/driver/mrf_miwi/src/drv_mrf_miwi_mesh_security.c estimated size: 1117

../../../../../../framework/driver/mrf_miwi/src/drv_mrf_miwi_mesh_89xa.c
		_SetRFMode     		CODE           	657E	0000	109
		_MiMAC_ReceivedPacket		CODE           	0F42	0000	915
		_MiMAC_DiscardPacket		CODE           	7420	0000	31
		_MiMAC_SetChannel		CODE           	5FA4	0000	145
		_MiMAC_Init    		CODE           	4F50	0000	251
		_MiMAC_SendPacket		CODE           	347E	0000	427
		_WriteFIFO     		CODE           	734E	0000	39
		_TxPacket      		CODE           	4348	0000	331
		_RegisterSet   		CODE           	7288	0000	43
		_RegisterRead  		CODE           	71A4	0000	51
		_HighISR       		CODE           	0008	0000	1175

../../../../../../framework/driver/mrf_miwi/src/drv_mrf_miwi_mesh_89xa.c estimated size: 3517

