Microchip MPLAB XC8 Compiler V1.38 ()

Linker command line:

-W3 --edf=C:\Program Files (x86)\Microchip\xc8\v1.38\dat\en_msgs.txt -cs \
  -h+dist/pic18exp_pic16f1947_24j40/production\simple_example_p2p.x.production.sym \
  --cmf=dist/pic18exp_pic16f1947_24j40/production\simple_example_p2p.x.production.cmf \
  -z -Q16F1947 -oC:\Users\c17143\AppData\Local\Temp\sbm8.2 \
  -Mdist/pic18exp_pic16f1947_24j40/production/simple_example_p2p.x.production.map \
  -E1 -ver=XC8 -ASTACK=02189h-02365h -pstack=STACK -ACODE=00h-07FFhx8 \
  -ASTRCODE=00h-03FFFh -ASTRING=00h-0FFhx64 -ACONST=00h-0FFhx64 \
  -AENTRY=00h-0FFhx64 -ACOMMON=070h-07Fh -ABANK0=020h-06Fh \
  -ABANK1=0A0h-0EFh -ABANK2=0120h-016Fh -ABANK3=01A0h-01EFh \
  -ABANK4=0220h-026Fh -ABANK5=02A0h-02EFh -ABANK6=0320h-036Fh \
  -ABANK7=03A0h-03EFh -ABANK8=0420h-046Fh -ABANK9=04A0h-04EFh \
  -ABANK10=0520h-056Fh -ABANK11=05A0h-05EFh -ABANK12=0620h-064Fh \
  -ABIGRAM=02000h-023EFh \
  -ARAM=020h-06Fh,0A0h-0EFh,0120h-016Fh,01A0h-01EFh,0220h-026Fh,02A0h-02EFh,0320h-036Fh,03A0h-03EFh,0420h-046Fh,04A0h-04EFh,0520h-056Fh,05A0h-05EFh,0620h-064Fh \
  -AABS1=020h-07Fh,0A0h-0EFh,0120h-016Fh,01A0h-01EFh,0220h-026Fh,02A0h-02EFh,0320h-036Fh,03A0h-03EFh,0420h-046Fh,04A0h-04EFh,0520h-056Fh,05A0h-05EFh,0620h-064Fh \
  -ASFR0=00h-01Fh -ASFR1=080h-09Fh -ASFR2=0100h-011Fh -ASFR3=0180h-019Fh \
  -ASFR4=0200h-021Fh -ASFR5=0280h-029Fh -ASFR6=0300h-031Fh \
  -ASFR7=0380h-039Fh -ASFR8=0400h-041Fh -ASFR9=0480h-049Fh \
  -ASFR10=0500h-051Fh -ASFR11=0580h-059Fh -ASFR12=0600h-061Fh \
  -ASFR13=0680h-06EFh -ASFR14=0700h-076Fh -ASFR15=0780h-07EFh \
  -ASFR16=0800h-086Fh -ASFR17=0880h-08EFh -ASFR18=0900h-096Fh \
  -ASFR19=0980h-09EFh -ASFR20=0A00h-0A6Fh -ASFR21=0A80h-0AEFh \
  -ASFR22=0B00h-0B6Fh -ASFR23=0B80h-0BEFh -ASFR24=0C00h-0C6Fh \
  -ASFR25=0C80h-0CEFh -ASFR26=0D00h-0D6Fh -ASFR27=0D80h-0DEFh \
  -ASFR28=0E00h-0E6Fh -ASFR29=0E80h-0EEFh -ASFR30=0F00h-0F6Fh \
  -ASFR31=0F80h-0FEFh -preset_vec=00h,intentry=04h,init,end_init \
  -ppowerup=CODE -pcinit=CODE -pfunctab=CODE -ACONFIG=08007h-08008h \
  -pconfig=CONFIG -DCONFIG=2 -AIDLOC=08000h-08003h -pidloc=IDLOC -DIDLOC=2 \
  -AEEDATA=00h-0FFh/0F000h -peeprom_data=EEDATA -DEEDATA=2 -DCODE=2 \
  -DSTRCODE=2 -DSTRING=2 -DCONST=2 -DENTRY=2 -k \
  C:\Users\c17143\AppData\Local\Temp\sbm8.obj \
  dist/pic18exp_pic16f1947_24j40/production\simple_example_p2p.x.production.obj 

Object code version is 3.11

Machine type is 16F1947



                Name                               Link     Load   Length Selector   Space Scale
C:\Users\c17143\AppData\Local\Temp\sbm8.obj
                end_init                            10F      10F        2        8       0
                reset_vec                             0        0        2        0       0
                config                             8007     8007        1    1000E       0
dist/pic18exp_pic16f1947_24j40/production\simple_example_p2p.x.production.obj
                intentry                              4        4      10B        8       0
                text88                              7FB      7FB        1      F9E       0
                text84                              737      737       6A      BE4       0
                text82                             2774     2774       15     4EE8       0
                text71                             2761     2761       13     4EC2       0
                text64                             27BF     27BF       20     4F7E       0
                swtext2                             500      500       F2      A00       0
                text61                              111      111      3ED        8       0
                text44                              5F2      5F2       DA      BE4       0
                swtext1                             7A1      7A1       2E      F42       0
                text25                              7CF      7CF       2C      F9E       0
                text23                              6CC      6CC       6B      BE4       0
                text20                             1007     1007      7F9     200E       0
                text16                             2751     2751       10     4EA2       0
                text15                             181A     181A      7E6     3034       0
                text11                             27DF     27DF       21     4FBE       0
                text8                               803      803      7FD     1006       0
                text6                              2789     2789       1B     4F12       0
                text5                              27A4     27A4       1B     4F48       0
                cstackBANK0                          20       20       3E       20       1
                cstackCOMMON                         70       70        C       70       1
                cstackBANK1                          A0       A0       27       A0       1
                cstackBANK2                         154      154        C      120       1
                clrtext                            2739     2739        C     4E72       0
                inittext                           2745     2745        C     4E8A       0
                bssBANK4                            220      220       49      220       1
                bssBANK3                            1A0      1A0       32      1A0       1
                dataBANK2                           13C      13C       18      120       1
                bssBANK2                            120      120       1C      120       1
                dataBANK1                            E9       E9        3       A0       1
                bssBANK1                             C7       C7       22       A0       1
                dataBANK0                            66       66        1       20       1
                bssBANK0                             5E       5E        8       20       1
                bssCOMMON                            7C       7C        2       70       1
                stringtext                         2000     2000      4D8     4000       0
                idataBANK2                         1802     1802       18     3004       0

TOTAL           Name                               Link     Load   Length     Space
        CLASS   STACK          

        CLASS   CODE           
                end_init                            10F      10F        2         0
                intentry                              4        4      10B         0
                reset_vec                             0        0        2         0
                text88                              7FB      7FB        1         0
                text84                              737      737       6A         0
                text82                             2774     2774       15         0
                text71                             2761     2761       13         0
                text64                             27BF     27BF       20         0
                text61                              111      111      3ED         0
                text44                              5F2      5F2       DA         0
                text25                              7CF      7CF       2C         0
                text23                              6CC      6CC       6B         0
                text20                             1007     1007      7F9         0
                text16                             2751     2751       10         0
                text15                             181A     181A      7E6         0
                text11                             27DF     27DF       21         0
                text8                               803      803      7FD         0
                text6                              2789     2789       1B         0
                text5                              27A4     27A4       1B         0
                clrtext                            2739     2739        C         0
                inittext                           2745     2745        C         0
                idataBANK2                         1802     1802       18         0

        CLASS   STRCODE        
                stringtext                         2000     2000      4D8         0

        CLASS   STRING         

        CLASS   CONST          
                swtext2                             500      500       F2         0
                swtext1                             7A1      7A1       2E         0

        CLASS   ENTRY          

        CLASS   COMMON         
                cstackCOMMON                         70       70        C         1
                bssCOMMON                            7C       7C        2         1

        CLASS   BANK0          
                cstackBANK0                          20       20       3E         1
                dataBANK0                            66       66        1         1
                bssBANK0                             5E       5E        8         1

        CLASS   BANK1          
                cstackBANK1                          A0       A0       27         1
                dataBANK1                            E9       E9        3         1
                bssBANK1                             C7       C7       22         1

        CLASS   BANK2          
                cstackBANK2                         154      154        C         1
                dataBANK2                           13C      13C       18         1
                bssBANK2                            120      120       1C         1

        CLASS   BANK3          
                bssBANK3                            1A0      1A0       32         1

        CLASS   BANK4          
                bssBANK4                            220      220       49         1

        CLASS   BANK5          

        CLASS   BANK6          

        CLASS   BANK7          

        CLASS   BANK8          

        CLASS   BANK9          

        CLASS   BANK10         

        CLASS   BANK11         

        CLASS   BANK12         

        CLASS   BIGRAM         

        CLASS   RAM            

        CLASS   ABS1           
                abs_s1                               7E       7E        2         1
                abs_s1                              566      566        A         1
                abs_s1                              5A0      5A0       50         1
                abs_s1                              620      620       30         1
                abs_s1                             2366     2366        0         1

        CLASS   SFR0           

        CLASS   SFR1           

        CLASS   SFR2           

        CLASS   SFR3           

        CLASS   SFR4           

        CLASS   SFR5           

        CLASS   SFR6           

        CLASS   SFR7           

        CLASS   SFR8           

        CLASS   SFR9           

        CLASS   SFR10          

        CLASS   SFR11          

        CLASS   SFR12          

        CLASS   SFR13          

        CLASS   SFR14          

        CLASS   SFR15          

        CLASS   SFR16          

        CLASS   SFR17          

        CLASS   SFR18          

        CLASS   SFR19          

        CLASS   SFR20          

        CLASS   SFR21          

        CLASS   SFR22          

        CLASS   SFR23          

        CLASS   SFR24          

        CLASS   SFR25          

        CLASS   SFR26          

        CLASS   SFR27          

        CLASS   SFR28          

        CLASS   SFR29          

        CLASS   SFR30          

        CLASS   SFR31          

        CLASS   CONFIG         
                config                             8007     8007        1         0

        CLASS   IDLOC          

        CLASS   EEDATA         

        CLASS   BANK31         

        CLASS   BANK30         

        CLASS   BANK29         

        CLASS   BANK28         

        CLASS   BANK27         

        CLASS   BANK26         

        CLASS   BANK25         

        CLASS   BANK24         

        CLASS   BANK23         

        CLASS   BANK22         

        CLASS   BANK21         

        CLASS   BANK20         

        CLASS   BANK19         

        CLASS   BANK18         

        CLASS   BANK17         

        CLASS   BANK16         

        CLASS   BANK15         

        CLASS   BANK14         

        CLASS   BANK13         



SEGMENTS        Name                           Load    Length   Top    Selector   Space  Class     Delta

                reset_vec                      000000  000002  000002         0       0  CODE        2
                intentry                       000004  0004FA  0004FE         8       0  CODE        2
                cstackBANK0                    000020  000047  000067        20       1  BANK0       1
                cstackCOMMON                   000070  00000E  00007E        70       1  COMMON      1
                cstackBANK1                    0000A0  00004C  0000EC        A0       1  BANK1       1
                bssBANK2                       000120  000040  000160       120       1  BANK2       1
                bssBANK3                       0001A0  000032  0001D2       1A0       1  BANK3       1
                bssBANK4                       000220  000049  000269       220       1  BANK4       1
                swtext2                        000500  0000F2  0005F2       A00       0  CONST       2
                text44                         0005F2  0001AF  0007A1       BE4       0  CODE        2
                swtext1                        0007A1  00002E  0007CF       F42       0  CONST       2
                text25                         0007CF  00002D  0007FC       F9E       0  CODE        2
                text8                          000803  0007FD  001000      1006       0  CODE        2
                text20                         001007  0007F9  001800      200E       0  CODE        2
                idataBANK2                     001802  000018  00181A      3004       0  CODE        2
                text15                         00181A  0007E6  002000      3034       0  CODE        2
                stringtext                     002000  0004D8  0024D8      4000       0  STRCODE     2
                clrtext                        002739  00000C  002745      4E72       0  CODE        2
                inittext                       002745  00000C  002751      4E8A       0  CODE        2
                text16                         002751  000010  002761      4EA2       0  CODE        2
                text71                         002761  000013  002774      4EC2       0  CODE        2
                text82                         002774  000015  002789      4EE8       0  CODE        2
                text6                          002789  00001B  0027A4      4F12       0  CODE        2
                text5                          0027A4  00001B  0027BF      4F48       0  CODE        2
                text64                         0027BF  000020  0027DF      4F7E       0  CODE        2
                text11                         0027DF  000021  002800      4FBE       0  CODE        2
                config                         008007  000001  008008     1000E       0  CONFIG      2


UNUSED ADDRESS RANGES

        Name                Unused          Largest block    Delta
        BANK0            00067-0006F               9           1
        BANK1            000EC-000EF               4           1
        BANK10           00520-00565              46           1
        BANK2            00160-0016F              10           1
        BANK3            001D2-001EF              1E           1
        BANK4            00269-0026F               7           1
        BANK5            002A0-002EF              50           1
        BANK6            00320-0036F              50           1
        BANK7            003A0-003EF              50           1
        BANK8            00420-0046F              50           1
        BANK9            004A0-004EF              50           1
        BIGRAM           02000-023EF             3F0           1
        CODE             00002-00003               2           2
                         004FE-004FF               2
                         007FC-00802               4
                         01000-01006               7
                         01800-01801               2
                         024D8-02738             261
                         02800-03FFF             800
        CONFIG           08008-08008               1           2
        CONST            00002-00003               2           2
                         004FE-004FF               2
                         007FC-00802               4
                         01000-01006               7
                         01800-01801               2
                         024D8-02738             100
                         02800-03FFF             100
        EEDATA           0F000-0F0FF             100           2
        ENTRY            00002-00003               2           2
                         004FE-004FF               2
                         007FC-00802               4
                         01000-01006               7
                         01800-01801               2
                         024D8-02738             100
                         02800-03FFF             100
        IDLOC            08000-08003               4           2
        RAM              00067-0006F               9           1
                         000EC-000EF               4
                         00160-0016F              10
                         001D2-001EF              1E
                         00269-0026F               7
                         002A0-002EF              50
                         00320-0036F              50
                         003A0-003EF              50
                         00420-0046F              50
                         004A0-004EF              50
                         00520-00565              46
        SFR0             00000-0001F              20           1
        SFR1             00080-0009F              20           1
        SFR10            00500-0051F              20           1
        SFR11            00580-0059F              20           1
        SFR12            00600-0061F              20           1
        SFR13            00680-006EF              70           1
        SFR14            00700-0076F              70           1
        SFR15            00780-007EF              70           1
        SFR16            00800-0086F              70           1
        SFR17            00880-008EF              70           1
        SFR18            00900-0096F              70           1
        SFR19            00980-009EF              70           1
        SFR2             00100-0011F              20           1
        SFR20            00A00-00A6F              70           1
        SFR21            00A80-00AEF              70           1
        SFR22            00B00-00B6F              70           1
        SFR23            00B80-00BEF              70           1
        SFR24            00C00-00C6F              70           1
        SFR25            00C80-00CEF              70           1
        SFR26            00D00-00D6F              70           1
        SFR27            00D80-00DEF              70           1
        SFR28            00E00-00E6F              70           1
        SFR29            00E80-00EEF              70           1
        SFR3             00180-0019F              20           1
        SFR30            00F00-00F6F              70           1
        SFR31            00F80-00FEF              70           1
        SFR4             00200-0021F              20           1
        SFR5             00280-0029F              20           1
        SFR6             00300-0031F              20           1
        SFR7             00380-0039F              20           1
        SFR8             00400-0041F              20           1
        SFR9             00480-0049F              20           1
        STACK            02189-02365             1DD           1
        STRCODE          00002-00003               2           2
                         004FE-004FF               2
                         007FC-00802               7
                         01000-01006               7
                         01800-01801               2
                         024D8-02738             261
                         02800-03FFF            1800
        STRING           00002-00003               2           2
                         004FE-004FF               2
                         007FC-00802               4
                         01000-01006               7
                         01800-01801               2
                         024D8-02738             100
                         02800-03FFF             100

                                  Symbol Table

?_MiWi_TickGet                               cstackBANK0  00029
?___lmul                                     cstackBANK0  00029
?___lwdiv                                    cstackBANK0  00029
?___lwmod                                    cstackBANK0  00030
?___wmul                                     cstackBANK0  0002E
?_sprintf                                    cstackBANK0  00035
?i1___wmul                                   cstackCOMMON 00070
AddConnection@connectionSlot                 cstackBANK0  00041
AddConnection@i                              cstackBANK0  00042
AddConnection@status                         cstackBANK0  00040
ButtonPressed@t                              cstackBANK0  00033
ButtonPressed@tickDifference                 cstackBANK0  00037
CONSOLE_PrintDec@toPrint                     cstackBANK0  00032
CONSOLE_PrintHex@PRINT_VAR                   cstackBANK0  0002A
CONSOLE_PrintHex@toPrint                     cstackBANK0  0002B
CONSOLE_Put@c                                cstackBANK0  00029
CONSOLE_PutString@c                          cstackBANK0  0002E
CONSOLE_PutString@str                        cstackBANK0  0002A
DELAY_ms@cyclesRequiredForEntireDelay        cstackBANK0  00037
DELAY_ms@ms                                  cstackBANK0  00035
DemoOutput_Channel@Step                      cstackBANK0  0005C
DemoOutput_Channel@channel                   cstackBANK0  0005D
DemoOutput_ChannelError@channel              cstackBANK0  00033
DemoOutput_HandleMessage@i                   cstackBANK0  00031
DemoOutput_UpdateTxRx@RxNum                  cstackBANK0  00059
DemoOutput_UpdateTxRx@TxNum                  cstackBANK0  0005A
DumpConnection@i                             cstackBANK0  00036
DumpConnection@index                         cstackBANK0  00034
DumpConnection@j                             cstackBANK0  00035
EEPROM_Read@addr                             cstackBANK0  0002A
EEPROM_Read@count                            cstackBANK0  0002B
EEPROM_Read@dest                             cstackBANK0  0002C
InitMRF24J40@_dcnt                           cstackBANK0  00033
InitMRF24J40@_dcnt_438                       cstackBANK0  00037
InitMRF24J40@_ms                             cstackBANK0  0003B
InitMRF24J40@_ms_439                         cstackBANK0  0003F
InitMRF24J40@i                               cstackBANK0  00045
InitMRF24J40@j                               cstackBANK0  00043
Initialize_Demo@freezer_enable               cstackBANK1  000C4
Initialize_Demo@i                            cstackBANK1  000C5
LCDDisplay@delay                             cstackBANK0  0005A
LCDDisplay@i                                 cstackBANK0  0005B
LCDDisplay@text                              cstackBANK0  00057
LCDDisplay@value                             cstackBANK0  00059
LCDInitPortA@preRFIE                         cstackBANK0  0002A
LCDInitPortB@preRFIE                         cstackBANK0  0002A
LCDInitWrite@v                               cstackBANK0  0002C
LCDTRXCount@rxCount                          cstackBANK0  00057
LCDTRXCount@txCount                          cstackBANK0  00058
LCDWritePortA@preRFIE                        cstackBANK0  0002B
LCDWritePortA@v                              cstackBANK0  0002A
LCDWritePortB@preRFIE                        cstackBANK0  0002B
LCDWritePortB@v                              cstackBANK0  0002A
LCD_Update@i                                 cstackBANK0  0003C
LCD_d_write@v                                cstackBANK0  0003B
LCD_i_write@v                                cstackBANK0  0003B
MiApp_BroadcastPacket@SecEn                  cstackBANK0  0005A
MiApp_ConnectionMode@Mode                    cstackBANK0  0003C
MiApp_EstablishConnection@Mode               cstackBANK1  000BF
MiApp_EstablishConnection@connectionInterval cstackBANK2  0015A
MiApp_EstablishConnection@i                  cstackBANK2  0015F
MiApp_EstablishConnection@retry              cstackBANK2  00155
MiApp_EstablishConnection@t1                 cstackBANK2  00156
MiApp_EstablishConnection@t2                 cstackBANK2  0015B
MiApp_EstablishConnection@tmpConnectionMode  cstackBANK2  00154
MiApp_ProtocolInit@bNetworkFreezer           cstackBANK0  0004E
MiApp_ProtocolInit@i                         cstackBANK0  00051
MiApp_ProtocolInit@initValue                 cstackBANK0  0004F
MiApp_ProtocolInit@tmp                       cstackBANK0  0004C
MiApp_SetChannel@channel                     cstackBANK0  0003B
MiApp_StartConnection@ChannelMap             cstackBANK0  00034
MiApp_StartConnection@Mode                   cstackBANK0  00038
MiApp_StartConnection@ScanDuration           cstackBANK0  00033
MiApp_StartConnection@tmp                    cstackBANK0  00039
MiApp_UnicastAddress@DestinationAddress      cstackBANK0  0005A
MiApp_UnicastAddress@PermanentAddr           cstackBANK1  000B6
MiApp_UnicastAddress@SecEn                   cstackBANK1  000B7
MiApp_UnicastConnection@ConnectionIndex      cstackBANK0  0005B
MiApp_UnicastConnection@SecEn                cstackBANK1  000B8
MiMAC_Init@i                                 cstackBANK0  0004A
MiMAC_Init@initValue                         cstackBANK0  00046
MiMAC_ReceivedPacket@addrMode                cstackBANK0  0003E
MiMAC_ReceivedPacket@bIntraPAN               cstackBANK0  00040
MiMAC_ReceivedPacket@i                       cstackBANK0  0003F
MiMAC_SendPacket@IntraPAN                    cstackBANK1  000A8
MiMAC_SendPacket@MACPayload                  cstackBANK0  0004D
MiMAC_SendPacket@MACPayloadLen               cstackBANK0  0004E
MiMAC_SendPacket@frameControl                cstackBANK1  000A9
MiMAC_SendPacket@headerLength                cstackBANK1  000AA
MiMAC_SendPacket@i                           cstackBANK1  000AB
MiMAC_SendPacket@loc                         cstackBANK1  000AC
MiMAC_SendPacket@t1                          cstackBANK1  000A0
MiMAC_SendPacket@t2                          cstackBANK1  000A4
MiMAC_SendPacket@transParam                  cstackBANK0  00046
MiMAC_SetAltAddress@Address                  cstackBANK0  0002E
MiMAC_SetAltAddress@PANID                    cstackBANK0  0002D
MiMAC_SetChannel@channel                     cstackBANK0  00031
MiMAC_SetChannel@offsetFreq                  cstackBANK0  00030
MiWi_TickGet@IntFlag1                        cstackBANK0  0002E
MiWi_TickGet@IntFlag2                        cstackBANK0  0002D
MiWi_TickGet@currentTime                     cstackBANK0  0002F
NVMInit@result                               cstackBANK0  0002F
NVMRead@addr                                 cstackBANK0  0002B
NVMRead@count                                cstackBANK0  0002D
NVMRead@dest                                 cstackBANK0  00029
NVMWrite@addr                                cstackBANK0  00036
NVMWrite@count                               cstackBANK0  00038
NVMWrite@oldGIEH                             cstackBANK0  0003A
NVMWrite@source                              cstackBANK0  00034
NVMalloc@location                            cstackBANK0  0002B
NVMalloc@size                                cstackBANK0  00029
P2PTasks@i                                   cstackBANK1  000BD
P2PTasks@status                              cstackBANK1  000BC
P2PTasks@tmp                                 cstackBANK1  000BA
P2PTasks@tmpTick                             cstackBANK1  000B6
PHYGetLongRAMAddr@address                    cstackBANK0  0002A
PHYGetLongRAMAddr@tmpRFIE                    cstackBANK0  0002F
PHYGetLongRAMAddr@toReturn                   cstackBANK0  0002E
PHYGetShortRAMAddr@address                   cstackBANK0  0002A
PHYGetShortRAMAddr@tmpRFIE                   cstackBANK0  0002C
PHYGetShortRAMAddr@toReturn                  cstackBANK0  0002B
PHYSetLongRAMAddr@address                    cstackBANK0  0002A
PHYSetLongRAMAddr@tmpRFIE                    cstackBANK0  0002F
PHYSetLongRAMAddr@value                      cstackBANK0  0002C
PHYSetShortRAMAddr@address                   cstackBANK0  0002B
PHYSetShortRAMAddr@tmpRFIE                   cstackBANK0  0002C
PHYSetShortRAMAddr@value                     cstackBANK0  0002A
SPIPut@v                                     cstackBANK0  00029
SendPacket@Broadcast                         cstackBANK1  000AE
SendPacket@DestinationAddress                cstackBANK0  00055
SendPacket@DestinationPANID                  cstackBANK0  00053
SendPacket@SecurityEnabled                   cstackBANK0  00058
SendPacket@isCommand                         cstackBANK0  00057
SendPacket@status                            cstackBANK1  000AD
SendPacket@tParam                            cstackBANK1  000AF
Total_Connections@count                      cstackBANK0  0002C
Total_Connections@i                          cstackBANK0  0002D
_ANSELA                                      (abs)        0018C
_AddConnection                               text44       005F2
_AdditionalNodeID                            dataBANK1    000E9
_BankIndex                                   dataBANK0    00066
_ButtonPressed                               text8        00F70
_CONSOLE_Initialize                          text15       018E3
_CONSOLE_PrintDec                            text15       01969
_CONSOLE_PrintHex                            text20       01355
_CONSOLE_Put                                 text20       01370
_CONSOLE_PutString                           text20       01341
_CharacterArray                              dataBANK2    0013C
_ConnMode                                    dataBANK1    000EB
_ConnectionTable                             bssBANK3     001A0
_DE                                          stringtext   0207E
_DELAY_ms                                    text20       0139D
_DemoOutput_Channel                          text15       0192F
_DemoOutput_ChannelError                     text15       019B6
_DemoOutput_Greeting                         text20       01194
_DemoOutput_HandleMessage                    text20       011D2
_DemoOutput_Instruction                      text8        00FFB
_DemoOutput_UnicastFail                      text16       02751
_DemoOutput_UpdateTxRx                       text8        00FD5
_DumpConnection                              text20       01248
_EEADR                                       (abs)        00191
_EEADRH                                      (abs)        00192
_EECON1bits                                  (abs)        00195
_EECON2                                      (abs)        00196
_EEDATA                                      (abs)        00193
_EEPROM_Read                                 text15       0185B
_IEEESeqNum                                  bssBANK1     000D2
_INTCONbits                                  (abs)        0000B
_IOCBFbits                                   (abs)        00396
_IOCBN                                       (abs)        00395
_IOCBNbits                                   (abs)        00395
_IOCBP                                       (abs)        00394
_InitMRF24J40                                text15       01B7B
_InitSymbolTimer                             text20       017ED
_Initialize_Demo                             text15       018EE
_LATA                                        (abs)        0010C
_LATAbits                                    (abs)        0010C
_LATB                                        (abs)        0010D
_LATBbits                                    (abs)        0010D
_LATC                                        (abs)        0010E
_LATCbits                                    (abs)        0010E
_LATD                                        (abs)        0010F
_LATDbits                                    (abs)        0010F
_LATFbits                                    (abs)        0038C
_LCDDisplay                                  text20       0137A
_LCDInitPortA                                text6        02789
_LCDInitPortB                                text5        027A4
_LCDInitSPI                                  text20       017FA
_LCDInitWrite                                text20       01414
_LCDTRXCount                                 text11       027DF
_LCDText                                     bssBANK4     00248
_LCDWritePortA                               text8        009AF
_LCDWritePortB                               text8        009F5
_LCD_Erase                                   text20       01405
_LCD_Initialize                              text20       01154
_LCD_Update                                  text8        0095B
_LCD_d_write                                 text8        00993
_LCD_i_write                                 text8        009DA
_LatestConnection                            bssBANK1     000D3
_MACCurrentChannel                           bssBANK1     000D4
_MACInitParams                               bssBANK2     00132
_MACRxPacket                                 bssBANK1     000C7
_MAC_PANID                                   bssBANK0     0005F
_MRF24J40Status                              bssBANK0     0005E
_MacroNop                                    text20       017F8
_MiApp_BroadcastPacket                       text15       0181A
_MiApp_ConnectionMode                        text15       019C7
_MiApp_DiscardMessage                        text8        00FFC
_MiApp_EstablishConnection                   text15       019ED
_MiApp_MessageAvailable                      text15       01B33
_MiApp_ProtocolInit                          text20       01007
_MiApp_SetChannel                            text15       01B3C
_MiApp_StartConnection                       text15       01F2D
_MiApp_UnicastAddress                        text15       01847
_MiApp_UnicastConnection                     text15       0182B
_MiMAC_DiscardPacket                         text20       017BB
_MiMAC_Init                                  text25       007CF
_MiMAC_ReceivedPacket                        text8        00A27
_MiMAC_SendPacket                            text15       01C9B
_MiMAC_SetAltAddress                         text15       01F4A
_MiMAC_SetChannel                            text15       01B5A
_MiWi                                        stringtext   02000
_MiWi_TickGet                                text15       01AA5
_MyindexinPC                                 bssBANK1     000D5
_NVMInit                                     text23       006CC
_NVMRead                                     text20       01793
_NVMWrite                                    text20       01755
_NVMalloc                                    text23       00714
_OSCCON                                      (abs)        00099
_P2PCapacityInfo                             bssBANK1     000D6
_P2PStatus                                   bssBANK1     000D7
_P2PTasks                                    text20       01431
_PHYGetLongRAMAddr                           text15       01EDC
_PHYGetShortRAMAddr                          text15       01F0C
_PHYSetLongRAMAddr                           text15       01EAB
_PHYSetShortRAMAddr                          text15       01C82
_PIE1bits                                    (abs)        00091
_PIR1bits                                    (abs)        00011
_PORTAbits                                   (abs)        0000C
_PORTBbits                                   (abs)        0000D
_PUSH_BUTTON_press_time                      bssBANK2     0012A
_PUSH_BUTTON_pressed                         bssBANK1     000D8
_Process_RxMessage                           text8        00FDC
_RCSTA                                       (abs)        0019D
_Run_Demo                                    text15       01F6E
_RxBuffer                                    (abs)        02366
_RxNum                                       bssBANK1     000D9
_SPBRG                                       (abs)        0019B
_SPIGet                                      text15       01F27
_SPIPut                                      text8        009C9
_SSP1BUF                                     (abs)        00211
_SSP1CON1                                    (abs)        00215
_SSP1CON1bits                                (abs)        00215
_SSP1STAT                                    (abs)        00214
_SYSTEM_Initialize                           text15       01F70
_SendPacket                                  text15       01AD1
_T1CON                                       (abs)        00018
_T1CONbits                                   (abs)        00018
_TMR1H                                       (abs)        00017
_TMR1L                                       (abs)        00016
_TRISA                                       (abs)        0008C
_TRISAbits                                   (abs)        0008C
_TRISB                                       (abs)        0008D
_TRISBbits                                   (abs)        0008D
_TRISC                                       (abs)        0008E
_TRISCbits                                   (abs)        0008E
_TRISD                                       (abs)        0008F
_TRISDbits                                   (abs)        0008F
_TRISFbits                                   (abs)        0030C
_TXREG                                       (abs)        0019A
_TXSTA                                       (abs)        0019E
_TXSTAbits                                   (abs)        0019E
_Total_Connections                           text44       006B6
_TxBuffer                                    bssBANK4     00220
_TxData                                      bssBANK1     000DA
_TxNum                                       bssBANK1     000DB
_TxSynCount                                  bssBANK1     000DC
_TxSynCount2                                 bssBANK1     000DD
_UserInterruptHandler                        text88       007FB
__CFG_BOREN$SBODEN                           (abs)        00000
__CFG_CLKOUTEN$OFF                           (abs)        00000
__CFG_CP$OFF                                 (abs)        00000
__CFG_CPD$OFF                                (abs)        00000
__CFG_FCMEN$OFF                              (abs)        00000
__CFG_FOSC$HS                                (abs)        00000
__CFG_IESO$OFF                               (abs)        00000
__CFG_MCLRE$ON                               (abs)        00000
__CFG_PWRTE$OFF                              (abs)        00000
__CFG_WDTE$OFF                               (abs)        00000
__Habs1                                      abs1         00000
__Hbank0                                     bank0        00000
__Hbank1                                     bank1        00000
__Hbank10                                    bank10       00000
__Hbank11                                    bank11       00000
__Hbank12                                    bank12       00000
__Hbank13                                    bank13       00000
__Hbank14                                    bank14       00000
__Hbank15                                    bank15       00000
__Hbank16                                    bank16       00000
__Hbank17                                    bank17       00000
__Hbank18                                    bank18       00000
__Hbank19                                    bank19       00000
__Hbank2                                     bank2        00000
__Hbank20                                    bank20       00000
__Hbank21                                    bank21       00000
__Hbank22                                    bank22       00000
__Hbank23                                    bank23       00000
__Hbank24                                    bank24       00000
__Hbank25                                    bank25       00000
__Hbank26                                    bank26       00000
__Hbank27                                    bank27       00000
__Hbank28                                    bank28       00000
__Hbank29                                    bank29       00000
__Hbank3                                     bank3        00000
__Hbank30                                    bank30       00000
__Hbank31                                    bank31       00000
__Hbank4                                     bank4        00000
__Hbank5                                     bank5        00000
__Hbank6                                     bank6        00000
__Hbank7                                     bank7        00000
__Hbank8                                     bank8        00000
__Hbank9                                     bank9        00000
__Hbigram                                    bigram       00000
__HbssBANK0                                  bssBANK0     00000
__HbssBANK1                                  bssBANK1     00000
__HbssBANK2                                  bssBANK2     00000
__HbssBANK3                                  bssBANK3     00000
__HbssBANK4                                  bssBANK4     00000
__HbssCOMMON                                 bssCOMMON    00000
__Hcinit                                     cinit        00000
__Hclrtext                                   clrtext      00000
__Hcode                                      code         00000
__Hcommon                                    common       00000
__Hconfig                                    config       08008
__HcstackBANK0                               cstackBANK0  00000
__HcstackBANK1                               cstackBANK1  00000
__HcstackBANK2                               cstackBANK2  00000
__HcstackCOMMON                              cstackCOMMON 00000
__HdataBANK0                                 dataBANK0    00000
__HdataBANK1                                 dataBANK1    00000
__HdataBANK2                                 dataBANK2    00000
__Heeprom_data                               eeprom_data  00000
__Hend_init                                  end_init     00111
__Hfunctab                                   functab      00000
__HidataBANK0                                idataBANK0   00000
__HidataBANK1                                idataBANK1   00000
__HidataBANK2                                idataBANK2   00000
__Hidloc                                     idloc        00000
__Hinit                                      init         0010F
__Hinittext                                  inittext     00000
__Hintentry                                  intentry     0010F
__Hmaintext                                  maintext     00000
__Hpa_nodes                                  pa_nodes     00000
__Hpowerup                                   powerup      00000
__Hram                                       ram          00000
__Hreset_vec                                 reset_vec    00002
__Hsfr0                                      sfr0         00000
__Hsfr1                                      sfr1         00000
__Hsfr10                                     sfr10        00000
__Hsfr11                                     sfr11        00000
__Hsfr12                                     sfr12        00000
__Hsfr13                                     sfr13        00000
__Hsfr14                                     sfr14        00000
__Hsfr15                                     sfr15        00000
__Hsfr16                                     sfr16        00000
__Hsfr17                                     sfr17        00000
__Hsfr18                                     sfr18        00000
__Hsfr19                                     sfr19        00000
__Hsfr2                                      sfr2         00000
__Hsfr20                                     sfr20        00000
__Hsfr21                                     sfr21        00000
__Hsfr22                                     sfr22        00000
__Hsfr23                                     sfr23        00000
__Hsfr24                                     sfr24        00000
__Hsfr25                                     sfr25        00000
__Hsfr26                                     sfr26        00000
__Hsfr27                                     sfr27        00000
__Hsfr28                                     sfr28        00000
__Hsfr29                                     sfr29        00000
__Hsfr3                                      sfr3         00000
__Hsfr30                                     sfr30        00000
__Hsfr31                                     sfr31        00000
__Hsfr4                                      sfr4         00000
__Hsfr5                                      sfr5         00000
__Hsfr6                                      sfr6         00000
__Hsfr7                                      sfr7         00000
__Hsfr8                                      sfr8         00000
__Hsfr9                                      sfr9         00000
__Hspace_0                                   (abs)        08008
__Hspace_1                                   (abs)        00269
__Hspace_2                                   (abs)        00000
__Hspace_3                                   (abs)        00000
__Hstack                                     stack        00000
__Hstrings                                   strings      00000
__Hstringtext                                stringtext   00000
__Htext                                      text         00000
__Labs1                                      abs1         00000
__Lbank0                                     bank0        00000
__Lbank1                                     bank1        00000
__Lbank10                                    bank10       00000
__Lbank11                                    bank11       00000
__Lbank12                                    bank12       00000
__Lbank13                                    bank13       00000
__Lbank14                                    bank14       00000
__Lbank15                                    bank15       00000
__Lbank16                                    bank16       00000
__Lbank17                                    bank17       00000
__Lbank18                                    bank18       00000
__Lbank19                                    bank19       00000
__Lbank2                                     bank2        00000
__Lbank20                                    bank20       00000
__Lbank21                                    bank21       00000
__Lbank22                                    bank22       00000
__Lbank23                                    bank23       00000
__Lbank24                                    bank24       00000
__Lbank25                                    bank25       00000
__Lbank26                                    bank26       00000
__Lbank27                                    bank27       00000
__Lbank28                                    bank28       00000
__Lbank29                                    bank29       00000
__Lbank3                                     bank3        00000
__Lbank30                                    bank30       00000
__Lbank31                                    bank31       00000
__Lbank4                                     bank4        00000
__Lbank5                                     bank5        00000
__Lbank6                                     bank6        00000
__Lbank7                                     bank7        00000
__Lbank8                                     bank8        00000
__Lbank9                                     bank9        00000
__Lbigram                                    bigram       00000
__LbssBANK0                                  bssBANK0     00000
__LbssBANK1                                  bssBANK1     00000
__LbssBANK2                                  bssBANK2     00000
__LbssBANK3                                  bssBANK3     00000
__LbssBANK4                                  bssBANK4     00000
__LbssCOMMON                                 bssCOMMON    00000
__Lcinit                                     cinit        00000
__Lclrtext                                   clrtext      00000
__Lcode                                      code         00000
__Lcommon                                    common       00000
__Lconfig                                    config       08007
__LcstackBANK0                               cstackBANK0  00000
__LcstackBANK1                               cstackBANK1  00000
__LcstackBANK2                               cstackBANK2  00000
__LcstackCOMMON                              cstackCOMMON 00000
__LdataBANK0                                 dataBANK0    00000
__LdataBANK1                                 dataBANK1    00000
__LdataBANK2                                 dataBANK2    00000
__Leeprom_data                               eeprom_data  00000
__Lend_init                                  end_init     0010F
__Lfunctab                                   functab      00000
__LidataBANK0                                idataBANK0   00000
__LidataBANK1                                idataBANK1   00000
__LidataBANK2                                idataBANK2   00000
__Lidloc                                     idloc        00000
__Linit                                      init         0010F
__Linittext                                  inittext     00000
__Lintentry                                  intentry     00004
__Lmaintext                                  maintext     00000
__Lpa_nodes                                  pa_nodes     00000
__Lpowerup                                   powerup      00000
__Lram                                       ram          00000
__Lreset_vec                                 reset_vec    00000
__Lsfr0                                      sfr0         00000
__Lsfr1                                      sfr1         00000
__Lsfr10                                     sfr10        00000
__Lsfr11                                     sfr11        00000
__Lsfr12                                     sfr12        00000
__Lsfr13                                     sfr13        00000
__Lsfr14                                     sfr14        00000
__Lsfr15                                     sfr15        00000
__Lsfr16                                     sfr16        00000
__Lsfr17                                     sfr17        00000
__Lsfr18                                     sfr18        00000
__Lsfr19                                     sfr19        00000
__Lsfr2                                      sfr2         00000
__Lsfr20                                     sfr20        00000
__Lsfr21                                     sfr21        00000
__Lsfr22                                     sfr22        00000
__Lsfr23                                     sfr23        00000
__Lsfr24                                     sfr24        00000
__Lsfr25                                     sfr25        00000
__Lsfr26                                     sfr26        00000
__Lsfr27                                     sfr27        00000
__Lsfr28                                     sfr28        00000
__Lsfr29                                     sfr29        00000
__Lsfr3                                      sfr3         00000
__Lsfr30                                     sfr30        00000
__Lsfr31                                     sfr31        00000
__Lsfr4                                      sfr4         00000
__Lsfr5                                      sfr5         00000
__Lsfr6                                      sfr6         00000
__Lsfr7                                      sfr7         00000
__Lsfr8                                      sfr8         00000
__Lsfr9                                      sfr9         00000
__Lspace_0                                   (abs)        00000
__Lspace_1                                   (abs)        00000
__Lspace_2                                   (abs)        00000
__Lspace_3                                   (abs)        00000
__Lstack                                     stack        00000
__Lstrings                                   strings      00000
__Lstringtext                                stringtext   00000
__Ltext                                      text         00000
__S0                                         (abs)        08008
__S1                                         (abs)        00269
__S2                                         (abs)        00000
__S3                                         (abs)        00000
___bmul                                      text20       01731
___bmul@multiplicand                         cstackBANK0  00029
___bmul@multiplier                           cstackBANK0  0002B
___bmul@product                              cstackBANK0  0002A
___int_sp                                    stack        00000
___latbits                                   (abs)        00003
___lbdiv                                     text15       0199E
___lbdiv@counter                             cstackBANK0  00030
___lbdiv@dividend                            cstackBANK0  0002F
___lbdiv@divisor                             cstackBANK0  0002E
___lbdiv@quotient                            cstackBANK0  00031
___lbmod                                     text8        00A0E
___lbmod@counter                             cstackBANK0  0002C
___lbmod@dividend                            cstackBANK0  0002B
___lbmod@divisor                             cstackBANK0  00029
___lbmod@rem                                 cstackBANK0  0002D
___lmul                                      text20       013E0
___lmul@multiplicand                         cstackBANK0  0002D
___lmul@multiplier                           cstackBANK0  00029
___lmul@product                              cstackBANK0  00031
___lwdiv                                     text61       004CB
___lwdiv@counter                             cstackBANK0  0002D
___lwdiv@dividend                            cstackBANK0  0002B
___lwdiv@divisor                             cstackBANK0  00029
___lwdiv@quotient                            cstackBANK0  0002E
___lwmod                                     text64       027BF
___lwmod@counter                             cstackBANK0  00034
___lwmod@dividend                            cstackBANK0  00032
___lwmod@divisor                             cstackBANK0  00030
___sp                                        stack        00000
___wmul                                      text8        00F5B
___wmul@multiplicand                         cstackBANK0  00030
___wmul@multiplier                           cstackBANK0  0002E
___wmul@product                              cstackBANK0  00032
__end_of_AddConnection                       text44       006B6
__end_of_ButtonPressed                       text8        00FD5
__end_of_CONSOLE_Initialize                  text15       018EE
__end_of_CONSOLE_PrintDec                    text15       0199E
__end_of_CONSOLE_PrintHex                    text20       01370
__end_of_CONSOLE_Put                         text20       0137A
__end_of_CONSOLE_PutString                   text20       01355
__end_of_DE                                  stringtext   020C0
__end_of_DELAY_ms                            text20       013E0
__end_of_DemoOutput_Channel                  text15       01969
__end_of_DemoOutput_ChannelError             text15       019C7
__end_of_DemoOutput_Greeting                 text20       011D2
__end_of_DemoOutput_HandleMessage            text20       01248
__end_of_DemoOutput_Instruction              text8        00FFC
__end_of_DemoOutput_UnicastFail              text16       02761
__end_of_DemoOutput_UpdateTxRx               text8        00FDC
__end_of_DumpConnection                      text20       01341
__end_of_EEPROM_Read                         text15       01877
__end_of_InitMRF24J40                        text15       01C82
__end_of_InitSymbolTimer                     text20       017F8
__end_of_Initialize_Demo                     text15       0192F
__end_of_LCDDisplay                          text20       0139D
__end_of_LCDInitPortA                        text6        027A4
__end_of_LCDInitPortB                        text5        027BF
__end_of_LCDInitSPI                          text20       01800
__end_of_LCDInitWrite                        text20       01431
__end_of_LCDTRXCount                         text11       02800
__end_of_LCDWritePortA                       text8        009C9
__end_of_LCDWritePortB                       text8        00A0E
__end_of_LCD_Erase                           text20       01414
__end_of_LCD_Initialize                      text20       01194
__end_of_LCD_Update                          text8        00993
__end_of_LCD_d_write                         text8        009AF
__end_of_LCD_i_write                         text8        009F5
__end_of_MacroNop                            text20       017FA
__end_of_MiApp_BroadcastPacket               text15       0182B
__end_of_MiApp_ConnectionMode                text15       019ED
__end_of_MiApp_DiscardMessage                text8        01000
__end_of_MiApp_EstablishConnection           text15       01AA5
__end_of_MiApp_MessageAvailable              text15       01B3C
__end_of_MiApp_ProtocolInit                  text20       01154
__end_of_MiApp_SetChannel                    text15       01B5A
__end_of_MiApp_StartConnection               text15       01F4A
__end_of_MiApp_UnicastAddress                text15       0185B
__end_of_MiApp_UnicastConnection             text15       01847
__end_of_MiMAC_DiscardPacket                 text20       017D4
__end_of_MiMAC_Init                          text25       007FB
__end_of_MiMAC_ReceivedPacket                text8        00F5B
__end_of_MiMAC_SendPacket                    text15       01EAB
__end_of_MiMAC_SetAltAddress                 text15       01F6E
__end_of_MiMAC_SetChannel                    text15       01B7B
__end_of_MiWi                                stringtext   0207E
__end_of_MiWi_TickGet                        text15       01AD1
__end_of_NVMInit                             text23       00714
__end_of_NVMRead                             text20       017BB
__end_of_NVMWrite                            text20       01793
__end_of_NVMalloc                            text23       00737
__end_of_P2PTasks                            text20       01731
__end_of_PHYGetLongRAMAddr                   text15       01F0C
__end_of_PHYGetShortRAMAddr                  text15       01F27
__end_of_PHYSetLongRAMAddr                   text15       01EDC
__end_of_PHYSetShortRAMAddr                  text15       01C9B
__end_of_Process_RxMessage                   text8        00FFB
__end_of_Run_Demo                            text15       01F70
__end_of_SPIGet                              text15       01F2D
__end_of_SPIPut                              text8        009DA
__end_of_SYSTEM_Initialize                   text15       01FAE
__end_of_SendPacket                          text15       01B33
__end_of_Total_Connections                   text44       006CC
__end_of_UserInterruptHandler                text88       007FC
__end_of___bmul                              text20       01755
__end_of___lbdiv                             text15       019B6
__end_of___lbmod                             text8        00A27
__end_of___lmul                              text20       01405
__end_of___lwdiv                             text61       004F0
__end_of___lwmod                             text64       027DF
__end_of___wmul                              text8        00F70
__end_of__initialization                     text15       018CD
__end_of_dpowers                             stringtext   020D6
__end_of_freezer_feature                     text15       02000
__end_of_hexpowers                           stringtext   020DE
__end_of_high_isr                            intentry     0010F
__end_of_isSameAddress                       text20       017ED
__end_of_isdigit                             text61       004FE
__end_of_main                                text15       018E3
__end_of_memset                              text71       02774
__end_of_octpowers                           stringtext   020CC
__end_of_run_p2p_demo                        text8        0095B
__end_of_sprintf                             text61       004CB
__end_ofi1_PHYGetLongRAMAddr                 text84       0078D
__end_ofi1_PHYGetShortRAMAddr                text84       0074D
__end_ofi1_PHYSetShortRAMAddr                text84       00762
__end_ofi1_SPIGet                            text84       007A1
__end_ofi1_SPIPut                            text84       0079C
__end_ofi1___wmul                            text82       02789
__initialization                             text15       01877
__pbssBANK0                                  bssBANK0     0005E
__pbssBANK1                                  bssBANK1     000C7
__pbssBANK2                                  bssBANK2     00120
__pbssBANK3                                  bssBANK3     001A0
__pbssBANK4                                  bssBANK4     00220
__pbssBIGRAM                                 (abs)        02366
__pbssCOMMON                                 bssCOMMON    0007C
__pcstackBANK0                               cstackBANK0  00020
__pcstackBANK1                               cstackBANK1  000A0
__pcstackBANK2                               cstackBANK2  00154
__pcstackCOMMON                              cstackCOMMON 00070
__pdataBANK0                                 dataBANK0    00066
__pdataBANK1                                 dataBANK1    000E9
__pdataBANK2                                 dataBANK2    0013C
__pidataBANK0                                idataBANK0   00000
__pidataBANK1                                idataBANK1   00000
__pidataBANK2                                idataBANK2   01802
__pintentry                                  intentry     00004
__pmaintext                                  text15       018D0
__pstringtext                                stringtext   02000
__pswtext1                                   swtext1      007A1
__pswtext2                                   swtext2      00500
__ptext1                                     text15       01FAE
__ptext10                                    text8        00FD5
__ptext11                                    text11       027DF
__ptext12                                    text20       011D2
__ptext13                                    text15       0182B
__ptext14                                    text15       01847
__ptext15                                    text15       0181A
__ptext16                                    text16       02751
__ptext17                                    text8        00F70
__ptext18                                    text15       018EE
__ptext19                                    text15       01F2D
__ptext2                                     text15       01F70
__ptext20                                    text20       01007
__ptext21                                    text20       01793
__ptext22                                    text20       017F8
__ptext23                                    text23       006CC
__ptext24                                    text23       00714
__ptext25                                    text25       007CF
__ptext26                                    text15       01B3C
__ptext27                                    text20       017ED
__ptext28                                    text15       0185B
__ptext29                                    text15       019ED
__ptext3                                     text20       01154
__ptext30                                    text15       01B33
__ptext31                                    text20       01431
__ptext32                                    text15       01AD1
__ptext33                                    text15       01C9B
__ptext34                                    text15       01AA5
__ptext35                                    text15       01F4A
__ptext36                                    text15       01B7B
__ptext37                                    text15       01F0C
__ptext38                                    text15       01EDC
__ptext39                                    text15       01F27
__ptext4                                     text20       017FA
__ptext40                                    text15       01B5A
__ptext41                                    text15       01C82
__ptext42                                    text15       01EAB
__ptext43                                    text8        00A27
__ptext44                                    text44       005F2
__ptext45                                    text20       017D4
__ptext46                                    text44       006B6
__ptext47                                    text8        00FFC
__ptext48                                    text20       017BB
__ptext49                                    text15       019C7
__ptext5                                     text5        027A4
__ptext50                                    text20       01755
__ptext51                                    text20       01248
__ptext52                                    text20       01355
__ptext53                                    text8        00FFB
__ptext54                                    text15       019B6
__ptext55                                    text15       0192F
__ptext56                                    text15       01969
__ptext57                                    text8        00A0E
__ptext58                                    text15       0199E
__ptext59                                    text20       01194
__ptext6                                     text6        02789
__ptext60                                    text20       0137A
__ptext61                                    text61       00111
__ptext62                                    text61       004F0
__ptext63                                    text8        00F5B
__ptext64                                    text64       027BF
__ptext65                                    text61       004CB
__ptext66                                    text20       01731
__ptext67                                    text8        0095B
__ptext68                                    text8        009DA
__ptext69                                    text8        00993
__ptext7                                     text15       01F6E
__ptext70                                    text20       01405
__ptext71                                    text71       02761
__ptext72                                    text20       01414
__ptext73                                    text8        009F5
__ptext74                                    text8        009AF
__ptext75                                    text8        009C9
__ptext76                                    text20       0139D
__ptext77                                    text20       013E0
__ptext78                                    text20       01341
__ptext79                                    text20       01370
__ptext8                                     text8        00803
__ptext80                                    text15       018E3
__ptext82                                    text82       02774
__ptext83                                    text84       0074D
__ptext84                                    text84       00737
__ptext85                                    text84       00762
__ptext86                                    text84       0079C
__ptext87                                    text84       0078D
__ptext88                                    text88       007FB
__ptext9                                     text8        00FDC
__size_of_AddConnection                      (abs)        00000
__size_of_ButtonPressed                      (abs)        00000
__size_of_CONSOLE_Initialize                 (abs)        00000
__size_of_CONSOLE_PrintDec                   (abs)        00000
__size_of_CONSOLE_PrintHex                   (abs)        00000
__size_of_CONSOLE_Put                        (abs)        00000
__size_of_CONSOLE_PutString                  (abs)        00000
__size_of_DELAY_ms                           (abs)        00000
__size_of_DemoOutput_Channel                 (abs)        00000
__size_of_DemoOutput_ChannelError            (abs)        00000
__size_of_DemoOutput_Greeting                (abs)        00000
__size_of_DemoOutput_HandleMessage           (abs)        00000
__size_of_DemoOutput_Instruction             (abs)        00000
__size_of_DemoOutput_UnicastFail             (abs)        00000
__size_of_DemoOutput_UpdateTxRx              (abs)        00000
__size_of_DumpConnection                     (abs)        00000
__size_of_EEPROM_Read                        (abs)        00000
__size_of_InitMRF24J40                       (abs)        00000
__size_of_InitSymbolTimer                    (abs)        00000
__size_of_Initialize_Demo                    (abs)        00000
__size_of_LCDDisplay                         (abs)        00000
__size_of_LCDInitPortA                       (abs)        00000
__size_of_LCDInitPortB                       (abs)        00000
__size_of_LCDInitSPI                         (abs)        00000
__size_of_LCDInitWrite                       (abs)        00000
__size_of_LCDTRXCount                        (abs)        00000
__size_of_LCDWritePortA                      (abs)        00000
__size_of_LCDWritePortB                      (abs)        00000
__size_of_LCD_Erase                          (abs)        00000
__size_of_LCD_Initialize                     (abs)        00000
__size_of_LCD_Update                         (abs)        00000
__size_of_LCD_d_write                        (abs)        00000
__size_of_LCD_i_write                        (abs)        00000
__size_of_MacroNop                           (abs)        00000
__size_of_MiApp_BroadcastPacket              (abs)        00000
__size_of_MiApp_ConnectionMode               (abs)        00000
__size_of_MiApp_DiscardMessage               (abs)        00000
__size_of_MiApp_EstablishConnection          (abs)        00000
__size_of_MiApp_MessageAvailable             (abs)        00000
__size_of_MiApp_ProtocolInit                 (abs)        00000
__size_of_MiApp_SetChannel                   (abs)        00000
__size_of_MiApp_StartConnection              (abs)        00000
__size_of_MiApp_UnicastAddress               (abs)        00000
__size_of_MiApp_UnicastConnection            (abs)        00000
__size_of_MiMAC_DiscardPacket                (abs)        00000
__size_of_MiMAC_Init                         (abs)        00000
__size_of_MiMAC_ReceivedPacket               (abs)        00000
__size_of_MiMAC_SendPacket                   (abs)        00000
__size_of_MiMAC_SetAltAddress                (abs)        00000
__size_of_MiMAC_SetChannel                   (abs)        00000
__size_of_MiWi_TickGet                       (abs)        00000
__size_of_NVMInit                            (abs)        00000
__size_of_NVMRead                            (abs)        00000
__size_of_NVMWrite                           (abs)        00000
__size_of_NVMalloc                           (abs)        00000
__size_of_P2PTasks                           (abs)        00000
__size_of_PHYGetLongRAMAddr                  (abs)        00000
__size_of_PHYGetShortRAMAddr                 (abs)        00000
__size_of_PHYSetLongRAMAddr                  (abs)        00000
__size_of_PHYSetShortRAMAddr                 (abs)        00000
__size_of_Process_RxMessage                  (abs)        00000
__size_of_Run_Demo                           (abs)        00000
__size_of_SPIGet                             (abs)        00000
__size_of_SPIPut                             (abs)        00000
__size_of_SYSTEM_Initialize                  (abs)        00000
__size_of_SendPacket                         (abs)        00000
__size_of_Total_Connections                  (abs)        00000
__size_of_UserInterruptHandler               (abs)        00000
__size_of___bmul                             (abs)        00000
__size_of___lbdiv                            (abs)        00000
__size_of___lbmod                            (abs)        00000
__size_of___lmul                             (abs)        00000
__size_of___lwdiv                            (abs)        00000
__size_of___lwmod                            (abs)        00000
__size_of___wmul                             (abs)        00000
__size_of_freezer_feature                    (abs)        00000
__size_of_high_isr                           (abs)        00000
__size_of_isSameAddress                      (abs)        00000
__size_of_isdigit                            (abs)        00000
__size_of_main                               (abs)        00000
__size_of_memset                             (abs)        00000
__size_of_run_p2p_demo                       (abs)        00000
__size_of_sprintf                            (abs)        00000
__size_ofi1_PHYGetLongRAMAddr                (abs)        00000
__size_ofi1_PHYGetShortRAMAddr               (abs)        00000
__size_ofi1_PHYSetShortRAMAddr               (abs)        00000
__size_ofi1_SPIGet                           (abs)        00000
__size_ofi1_SPIPut                           (abs)        00000
__size_ofi1___wmul                           (abs)        00000
_chk_sel_status                              dataBANK1    000EA
_conn_size                                   bssBANK0     00065
_currentChannel                              bssBANK1     000E8
_dpowers                                     stringtext   020CC
_failureCounter                              bssBANK2     00134
_freezer_feature                             text15       01FAE
_hexpowers                                   stringtext   020D6
_high_isr                                    intentry     00004
_i                                           bssBANK1     000DE
_isSameAddress                               text20       017D4
_isdigit                                     text61       004F0
_isdigit$2640                                cstackBANK0  00029
_main                                        text15       018D0
_memset                                      text71       02761
_myLongAddress                               dataBANK2    0014C
_myNetworkAddress                            bssBANK0     00061
_myPANID                                     bssBANK1     000E0
_nextEEPosition                              bssBANK2     00136
_nvmConnMode                                 bssBANK1     000E2
_nvmConnectionTable                          bssBANK0     00063
_nvmCurrentChannel                           bssBANK1     000E4
_nvmDelayTick                                bssBANK2     0012E
_nvmEdc                                      bssBANK2     00138
_nvmMyPANID                                  bssBANK1     000E6
_nvmOutFrameCounter                          bssBANK2     0013A
_octpowers                                   stringtext   020C0
_run_p2p_demo                                text8        00803
_run_p2p_demo$2996                           cstackBANK2  00154
_run_p2p_demo$2997                           cstackBANK2  00156
_run_p2p_demo$2998                           cstackBANK2  00158
_rxMessage                                   bssBANK2     00120
_sprintf                                     text61       00111
_sprintf$2447                                cstackBANK0  00043
_sprintf$2448                                cstackBANK0  00045
_sprintf$2454                                cstackBANK0  00047
_temp_bit                                    bssBANK1     000DF
_timerExtension1                             bssCOMMON    0007C
_timerExtension2                             bssCOMMON    0007D
btemp                                        (abs)        0007E
clear_ram0                                   clrtext      02739
end_of_initialization                        text15       018CD
freezer_feature@switch_val                   cstackBANK1  000AC
freezer_feature@tick1                        cstackBANK1  000A4
freezer_feature@tick2                        cstackBANK1  000A8
high_isr@RxBank                              cstackCOMMON 0007A
high_isr@flags                               cstackCOMMON 00078
high_isr@i                                   cstackCOMMON 0007B
high_isr@results                             cstackCOMMON 00077
i1PHYGetLongRAMAddr@address                  cstackCOMMON 00071
i1PHYGetLongRAMAddr@tmpRFIE                  cstackCOMMON 00076
i1PHYGetLongRAMAddr@toReturn                 cstackCOMMON 00075
i1PHYGetShortRAMAddr@address                 cstackCOMMON 00071
i1PHYGetShortRAMAddr@tmpRFIE                 cstackCOMMON 00073
i1PHYGetShortRAMAddr@toReturn                cstackCOMMON 00072
i1PHYSetShortRAMAddr@address                 cstackCOMMON 00072
i1PHYSetShortRAMAddr@tmpRFIE                 cstackCOMMON 00073
i1PHYSetShortRAMAddr@value                   cstackCOMMON 00071
i1SPIPut@v                                   cstackCOMMON 00070
i1_PHYGetLongRAMAddr                         text84       00762
i1_PHYGetShortRAMAddr                        text84       00737
i1_PHYSetShortRAMAddr                        text84       0074D
i1_SPIGet                                    text84       0079C
i1_SPIPut                                    text84       0078D
i1___wmul                                    text82       02774
i1___wmul@multiplicand                       cstackCOMMON 00072
i1___wmul@multiplier                         cstackCOMMON 00070
i1___wmul@product                            cstackCOMMON 00074
init_ram                                     inittext     02745
int$flags                                    (abs)        0007E
intlevel0                                    functab      00000
intlevel1                                    functab      00000
intlevel2                                    functab      00000
intlevel3                                    functab      00000
intlevel4                                    functab      00000
intlevel5                                    functab      00000
isSameAddress@Address1                       cstackBANK0  0002C
isSameAddress@Address2                       cstackBANK0  0002E
isSameAddress@i                              cstackBANK0  00032
isdigit@c                                    cstackBANK0  0002A
ltemp                                        (abs)        0007E
ltemp0                                       (abs)        0007E
ltemp1                                       (abs)        00082
ltemp2                                       (abs)        00086
ltemp3                                       (abs)        00080
[...]
      Totals:         0       0       0       0       0       0       0       0       0       0       0       0       0       0
Total ram usage:        0 bytes
 Hardware stack levels used:    1
 Hardware stack levels required when called:    4
 This function calls:
		Nothing
 This function is called by:
		_main
 This function uses a non-reentrant model


 *************** function _high_isr *****************
 Defined at:
		line 1852 in file "../../../../../../framework/driver/mrf_miwi/src/drv_mrf_miwi_24j40.c"
 Parameters:    Size  Location     Type
		None
 Auto vars:     Size  Location     Type
  results         1    7[COMMON] struct _DRIVER_UINT8_UNI
  RxBank          1   10[COMMON] unsigned char 
  flags           2    8[COMMON] struct .
  i               1   11[COMMON] unsigned char 
 Return value:  Size  Location     Type
                  1    wreg      void 
 Registers used:
		wreg, fsr1l, fsr1h, status,2, status,0, pclath, cstack
 Tracked objects:
		On entry : 
		On exit  : 
		Unchanged: 
 Data sizes:     COMMON   BANK0   BANK1   BANK2   BANK3   BANK4   BANK5   BANK6   BANK7   BANK8   BANK9  BANK10  BANK11  BANK12
      Params:         0       0       0       0       0       0       0       0       0       0       0       0       0       0
      Locals:         5       0       0       0       0       0       0       0       0       0       0       0       0       0
      Temps:          0       9       0       0       0       0       0       0       0       0       0       0       0       0
      Totals:         5       9       0       0       0       0       0       0       0       0       0       0       0       0
Total ram usage:       14 bytes
 Hardware stack levels used:    1
 Hardware stack levels required when called:    3
 This function calls:
		_UserInterruptHandler
		i1_PHYGetLongRAMAddr
		i1_PHYGetShortRAMAddr
		i1_PHYSetShortRAMAddr
		i1___wmul
 This function is called by:
		Interrupt level 1
 This function uses a non-reentrant model


 *************** function i1___wmul *****************
 Defined at:
		line 15 in file "C:\Program Files (x86)\Microchip\xc8\v1.38\sources\common\Umul16.c"
 Parameters:    Size  Location     Type
  multiplier      2    0[COMMON] unsigned int 
  multiplicand    2    2[COMMON] unsigned int 
 Auto vars:     Size  Location     Type
  __wmul          2    4[COMMON] unsigned int 
 Return value:  Size  Location     Type
                  2    0[COMMON] unsigned int 
 Registers used:
		wreg, status,2, status,0
 Tracked objects:
		On entry : 
		On exit  : 
		Unchanged: 
 Data sizes:     COMMON   BANK0   BANK1   BANK2   BANK3   BANK4   BANK5   BANK6   BANK7   BANK8   BANK9  BANK10  BANK11  BANK12
      Params:         4       0       0       0       0       0       0       0       0       0       0       0       0       0
      Locals:         2       0       0       0       0       0       0       0       0       0       0       0       0       0
      Temps:          0       0       0       0       0       0       0       0       0       0       0       0       0       0
      Totals:         6       0       0       0       0       0       0       0       0       0       0       0       0       0
Total ram usage:        6 bytes
 Hardware stack levels used:    1
 This function calls:
		Nothing
 This function is called by:
		_high_isr
 This function uses a non-reentrant model


 *************** function i1_PHYSetShortRAMAddr *****************
 Defined at:
		line 124 in file "../../../../../../framework/driver/mrf_miwi/src/drv_mrf_miwi_24j40.c"
 Parameters:    Size  Location     Type
  address         1    wreg     unsigned char 
  value           1    1[COMMON] unsigned char 
 Auto vars:     Size  Location     Type
  address         1    2[COMMON] unsigned char 
  PHYSetShortR    1    3[COMMON] volatile unsigned char 
 Return value:  Size  Location     Type
                  1    wreg      void 
 Registers used:
		wreg, status,2, status,0, pclath, cstack
 Tracked objects:
		On entry : 
		On exit  : 
		Unchanged: 
 Data sizes:     COMMON   BANK0   BANK1   BANK2   BANK3   BANK4   BANK5   BANK6   BANK7   BANK8   BANK9  BANK10  BANK11  BANK12
      Params:         1       0       0       0       0       0       0       0       0       0       0       0       0       0
      Locals:         2       0       0       0       0       0       0       0       0       0       0       0       0       0
      Temps:          0       0       0       0       0       0       0       0       0       0       0       0       0       0
      Totals:         3       0       0       0       0       0       0       0       0       0       0       0       0       0
Total ram usage:        3 bytes
 Hardware stack levels used:    1
 Hardware stack levels required when called:    1
 This function calls:
		i1_SPIPut
 This function is called by:
		_high_isr
 This function uses a non-reentrant model


 *************** function i1_PHYGetShortRAMAddr *****************
 Defined at:
		line 154 in file "../../../../../../framework/driver/mrf_miwi/src/drv_mrf_miwi_24j40.c"
 Parameters:    Size  Location     Type
  address         1    wreg     unsigned char 
 Auto vars:     Size  Location     Type
  address         1    1[COMMON] unsigned char 
  PHYGetShortR    1    3[COMMON] volatile unsigned char 
  PHYGetShortR    1    2[COMMON] unsigned char 
 Return value:  Size  Location     Type
                  1    wreg      unsigned char 
 Registers used:
		wreg, status,2, status,0, pclath, cstack
 Tracked objects:
		On entry : 
		On exit  : 
		Unchanged: 
 Data sizes:     COMMON   BANK0   BANK1   BANK2   BANK3   BANK4   BANK5   BANK6   BANK7   BANK8   BANK9  BANK10  BANK11  BANK12
      Params:         0       0       0       0       0       0       0       0       0       0       0       0       0       0
      Locals:         3       0       0       0       0       0       0       0       0       0       0       0       0       0
      Temps:          0       0       0       0       0       0       0       0       0       0       0       0       0       0
      Totals:         3       0       0       0       0       0       0       0       0       0       0       0       0       0
Total ram usage:        3 bytes
 Hardware stack levels used:    1
 Hardware stack levels required when called:    2
 This function calls:
		i1_SPIGet
		i1_SPIPut
 This function is called by:
		_high_isr
 This function uses a non-reentrant model


 *************** function i1_PHYGetLongRAMAddr *****************
 Defined at:
		line 185 in file "../../../../../../framework/driver/mrf_miwi/src/drv_mrf_miwi_24j40.c"
 Parameters:    Size  Location     Type
  address         2    1[COMMON] unsigned int 
 Auto vars:     Size  Location     Type
  PHYGetLongRA    1    6[COMMON] volatile unsigned char 
  PHYGetLongRA    1    5[COMMON] unsigned char 
 Return value:  Size  Location     Type
                  1    wreg      unsigned char 
 Registers used:
		wreg, status,2, status,0, pclath, cstack
 Tracked objects:
		On entry : 
		On exit  : 
		Unchanged: 
 Data sizes:     COMMON   BANK0   BANK1   BANK2   BANK3   BANK4   BANK5   BANK6   BANK7   BANK8   BANK9  BANK10  BANK11  BANK12
      Params:         2       0       0       0       0       0       0       0       0       0       0       0       0       0
      Locals:         2       0       0       0       0       0       0       0       0       0       0       0       0       0
      Temps:          2       0       0       0       0       0       0       0       0       0       0       0       0       0
      Totals:         6       0       0       0       0       0       0       0       0       0       0       0       0       0
Total ram usage:        6 bytes
 Hardware stack levels used:    1
 Hardware stack levels required when called:    2
 This function calls:
		i1_SPIGet
		i1_SPIPut
 This function is called by:
		_high_isr
 This function uses a non-reentrant model


 *************** function i1_SPIGet *****************
 Defined at:
		line 94 in file "../src/system_config/pic18exp_pic16f1947_24j40/spi.c"
 Parameters:    Size  Location     Type
		None
 Auto vars:     Size  Location     Type
		None
 Return value:  Size  Location     Type
                  1    wreg      unsigned char 
 Registers used:
		wreg, status,2, status,0, pclath, cstack
 Tracked objects:
		On entry : 
		On exit  : 
		Unchanged: 
 Data sizes:     COMMON   BANK0   BANK1   BANK2   BANK3   BANK4   BANK5   BANK6   BANK7   BANK8   BANK9  BANK10  BANK11  BANK12
      Params:         0       0       0       0       0       0       0       0       0       0       0       0       0       0
      Locals:         0       0       0       0       0       0       0       0       0       0       0       0       0       0
      Temps:          0       0       0       0       0       0       0       0       0       0       0       0       0       0
      Totals:         0       0       0       0       0       0       0       0       0       0       0       0       0       0
Total ram usage:        0 bytes
 Hardware stack levels used:    1
 Hardware stack levels required when called:    1
 This function calls:
		i1_SPIPut
 This function is called by:
		i1_PHYGetShortRAMAddr
		i1_PHYGetLongRAMAddr
 This function uses a non-reentrant model


 *************** function i1_SPIPut *****************
 Defined at:
		line 45 in file "../src/system_config/pic18exp_pic16f1947_24j40/spi.c"
 Parameters:    Size  Location     Type
  v               1    wreg     unsigned char 
 Auto vars:     Size  Location     Type
  v               1    0[COMMON] unsigned char 
  SPIPut          1    0        unsigned char 
 Return value:  Size  Location     Type
                  1    wreg      void 
 Registers used:
		wreg
 Tracked objects:
		On entry : 
		On exit  : 
		Unchanged: 
 Data sizes:     COMMON   BANK0   BANK1   BANK2   BANK3   BANK4   BANK5   BANK6   BANK7   BANK8   BANK9  BANK10  BANK11  BANK12
      Params:         0       0       0       0       0       0       0       0       0       0       0       0       0       0
      Locals:         1       0       0       0       0       0       0       0       0       0       0       0       0       0
      Temps:          0       0       0       0       0       0       0       0       0       0       0       0       0       0
      Totals:         1       0       0       0       0       0       0       0       0       0       0       0       0       0
Total ram usage:        1 bytes
 Hardware stack levels used:    1
 This function calls:
		Nothing
 This function is called by:
		i1_PHYSetShortRAMAddr
		i1_PHYGetShortRAMAddr
		i1_PHYGetLongRAMAddr
		i1_SPIGet
 This function uses a non-reentrant model


 *************** function _UserInterruptHandler *****************
 Defined at:
		line 235 in file "../src/system_config/pic18exp_pic16f1947_24j40/system.c"
 Parameters:    Size  Location     Type
		None
 Auto vars:     Size  Location     Type
		None
 Return value:  Size  Location     Type
                  1    wreg      void 
 Registers used:
		None
 Tracked objects:
		On entry : 
		On exit  : 
		Unchanged: 
 Data sizes:     COMMON   BANK0   BANK1   BANK2   BANK3   BANK4   BANK5   BANK6   BANK7   BANK8   BANK9  BANK10  BANK11  BANK12
      Params:         0       0       0       0       0       0       0       0       0       0       0       0       0       0
      Locals:         0       0       0       0       0       0       0       0       0       0       0       0       0       0
      Temps:          0       0       0       0       0       0       0       0       0       0       0       0       0       0
      Totals:         0       0       0       0       0       0       0       0       0       0       0       0       0       0
Total ram usage:        0 bytes
 Hardware stack levels used:    1
 This function calls:
		Nothing
 This function is called by:
		_high_isr
 This function uses a non-reentrant model



MODULE INFORMATION

Module		Function		Class		Link	Load	Size
../src/system_config/pic18exp_pic16f1947_24j40/eeprom.c
		_EEPROM_Read   		CODE           	185B	0000	29

../src/system_config/pic18exp_pic16f1947_24j40/eeprom.c estimated size: 29

../src/system_config/pic18exp_pic16f1947_24j40/symbol.c
		_InitSymbolTimer		CODE           	17ED	0000	12
		_MiWi_TickGet  		CODE           	1AA5	0000	45

../src/system_config/pic18exp_pic16f1947_24j40/symbol.c estimated size: 57

../../../../../../framework/driver/mrf_miwi/src/drv_mrf_miwi_24j40.c
		_PHYGetLongRAMAddr		CODE           	1EDC	0000	49
		_PHYSetLongRAMAddr		CODE           	1EAB	0000	50
		_PHYGetShortRAMAddr		CODE           	1F0C	0000	28
		_PHYSetShortRAMAddr		CODE           	1C82	0000	26
		_InitMRF24J40  		CODE           	1B7B	0000	264
		_MiMAC_ReceivedPacket		CODE           	0A27	0000	1333
		_MiMAC_DiscardPacket		CODE           	17BB	0000	26
		_high_isr      		CODE           	0004	0000	268
		_MiMAC_SetChannel		CODE           	1B5A	0000	34
		_MiMAC_Init    		CODE           	07CF	0000	45
		_MiMAC_SendPacket		CODE           	1C9B	0000	529
		_MiMAC_SetAltAddress		CODE           	1F4A	0000	37

../../../../../../framework/driver/mrf_miwi/src/drv_mrf_miwi_24j40.c estimated size: 2689

C:\Program Files (x86)\Microchip\xc8\v1.38\sources\common\lwmod.c
		___lwmod       		CODE           	27BF	0000	33

C:\Program Files (x86)\Microchip\xc8\v1.38\sources\common\lwmod.c estimated size: 33

../src/task.c
		_Initialize_Demo		CODE           	18EE	0000	66
		_freezer_feature		CODE           	1FAE	0000	83
		_Run_Demo      		CODE           	1F6E	0000	3

../src/task.c estimated size: 152

C:\Program Files (x86)\Microchip\xc8\v1.38\sources\common\Umul16.c
		___wmul        		CODE           	0F5B	0000	22

C:\Program Files (x86)\Microchip\xc8\v1.38\sources\common\Umul16.c estimated size: 22

../../../../../../framework/miwi/src/miwi_nvm.c
		_NVMWrite      		CODE           	1755	0000	63
		_NVMInit       		CODE           	06CC	0000	73
		_NVMalloc      		CODE           	0714	0000	36
		_NVMRead       		CODE           	1793	0000	41

../../../../../../framework/miwi/src/miwi_nvm.c estimated size: 213

../src/system_config/pic18exp_pic16f1947_24j40/spi.c
		_SPIGet        		CODE           	1F27	0000	7
		_SPIPut        		CODE           	09C9	0000	18

../src/system_config/pic18exp_pic16f1947_24j40/spi.c estimated size: 25

../src/p2p_demo.c
		_run_p2p_demo  		CODE           	0803	0000	345
		_Process_RxMessage		CODE           	0FDC	0000	32

../src/p2p_demo.c estimated size: 377

../src/system_config/pic18exp_pic16f1947_24j40/delay.c
		_DELAY_ms      		CODE           	139D	0000	68

../src/system_config/pic18exp_pic16f1947_24j40/delay.c estimated size: 68

../../../../../../framework/miwi/src/miwi_p2p.c
		_MiApp_EstablishConnection		CODE           	19ED	0000	185
		_MiApp_ProtocolInit		CODE           	1007	0000	334
		_MiApp_UnicastAddress		CODE           	1847	0000	21
		_MiApp_StartConnection		CODE           	1F2D	0000	30
		_DumpConnection		CODE           	1248	0000	250
		_MacroNop      		CODE           	17F8	0000	3
		_MiApp_BroadcastPacket		CODE           	181A	0000	18
		_Total_Connections		CODE           	06B6	0000	23
		_P2PTasks      		CODE           	1431	0000	769
		_MiApp_UnicastConnection		CODE           	182B	0000	29
		_SendPacket    		CODE           	1AD1	0000	99
		_AddConnection 		CODE           	05F2	0000	197
		_MiApp_SetChannel		CODE           	1B3C	0000	31
		_MiApp_DiscardMessage		CODE           	0FFC	0000	5
		_MiApp_MessageAvailable		CODE           	1B33	0000	10
		_isSameAddress 		CODE           	17D4	0000	26
		_MiApp_ConnectionMode		CODE           	19C7	0000	39

../../../../../../framework/miwi/src/miwi_p2p.c estimated size: 2069

../src/system_config/pic18exp_pic16f1947_24j40/console.c
		_CONSOLE_Put   		CODE           	1370	0000	11
		_CONSOLE_PrintDec		CODE           	1969	0000	54
		_CONSOLE_PrintHex		CODE           	1355	0000	28
		_CONSOLE_PutString		CODE           	1341	0000	21
		_CONSOLE_Initialize		CODE           	18E3	0000	12

../src/system_config/pic18exp_pic16f1947_24j40/console.c estimated size: 126

C:\Program Files (x86)\Microchip\xc8\v1.38\sources\common\lwdiv.c
		___lwdiv       		CODE           	04CB	0000	38

C:\Program Files (x86)\Microchip\xc8\v1.38\sources\common\lwdiv.c estimated size: 38

C:\Program Files (x86)\Microchip\xc8\v1.38\sources\common\Umul32.c
		___lmul        		CODE           	13E0	0000	38

C:\Program Files (x86)\Microchip\xc8\v1.38\sources\common\Umul32.c estimated size: 38

../src/system_config/pic18exp_pic16f1947_24j40/system.c
		_UserInterruptHandler		CODE           	07FB	0000	2
		_SYSTEM_Initialize		CODE           	1F70	0000	63

../src/system_config/pic18exp_pic16f1947_24j40/system.c estimated size: 65

C:\Program Files (x86)\Microchip\xc8\v1.38\sources\common\lbmod.c
		___lbmod       		CODE           	0A0E	0000	26

C:\Program Files (x86)\Microchip\xc8\v1.38\sources\common\lbmod.c estimated size: 26

../src/system_config/pic18exp_pic16f1947_24j40/lcd.c
		_LCD_i_write   		CODE           	09DA	0000	28
		_LCD_d_write   		CODE           	0993	0000	29
		_LCD_Erase     		CODE           	1405	0000	16
		_LCD_Initialize		CODE           	1154	0000	65
		_LCD_Update    		CODE           	095B	0000	57
		_LCDWritePortA 		CODE           	09AF	0000	27
		_LCDWritePortB 		CODE           	09F5	0000	26
		_LCDInitSPI    		CODE           	17FA	0000	7
		_LCDInitPortA  		CODE           	2789	0000	28
		_LCDInitPortB  		CODE           	27A4	0000	28
		_LCDInitWrite  		CODE           	1414	0000	30
		_LCDDisplay    		CODE           	137A	0000	36
		_LCDTRXCount   		CODE           	27DF	0000	34

../src/system_config/pic18exp_pic16f1947_24j40/lcd.c estimated size: 411

C:\Program Files (x86)\Microchip\xc8\v1.38\sources\common\Umul8.c
		___bmul        		CODE           	1731	0000	37

C:\Program Files (x86)\Microchip\xc8\v1.38\sources\common\Umul8.c estimated size: 37

shared
		_dpowers       		STRCODE        	20CC	0000	11
		_DE            		STRCODE        	207E	0000	67
		i1_PHYGetShortRAMAddr		CODE           	0737	0000	23
		i1___wmul      		CODE           	2774	0000	22
		i1_PHYGetLongRAMAddr		CODE           	0762	0000	44
		i1_PHYSetShortRAMAddr		CODE           	074D	0000	22
		__initialization		CODE           	1877	0000	87
		_octpowers     		STRCODE        	20C0	0000	13
		i1_SPIGet      		CODE           	079C	0000	6
		_hexpowers     		STRCODE        	20D6	0000	9
		i1_SPIPut      		CODE           	078D	0000	16
		_MiWi          		STRCODE        	2000	0000	127

shared estimated size: 447

C:\Program Files (x86)\Microchip\xc8\v1.38\sources\common\memset.c
		_memset        		CODE           	2761	0000	20

C:\Program Files (x86)\Microchip\xc8\v1.38\sources\common\memset.c estimated size: 20

C:\Program Files (x86)\Microchip\xc8\v1.38\sources\common\isdigit.c
		_isdigit       		CODE           	04F0	0000	15

C:\Program Files (x86)\Microchip\xc8\v1.38\sources\common\isdigit.c estimated size: 15

../src/demo_ouput.c
		_DemoOutput_UnicastFail		CODE           	2751	0000	17
		_ButtonPressed 		CODE           	0F70	0000	102
		_DemoOutput_ChannelError		CODE           	19B6	0000	18
		_DemoOutput_Instruction		CODE           	0FFB	0000	2
		_DemoOutput_Channel		CODE           	192F	0000	59
		_DemoOutput_UpdateTxRx		CODE           	0FD5	0000	8
		_DemoOutput_Greeting		CODE           	1194	0000	63
		_DemoOutput_HandleMessage		CODE           	11D2	0000	119

../src/demo_ouput.c estimated size: 388

../src/main.c
		_main          		CODE           	18D0	0000	20

../src/main.c estimated size: 20

C:\Program Files (x86)\Microchip\xc8\v1.38\sources\common\doprnt.c
		_sprintf       		CODE           	0111	0000	955

C:\Program Files (x86)\Microchip\xc8\v1.38\sources\common\doprnt.c estimated size: 955

C:\Program Files (x86)\Microchip\xc8\v1.38\sources\common\lbdiv.c
		___lbdiv       		CODE           	199E	0000	25

C:\Program Files (x86)\Microchip\xc8\v1.38\sources\common\lbdiv.c estimated size: 25

